Breakpoint 1 at 0x554dd2: file ../migration/savevm.c, line 2955.
[Thread debugging using libthread_db enabled]
Using host libthread_db library "/lib/x86_64-linux-gnu/libthread_db.so.1".
[New Thread 0x7fffd0deb700 (LWP 4301)]
[New Thread 0x7fffd04e9700 (LWP 4302)]
---> qemu thread create called <------This is the name of the name of the thread: call_rcu
Starting QEMU === -_-
Timestamp when starting QEMU: 1661446889894
reaching only here in main loop
reaching here in main loop
drive init called :: type: 1 
In drive new :: value : (null), block def type: 1 
file for new device : /root/kvm-samples/image/stretch_backup.qcow2 
blockdev init is called w/ file /root/kvm-samples/image/stretch_backup.qcow2
we have a file in blockdev init
bdrv_flags before calling blk_new_open : 0
** OPEN QCOW2 **
---> qemu thread create called <------This is the name of the name of the thread: worker
[New Thread 0x5f06a001f700 (LWP 4303)]
**DO OPEN has been called **
qcow2_read_extensions: start=112 end=512
attempting to read extended header in offset 112
ext.magic = 0x6803f857
attempting to read extended header in offset 504
ext.magic = 0x0
Drive_add :: file : (null), optstr : media=cdrom, BLK INTERFACE TYPE : 1
In drive new :: value : (null), block def type: 1 
file for new device : (null) 
blockdev init is called w/ file (null)
Drive_add :: file : (null), optstr : , BLK INTERFACE TYPE : 3
In drive new :: value : (null), block def type: 3 
file for new device : (null) 
blockdev init is called w/ file (null)
Drive_add :: file : (null), optstr : , BLK INTERFACE TYPE : 6
In drive new :: value : (null), block def type: 6 
file for new device : (null) 
blockdev init is called w/ file (null)
[DEBUG] KVM DEBUG : 0xc004aec6
[DEBUG] KVM CREATE VM : 0xae01
---> qemu thread create called <------This is the name of the name of the thread: CPU 0/KVM
[New Thread 0x5f06a0040700 (LWP 4306)]
[Debug]: function gdbserver_start called with device tcp::1234 
Before :: Event RFD : 0
Before :: Event WFD : 0
Event RFD : 24
Event WFD : 24
c[?7l[2J[0mSeaBIOS (version rel-1.14.0-0-g155821a1990b-prebuilt.qemu.org)


iPXE (http://ipxe.org) 00:03.0 CA00 PCI2.10 PnP PMM+3FF8F030+3FEEF030 CA00
Press Ctrl-B to configure iPXE (PCI 00:03.0)...                                                                               


Booting from ROM...
c[?7l[2JWrong EFI loader signature.
early console in extract_kernel
input_data: 0x0000000002aa040d
input_len: 0x0000000000a34a6c
output: 0x0000000001000000
output_len: 0x000000000248f9f8
kernel_total_size: 0x0000000002228000
needed_size: 0x0000000002600000
trampoline_32bit: 0x000000000009d000

Decompressing Linux... Parsing ELF... done.
Booting the kernel.
[    0.000000] Linux version 5.14.0-rc7-mm1+ (root@syzkaller) (gcc (Debian 6.3.0-18+deb9u1) 6.3.0 20170516, GNU ld (GNU Binutils for Debian) 2.28) #40 SMP Tue Aug 23 18:41:21 UTC 2022
[    0.000000] Command line: console=ttyS0 root=/dev/sda earlyprintk=serial net.ifnames=0
[    0.000000] x86/fpu: Supporting XSAVE feature 0x001: 'x87 floating point registers'
[    0.000000] x86/fpu: Supporting XSAVE feature 0x002: 'SSE registers'
[    0.000000] x86/fpu: Supporting XSAVE feature 0x004: 'AVX registers'
[    0.000000] x86/fpu: Supporting XSAVE feature 0x008: 'MPX bounds registers'
[    0.000000] x86/fpu: Supporting XSAVE feature 0x010: 'MPX CSR'
[    0.000000] x86/fpu: xstate_offset[2]:  576, xstate_sizes[2]:  256
[    0.000000] x86/fpu: xstate_offset[3]:  832, xstate_sizes[3]:   64
[    0.000000] x86/fpu: xstate_offset[4]:  896, xstate_sizes[4]:   64
[    0.000000] x86/fpu: Enabled xstate features 0x1f, context size is 960 bytes, using 'compacted' format.
[    0.000000] signal: max sigframe size: 2032
[    0.000000] BIOS-provided physical RAM map:
[    0.000000] BIOS-e820: [mem 0x0000000000000000-0x000000000009fbff] usable
[    0.000000] BIOS-e820: [mem 0x000000000009fc00-0x000000000009ffff] reserved
[    0.000000] BIOS-e820: [mem 0x00000000000f0000-0x00000000000fffff] reserved
[    0.000000] BIOS-e820: [mem 0x0000000000100000-0x000000003ffdffff] usable
[    0.000000] BIOS-e820: [mem 0x000000003ffe0000-0x000000003fffffff] reserved
[    0.000000] BIOS-e820: [mem 0x00000000feffc000-0x00000000feffffff] reserved
[    0.000000] BIOS-e820: [mem 0x00000000fffc0000-0x00000000ffffffff] reserved
[    0.000000] printk: bootconsole [earlyser0] enabled
[    0.000000] NX (Execute Disable) protection: active
[    0.000000] SMBIOS 2.8 present.
[    0.000000] DMI: QEMU Standard PC (i440FX + PIIX, 1996), BIOS rel-1.14.0-0-g155821a1990b-prebuilt.qemu.org 04/01/2014
[    0.000000] Hypervisor detected: KVM
[    0.000000] kvm-clock: Using msrs 4b564d01 and 4b564d00
[    0.000000] kvm-clock: cpu 0, msr 30ac001, primary cpu clock
[    0.000006] kvm-clock: using sched offset of 1025232502 cycles
[    0.007033] clocksource: kvm-clock: mask: 0xffffffffffffffff max_cycles: 0x1cd42e4dffb, max_idle_ns: 881590591483 ns
[    0.027521] tsc: Detected 3000.006 MHz processor
[    0.034950] last_pfn = 0x3ffe0 max_arch_pfn = 0x400000000
[    0.042291] x86/PAT: Configuration [0-7]: WB  WC  UC- UC  WB  WP  UC- WT  
[    0.056167] found SMP MP-table at [mem 0x000f5ab0-0x000f5abf]
[    0.071003] Using GB pages for direct mapping
[    0.074847] ACPI: Early table checksum verification disabled
[    0.078202] ACPI: RSDP 0x00000000000F58D0 000014 (v00 BOCHS )
[    0.081448] ACPI: RSDT 0x000000003FFE1550 000034 (v01 BOCHS  BXPCRSDT 00000001 BXPC 00000001)
[    0.086046] ACPI: FACP 0x000000003FFE1404 000074 (v01 BOCHS  BXPCFACP 00000001 BXPC 00000001)
[    0.090554] ACPI: DSDT 0x000000003FFE0040 0013C4 (v01 BOCHS  BXPCDSDT 00000001 BXPC 00000001)
[    0.095305] ACPI: FACS 0x000000003FFE0000 000040
[    0.098053] ACPI: APIC 0x000000003FFE1478 000078 (v01 BOCHS  BXPCAPIC 00000001 BXPC 00000001)
[    0.102909] ACPI: HPET 0x000000003FFE14F0 000038 (v01 BOCHS  BXPCHPET 00000001 BXPC 00000001)
[    0.107556] ACPI: WAET 0x000000003FFE1528 000028 (v01 BOCHS  BXPCWAET 00000001 BXPC 00000001)
[    0.112273] ACPI: Reserving FACP table memory at [mem 0x3ffe1404-0x3ffe1477]
[    0.116180] ACPI: Reserving DSDT table memory at [mem 0x3ffe0040-0x3ffe1403]
[    0.120082] ACPI: Reserving FACS table memory at [mem 0x3ffe0000-0x3ffe003f]
[    0.123973] ACPI: Reserving APIC table memory at [mem 0x3ffe1478-0x3ffe14ef]
[    0.127904] ACPI: Reserving HPET table memory at [mem 0x3ffe14f0-0x3ffe1527]
[    0.131819] ACPI: Reserving WAET table memory at [mem 0x3ffe1528-0x3ffe154f]
[    0.138012] No NUMA configuration found
[    0.140084] Faking a node at [mem 0x0000000000000000-0x000000003ffdffff]
[    0.143835] NODE_DATA(0) allocated [mem 0x3ffdc000-0x3ffdffff]
[    0.147538] Zone ranges:
[    0.149094]   DMA      [mem 0x0000000000001000-0x0000000000ffffff]
[    0.152572]   DMA32    [mem 0x0000000001000000-0x000000003ffdffff]
[    0.155849]   Normal   empty
[    0.157402] Movable zone start for each node
[    0.159834] Early memory node ranges
[    0.161811]   node   0: [mem 0x0000000000001000-0x000000000009efff]
[    0.165280]   node   0: [mem 0x0000000000100000-0x000000003ffdffff]
[    0.168816] Initmem setup node 0 [mem 0x0000000000001000-0x000000003ffdffff]
[    0.172873] On node 0, zone DMA: 1 pages in unavailable ranges
[    0.173952] On node 0, zone DMA: 97 pages in unavailable ranges
[    0.291652] On node 0, zone DMA32: 32 pages in unavailable ranges
[    0.296926] ACPI: PM-Timer IO Port: 0x608
[    0.302718] ACPI: LAPIC_NMI (acpi_id[0xff] dfl dfl lint[0x1])
[    0.306138] IOAPIC[0]: apic_id 0, version 17, address 0xfec00000, GSI 0-23
[    0.310036] ACPI: INT_SRC_OVR (bus 0 bus_irq 0 global_irq 2 dfl dfl)
[    0.313581] ACPI: INT_SRC_OVR (bus 0 bus_irq 5 global_irq 5 high level)
[    0.317252] ACPI: INT_SRC_OVR (bus 0 bus_irq 9 global_irq 9 high level)
[    0.321029] ACPI: INT_SRC_OVR (bus 0 bus_irq 10 global_irq 10 high level)
[    0.324787] ACPI: INT_SRC_OVR (bus 0 bus_irq 11 global_irq 11 high level)
[    0.328720] ACPI: Using ACPI (MADT) for SMP configuration information
[    0.332393] ACPI: HPET id: 0x8086a201 base: 0xfed00000
[    0.335373] TSC deadline timer available
[    0.337632] smpboot: Allowing 1 CPUs, 0 hotplug CPUs
[    0.341050] kvm-guest: KVM setup pv remote TLB flush
[    0.343972] kvm-guest: setup PV sched yield
[    0.346708] PM: hibernation: Registered nosave memory: [mem 0x00000000-0x00000fff]
[    0.351019] PM: hibernation: Registered nosave memory: [mem 0x0009f000-0x0009ffff]
[    0.355232] PM: hibernation: Registered nosave memory: [mem 0x000a0000-0x000effff]
[    0.359522] PM: hibernation: Registered nosave memory: [mem 0x000f0000-0x000fffff]
[    0.363753] [mem 0x40000000-0xfeffbfff] available for PCI devices
[    0.367186] Booting paravirtualized kernel on KVM
[    0.369986] clocksource: refined-jiffies: mask: 0xffffffff max_cycles: 0xffffffff, max_idle_ns: 1910969940391419 ns
[    0.395562] setup_percpu: NR_CPUS:64 nr_cpumask_bits:64 nr_cpu_ids:1 nr_node_ids:1
[    0.415890] percpu: Embedded 48 pages/cpu s158744 r8192 d29672 u2097152
[    0.419802] kvm-guest: setup async PF for cpu 0
[    0.422378] kvm-guest: stealtime: cpu 0, msr 3ec17180
[    0.425293] Built 1 zonelists, mobility grouping on.  Total pages: 257760
[    0.429084] Policy zone: DMA32
[    0.430843] Kernel command line: console=ttyS0 root=/dev/sda earlyprintk=serial net.ifnames=0
[    0.443634] Dentry cache hash table entries: 131072 (order: 8, 1048576 bytes, linear)
[    0.452748] Inode-cache hash table entries: 65536 (order: 7, 524288 bytes, linear)
[    0.457281] mem auto-init: stack:off, heap alloc:off, heap free:off
[    0.463932] Memory: 994140K/1048056K available (16402K kernel code, 4018K rwdata, 3816K rodata, 1408K init, 1476K bss, 53660K reserved, 0K cma-reserved)
[    0.470530] SLUB: HWalign=64, Order=0-3, MinObjects=0, CPUs=1, Nodes=1
[    0.475996] rcu: Hierarchical RCU implementation.
[    0.478170] rcu: 	RCU event tracing is enabled.
[    0.480265] rcu: 	RCU restricting CPUs from NR_CPUS=64 to nr_cpu_ids=1.
[    0.483284] rcu: RCU calculated value of scheduler-enlistment delay is 100 jiffies.
[    0.486850] rcu: Adjusting geometry for rcu_fanout_leaf=16, nr_cpu_ids=1
[    0.500807] NR_IRQS: 4352, nr_irqs: 256, preallocated irqs: 16
[    0.504598] random: get_random_bytes called from start_kernel+0x4e1/0x6b5 with crng_init=0
[    0.528037] Console: colour VGA+ 80x25
[    0.534118] printk: console [ttyS0] enabled
[    0.534118] printk: console [ttyS0] enabled
[    0.538308] printk: bootconsole [earlyser0] disabled
[    0.538308] printk: bootconsole [earlyser0] disabled
[    0.543165] ACPI: Core revision 20210730
[    0.546043] clocksource: hpet: mask: 0xffffffff max_cycles: 0xffffffff, max_idle_ns: 19112604467 ns
[    0.551182] APIC: Switch to symmetric I/O mode setup
[    0.553598] kvm-guest: setup PV IPIs
[    0.559183] ..TIMER: vector=0x30 apic1=0 pin1=2 apic2=-1 pin2=-1
[    0.562089] clocksource: tsc-early: mask: 0xffffffffffffffff max_cycles: 0x2b3e4b16716, max_idle_ns: 440795256380 ns
[    0.567088] Calibrating delay loop (skipped) preset value.. 6000.01 BogoMIPS (lpj=3000006)
[    0.568037] pid_max: default: 32768 minimum: 301
[    0.569258] LSM: Security Framework initializing
[    0.571108] SELinux:  Initializing.
[    0.573649] Mount-cache hash table entries: 2048 (order: 2, 16384 bytes, linear)
[    0.574205] Mountpoint-cache hash table entries: 2048 (order: 2, 16384 bytes, linear)
[    0.585117] x86/cpu: User Mode Instruction Prevention (UMIP) activated
[    0.588094] Last level iTLB entries: 4KB 0, 2MB 0, 4MB 0
[    0.589036] Last level dTLB entries: 4KB 0, 2MB 0, 4MB 0, 1GB 0
[    0.590458] Spectre V1 : Mitigation: usercopy/swapgs barriers and __user pointer sanitization
[    0.591063] Spectre V2 : Mitigation: Enhanced IBRS
[    0.593035] Spectre V2 : Spectre v2 / SpectreRSB mitigation: Filling RSB on context switch
[    0.594079] Spectre V2 : mitigation: Enabling conditional Indirect Branch Prediction Barrier
[    0.595037] Speculative Store Bypass: Mitigation: Speculative Store Bypass disabled via prctl and seccomp
[    0.597035] SRBDS: Mitigation: TSX disabled
[    0.678571] Freeing SMP alternatives memory: 44K
[    0.681970] smpboot: CPU0: Intel(R) Core(TM) i7-9700 CPU @ 3.00GHz (family: 0x6, model: 0x9e, stepping: 0xd)
[    0.683369] Performance Events: Skylake events, Intel PMU driver.
[    0.684073] ... version:                2
[    0.685040] ... bit width:              48
[    0.686040] ... generic registers:      8
[    0.687040] ... value mask:             0000ffffffffffff
[    0.688041] ... max period:             000000007fffffff
[    0.689041] ... fixed-purpose events:   3
[    0.690040] ... event mask:             00000007000000ff
[    0.691955] rcu: Hierarchical SRCU implementation.
[    0.694041] dyndbg: Ignore empty _ddebug table in a CONFIG_DYNAMIC_DEBUG_CORE build
[    0.695960] smp: Bringing up secondary CPUs ...
[    0.696044] smp: Brought up 1 node, 1 CPU
[    0.697042] smpboot: Max logical packages: 1
[    0.698041] smpboot: Total of 1 processors activated (6000.01 BogoMIPS)
[    0.717901] devtmpfs: initialized
[    0.722542] clocksource: jiffies: mask: 0xffffffff max_cycles: 0xffffffff, max_idle_ns: 1911260446275000 ns
[    0.723077] futex hash table entries: 256 (order: 2, 16384 bytes, linear)
[    0.725041] PM: RTC time: 17:01:30, date: 2022-08-25
[    0.727104] NET: Registered PF_NETLINK/PF_ROUTE protocol family
[    0.728303] audit: initializing netlink subsys (disabled)
[    0.730332] thermal_sys: Registered thermal governor 'step_wise'
[    0.730335] thermal_sys: Registered thermal governor 'user_space'
[    0.731079] cpuidle: using governor menu
[    0.733186] audit: type=2000 audit(1661446891.619:1): state=initialized audit_enabled=0 res=1
[    0.734405] ACPI: bus type PCI registered
[    0.735041] acpiphp: ACPI Hot Plug PCI Controller Driver version: 0.5
[    0.736938] PCI: Using configuration type 1 for base access
[    0.740581] Kprobes globally optimized
[    0.741663] HugeTLB registered 2.00 MiB page size, pre-allocated 0 pages
[    0.742561] cryptomgr_test (22) used greatest stack depth: 15664 bytes left
[    0.743118] cryptomgr_test (23) used greatest stack depth: 15336 bytes left
[    0.745622] ACPI: PRMT not present
[    0.746125] ACPI: Added _OSI(Module Device)
[    0.747043] ACPI: Added _OSI(Processor Device)
[    0.748042] ACPI: Added _OSI(3.0 _SCP Extensions)
[    0.749042] ACPI: Added _OSI(Processor Aggregator Device)
[    0.750051] ACPI: Added _OSI(Linux-Dell-Video)
[    0.751077] ACPI: Added _OSI(Linux-Lenovo-NV-HDMI-Audio)
[    0.752045] ACPI: Added _OSI(Linux-HPI-Hybrid-Graphics)
[    0.754078] ACPI: 1 ACPI AML tables successfully acquired and loaded
[    0.756852] ACPI: Interpreter enabled
[    0.757171] ACPI: PM: (supports S0 S3 S4 S5)
[    0.758043] ACPI: Using IOAPIC for interrupt routing
[    0.759062] PCI: Using host bridge windows from ACPI; if necessary, use "pci=nocrs" and report a bug
[    0.760299] ACPI: Enabled 2 GPEs in block 00 to 0F
[    0.764893] ACPI: PCI Root Bridge [PCI0] (domain 0000 [bus 00-ff])
[    0.765124] acpi PNP0A03:00: _OSC: OS supports [ASPM ClockPM Segments MSI HPX-Type3]
[    0.766155] acpi PNP0A03:00: fail to add MMCONFIG information, can't access extended PCI configuration space under this bridge.
[    0.767588] acpiphp: Slot [3] registered
[    0.768150] acpiphp: Slot [4] registered
[    0.769101] acpiphp: Slot [5] registered
[    0.770137] acpiphp: Slot [6] registered
[    0.771086] acpiphp: Slot [7] registered
[    0.772083] acpiphp: Slot [8] registered
[    0.773124] acpiphp: Slot [9] registered
[    0.774086] acpiphp: Slot [10] registered
[    0.775126] acpiphp: Slot [11] registered
[    0.776083] acpiphp: Slot [12] registered
[    0.777120] acpiphp: Slot [13] registered
[    0.778087] acpiphp: Slot [14] registered
[    0.779085] acpiphp: Slot [15] registered
[    0.780209] acpiphp: Slot [16] registered
[    0.781089] acpiphp: Slot [17] registered
[    0.782084] acpiphp: Slot [18] registered
[    0.783101] acpiphp: Slot [19] registered
[    0.784159] acpiphp: Slot [20] registered
[    0.785087] acpiphp: Slot [21] registered
[    0.786087] acpiphp: Slot [22] registered
[    0.787134] acpiphp: Slot [23] registered
[    0.788089] acpiphp: Slot [24] registered
[    0.789097] acpiphp: Slot [25] registered
[    0.790083] acpiphp: Slot [26] registered
[    0.791170] acpiphp: Slot [27] registered
[    0.792090] acpiphp: Slot [28] registered
[    0.793083] acpiphp: Slot [29] registered
[    0.794084] acpiphp: Slot [30] registered
[    0.795128] acpiphp: Slot [31] registered
[    0.796081] PCI host bridge to bus 0000:00
[    0.797043] pci_bus 0000:00: root bus resource [io  0x0000-0x0cf7 window]
[    0.798042] pci_bus 0000:00: root bus resource [io  0x0d00-0xffff window]
[    0.799042] pci_bus 0000:00: root bus resource [mem 0x000a0000-0x000bffff window]
[    0.800042] pci_bus 0000:00: root bus resource [mem 0x40000000-0xfebfffff window]
[    0.801043] pci_bus 0000:00: root bus resource [mem 0x100000000-0x17fffffff window]
[    0.802043] pci_bus 0000:00: root bus resource [bus 00-ff]
[    0.803265] pci 0000:00:00.0: [8086:1237] type 00 class 0x060000
[    0.806078] pci 0000:00:01.0: [8086:7000] type 00 class 0x060100
[    0.809435] pci 0000:00:01.1: [8086:7010] type 00 class 0x010180
[    0.813797] pci 0000:00:01.1: reg 0x20: [io  0xc040-0xc04f]
[    0.815576] pci 0000:00:01.1: legacy IDE quirk: reg 0x10: [io  0x01f0-0x01f7]
[    0.816042] pci 0000:00:01.1: legacy IDE quirk: reg 0x14: [io  0x03f6]
[    0.817041] pci 0000:00:01.1: legacy IDE quirk: reg 0x18: [io  0x0170-0x0177]
[    0.818041] pci 0000:00:01.1: legacy IDE quirk: reg 0x1c: [io  0x0376]
[    0.819646] pci 0000:00:01.3: [8086:7113] type 00 class 0x068000
[    0.821974] pci 0000:00:01.3: quirk: [io  0x0600-0x063f] claimed by PIIX4 ACPI
[    0.822076] pci 0000:00:01.3: quirk: [io  0x0700-0x070f] claimed by PIIX4 SMB
[    0.823902] pci 0000:00:02.0: [1234:1111] type 00 class 0x030000
[    0.826034] pci 0000:00:02.0: reg 0x10: [mem 0xfd000000-0xfdffffff pref]
[    0.830060] pci 0000:00:02.0: reg 0x18: [mem 0xfebf0000-0xfebf0fff]
[    0.836034] pci 0000:00:02.0: reg 0x30: [mem 0xfebe0000-0xfebeffff pref]
[    0.841762] pci 0000:00:03.0: [8086:100e] type 00 class 0x020000
[    0.843674] pci 0000:00:03.0: reg 0x10: [mem 0xfebc0000-0xfebdffff]
[    0.845043] pci 0000:00:03.0: reg 0x14: [io  0xc000-0xc03f]
[    0.851043] pci 0000:00:03.0: reg 0x30: [mem 0xfeb80000-0xfebbffff pref]
[    0.855662] ACPI: PCI: Interrupt link LNKA configured for IRQ 10
[    0.856271] ACPI: PCI: Interrupt link LNKB configured for IRQ 10
[    0.857237] ACPI: PCI: Interrupt link LNKC configured for IRQ 11
[    0.858283] ACPI: PCI: Interrupt link LNKD configured for IRQ 11
[    0.859135] ACPI: PCI: Interrupt link LNKS configured for IRQ 9
[    0.862164] iommu: Default domain type: Translated 
[    0.863041] iommu: DMA domain TLB invalidation policy: lazy mode 
[    0.865368] pci 0000:00:02.0: vgaarb: setting as boot VGA device
[    0.866034] pci 0000:00:02.0: vgaarb: VGA device added: decodes=io+mem,owns=io+mem,locks=none
[    0.866044] pci 0000:00:02.0: vgaarb: bridge control possible
[    0.867083] vgaarb: loaded
[    0.869700] SCSI subsystem initialized
[    0.872112] ACPI: bus type USB registered
[    0.873405] usbcore: registered new interface driver usbfs
[    0.874164] usbcore: registered new interface driver hub
[    0.875057] usbcore: registered new device driver usb
[    0.876275] pps_core: LinuxPPS API ver. 1 registered
[    0.877041] pps_core: Software ver. 5.3.6 - Copyright 2005-2007 Rodolfo Giometti <giometti@linux.it>
[    0.878086] PTP clock support registered
[    0.880147] Advanced Linux Sound Architecture Driver Initialized.
[    0.882851] NetLabel: Initializing
[    0.883044] NetLabel:  domain hash size = 128
[    0.884040] NetLabel:  protocols = UNLABELED CIPSOv4 CALIPSO
[    0.885173] NetLabel:  unlabeled traffic allowed by default
[    0.886325] PCI: Using ACPI for IRQ routing
[    0.889413] hpet0: at MMIO 0xfed00000, IRQs 2, 8, 0
[    0.890042] hpet0: 3 comparators, 64-bit 100.000000 MHz counter
[    0.894417] clocksource: Switched to clocksource kvm-clock
[    0.972419] VFS: Disk quotas dquot_6.6.0
[    1.033563] VFS: Dquot-cache hash table entries: 512 (order 0, 4096 bytes)
[    1.037202] pnp: PnP ACPI init
[    1.040103] pnp: PnP ACPI: found 6 devices
[    1.052104] clocksource: acpi_pm: mask: 0xffffff max_cycles: 0xffffff, max_idle_ns: 2085701024 ns
[    1.056489] NET: Registered PF_INET protocol family
[    1.059357] IP idents hash table entries: 16384 (order: 5, 131072 bytes, linear)
[    1.064685] tcp_listen_portaddr_hash hash table entries: 512 (order: 1, 8192 bytes, linear)
[    1.068627] TCP established hash table entries: 8192 (order: 4, 65536 bytes, linear)
[    1.072332] TCP bind hash table entries: 8192 (order: 5, 131072 bytes, linear)
[    1.076110] TCP: Hash tables configured (established 8192 bind 8192)
[    1.080006] UDP hash table entries: 512 (order: 2, 16384 bytes, linear)
[    1.083160] UDP-Lite hash table entries: 512 (order: 2, 16384 bytes, linear)
[    1.086974] NET: Registered PF_UNIX/PF_LOCAL protocol family
[    1.091108] RPC: Registered named UNIX socket transport module.
[    1.093622] RPC: Registered udp transport module.
[    1.095680] RPC: Registered tcp transport module.
[    1.097836] RPC: Registered tcp NFSv4.1 backchannel transport module.
[    1.101515] pci_bus 0000:00: resource 4 [io  0x0000-0x0cf7 window]
[    1.104273] pci_bus 0000:00: resource 5 [io  0x0d00-0xffff window]
[    1.107013] pci_bus 0000:00: resource 6 [mem 0x000a0000-0x000bffff window]
[    1.109902] pci_bus 0000:00: resource 7 [mem 0x40000000-0xfebfffff window]
[    1.113018] pci_bus 0000:00: resource 8 [mem 0x100000000-0x17fffffff window]
[    1.116319] pci 0000:00:01.0: PIIX3: Enabling Passive Release
[    1.118814] pci 0000:00:00.0: Limiting direct PCI/PCI transfers
[    1.121497] pci 0000:00:01.0: Activating ISA DMA hang workarounds
[    1.124464] pci 0000:00:02.0: Video device with shadowed ROM at [mem 0x000c0000-0x000dffff]
[    1.128216] PCI: CLS 0 bytes, default 64
[    1.131097] RAPL PMU: API unit is 2^-32 Joules, 0 fixed counters, 10737418240 ms ovfl timer
[    1.139441] clocksource: tsc: mask: 0xffffffffffffffff max_cycles: 0x2b3e4b16716, max_idle_ns: 440795256380 ns
[    1.145703] Initialise system trusted keyrings
[    1.148371] workingset: timestamp_bits=56 max_order=18 bucket_order=0
[    1.158026] NFS: Registering the id_resolver key type
[    1.160246] Key type id_resolver registered
[    1.162175] Key type id_legacy registered
[    1.164301] 9p: Installing v9fs 9p2000 file system support
[    1.174127] Key type asymmetric registered
[    1.176007] Asymmetric key parser 'x509' registered
[    1.178629] Block layer SCSI generic (bsg) driver version 0.4 loaded (major 251)
[    1.181994] io scheduler mq-deadline registered
[    1.184049] io scheduler kyber registered
[    1.187066] acpiphp_ibm: ibm_acpiphp_init: acpi_walk_namespace failed
[    1.190534] input: Power Button as /devices/LNXSYSTM:00/LNXPWRBN:00/input/input0
[    1.194242] ACPI: button: Power Button [PWRF]
[    1.197520] Serial: 8250/16550 driver, 4 ports, IRQ sharing enabled
[    1.201007] 00:04: ttyS0 at I/O 0x3f8 (irq = 4, base_baud = 115200) is a 16550A
[    1.205861] Non-volatile memory driver v1.3
[    1.207867] Linux agpgart interface v0.103
[    1.221211] loop: module loaded
[    1.226653] scsi host0: ata_piix
[    1.228702] scsi host1: ata_piix
[    1.230326] ata1: PATA max MWDMA2 cmd 0x1f0 ctl 0x3f6 bmdma 0xc040 irq 14
[    1.233391] ata2: PATA max MWDMA2 cmd 0x170 ctl 0x376 bmdma 0xc048 irq 15
[    1.239138] libphy: Fixed MDIO Bus: probed
[    1.241375] e100: Intel(R) PRO/100 Network Driver
[    1.243633] e100: Copyright(c) 1999-2006 Intel Corporation
[    1.246180] e1000: Intel(R) PRO/1000 Network Driver
[    1.248431] e1000: Copyright (c) 1999-2006 Intel Corporation.
[    1.260357] ACPI: \_SB_.LNKC: Enabled at IRQ 11
[    1.399952] ata1.00: ATA-7: QEMU HARDDISK, 2.5+, max UDMA/100
[    1.402471] ata1.00: 4194304 sectors, multi 16: LBA48 
[    1.406290] ata2.00: ATAPI: QEMU DVD-ROM, 2.5+, max UDMA/100
[    1.417220] scsi 0:0:0:0: Direct-Access     ATA      QEMU HARDDISK    2.5+ PQ: 0 ANSI: 5
[    1.421807] scsi 0:0:0:0: Attached scsi generic sg0 type 0
[    1.430024] sd 0:0:0:0: [sda] 4194304 512-byte logical blocks: (2.15 GB/2.00 GiB)
[    1.433267] sd 0:0:0:0: [sda] Write Protect is off
[    1.436395] scsi 1:0:0:0: CD-ROM            QEMU     QEMU DVD-ROM     2.5+ PQ: 0 ANSI: 5
[    1.441932] sd 0:0:0:0: [sda] Write cache: enabled, read cache: enabled, doesn't support DPO or FUA
[    1.454758] sd 0:0:0:0: [sda] Attached SCSI disk
[    1.473937] sr 1:0:0:0: [sr0] scsi3-mmc drive: 4x/4x cd/rw xa/form2 tray
[    1.476834] cdrom: Uniform CD-ROM driver Revision: 3.20
[    1.503220] sr 1:0:0:0: Attached scsi generic sg1 type 5
[    1.735897] e1000 0000:00:03.0 eth0: (PCI:33MHz:32-bit) 52:54:00:12:34:56
[    1.738885] e1000 0000:00:03.0 eth0: Intel(R) PRO/1000 Network Connection
[    1.742139] e1000e: Intel(R) PRO/1000 Network Driver
[    1.744399] e1000e: Copyright(c) 1999 - 2015 Intel Corporation.
[    1.747302] sky2: driver version 1.30
[    1.749899] ehci_hcd: USB 2.0 'Enhanced' Host Controller (EHCI) Driver
[    1.752880] ehci-pci: EHCI PCI platform driver
[    1.755079] ohci_hcd: USB 1.1 'Open' Host Controller (OHCI) Driver
[    1.758146] ohci-pci: OHCI PCI platform driver
[    1.760203] uhci_hcd: USB Universal Host Controller Interface driver
[    1.763368] usbcore: registered new interface driver usblp
[    1.765930] usbcore: registered new interface driver usb-storage
[    1.768695] i8042: PNP: PS/2 Controller [PNP0303:KBD,PNP0f13:MOU] at 0x60,0x64 irq 1,12
[    1.774684] serio: i8042 KBD port at 0x60,0x64 irq 1
[    1.776879] serio: i8042 AUX port at 0x60,0x64 irq 12
[    1.781111] input: AT Translated Set 2 keyboard as /devices/platform/i8042/serio0/input/input1
[    1.785125] rtc_cmos 00:05: RTC can wake from S4
[    1.794081] rtc_cmos 00:05: registered as rtc0
[    1.796071] rtc_cmos 00:05: alarms up to one day, y3k, 242 bytes nvram, hpet irqs
[    1.801128] fail to initialize ptp_kvm
[    1.801530] device-mapper: ioctl: 4.45.0-ioctl (2021-03-22) initialised: dm-devel@redhat.com
[    1.807173] intel_pstate: CPU model not supported
[    1.809475] hid: raw HID events driver (C) Jiri Kosina
[    1.812471] usbcore: registered new interface driver usbhid
[    1.815053] usbhid: USB HID core driver
[    1.820178] Initializing XFRM netlink socket
[    1.822878] NET: Registered PF_INET6 protocol family
[    1.827550] Segment Routing with IPv6
[    1.829400] In-situ OAM (IOAM) with IPv6
[    1.831725] sit: IPv6, IPv4 and MPLS over IPv4 tunneling driver
[    1.835361] NET: Registered PF_PACKET protocol family
[    1.838443] 9pnet: Installing 9P2000 support
[    1.840417] Key type dns_resolver registered
[    1.843245] IPI shorthand broadcast: enabled
[    1.845978] registered taskstats version 1
[    1.847853] Loading compiled-in X.509 certificates
[    1.852275] PM:   Magic number: 2:656:37
[    1.854201] bdi 7:2: hash matches
[    1.855957] printk: console [netcon0] enabled
[    1.857924] netconsole: network logging started
[    1.860629] cfg80211: Loading compiled-in X.509 certificates for regulatory database
[    1.866095] kworker/u2:1 (65) used greatest stack depth: 14568 bytes left
[    1.870461] cfg80211: Loaded X.509 cert 'sforshee: 00b28ddf47aef9cea7'
[    1.873810] platform regulatory.0: Direct firmware load for regulatory.db failed with error -2
[    1.877636] Unstable clock detected, switching default tracing clock to "global"
[    1.877636] If you want to keep using the local clock, then add:
[    1.877636]   "trace_clock=local"
[    1.877636] on the kernel command line
[    1.886521] cfg80211: failed to load regulatory.db
[    1.889260] ALSA device list:
[    1.890693]   No soundcards found.
[    2.441785] random: fast init done
[    2.444724] input: ImExPS/2 Generic Explorer Mouse as /devices/platform/i8042/serio1/input/input3
[    2.448933] md: Waiting for all devices to be available before autodetect
[    2.451844] md: If you don't use raid, use raid=noautodetect
[    2.454462] md: Autodetecting RAID arrays.
[    2.456342] md: autorun ...
[    2.457705] md: ... autorun DONE.
[    2.465111] EXT4-fs (sda): INFO: recovery required on readonly filesystem
[    2.468141] EXT4-fs (sda): write access will be enabled during recovery
[    2.472700] EXT4-fs (sda): recovery complete
[    2.689573] EXT4-fs (sda): mounted filesystem with ordered data mode. Opts: (null). Quota mode: none.
[    2.711840] VFS: Mounted root (ext4 filesystem) readonly on device 8:0.
[    2.730023] devtmpfs: mounted
[    2.743684] Freeing unused kernel image (initmem) memory: 1408K
[    2.747509] Write protecting the kernel read-only data: 22528k
[    2.767077] Freeing unused kernel image (text/rodata gap) memory: 2028K
[    2.772439] Freeing unused kernel image (rodata/data gap) memory: 280K
[    2.775458] Run /sbin/init as init process
[    2.982376] SELinux:  Permission getrlimit in class process not defined in policy.
[    2.985875] SELinux:  Class process2 not defined in policy.
[    2.988465] SELinux:  Permission watch in class filesystem not defined in policy.
[    2.991877] SELinux:  Permission map in class file not defined in policy.
[    2.994973] SELinux:  Permission watch in class file not defined in policy.
[    2.998131] SELinux:  Permission watch_mount in class file not defined in policy.
[    3.001510] SELinux:  Permission watch_sb in class file not defined in policy.
[    3.004780] SELinux:  Permission watch_with_perm in class file not defined in policy.
[    3.008334] SELinux:  Permission watch_reads in class file not defined in policy.
[    3.011728] SELinux:  Permission map in class dir not defined in policy.
[    3.014860] SELinux:  Permission watch in class dir not defined in policy.
[    3.017990] SELinux:  Permission watch_mount in class dir not defined in policy.
[    3.021503] SELinux:  Permission watch_sb in class dir not defined in policy.
[    3.024709] SELinux:  Permission watch_with_perm in class dir not defined in policy.
[    3.028182] SELinux:  Permission watch_reads in class dir not defined in policy.
[    3.031559] SELinux:  Permission map in class lnk_file not defined in policy.
[    3.034757] SELinux:  Permission watch in class lnk_file not defined in policy.
[    3.037869] SELinux:  Permission watch_mount in class lnk_file not defined in policy.
[    3.041326] SELinux:  Permission watch_sb in class lnk_file not defined in policy.
[    3.044769] SELinux:  Permission watch_with_perm in class lnk_file not defined in policy.
[    3.048576] SELinux:  Permission watch_reads in class lnk_file not defined in policy.
[    3.052170] SELinux:  Permission map in class chr_file not defined in policy.
[    3.055451] SELinux:  Permission watch in class chr_file not defined in policy.
[    3.058801] SELinux:  Permission watch_mount in class chr_file not defined in policy.
[    3.062304] SELinux:  Permission watch_sb in class chr_file not defined in policy.
[    3.065656] SELinux:  Permission watch_with_perm in class chr_file not defined in policy.
[    3.069392] SELinux:  Permission watch_reads in class chr_file not defined in policy.
[    3.072932] SELinux:  Permission map in class blk_file not defined in policy.
[    3.076108] SELinux:  Permission watch in class blk_file not defined in policy.
[    3.079477] SELinux:  Permission watch_mount in class blk_file not defined in policy.
[    3.082980] SELinux:  Permission watch_sb in class blk_file not defined in policy.
[    3.086454] SELinux:  Permission watch_with_perm in class blk_file not defined in policy.
[    3.090112] SELinux:  Permission watch_reads in class blk_file not defined in policy.
[    3.093603] SELinux:  Permission map in class sock_file not defined in policy.
[    3.096900] SELinux:  Permission watch in class sock_file not defined in policy.
[    3.100253] SELinux:  Permission watch_mount in class sock_file not defined in policy.
[    3.103832] SELinux:  Permission watch_sb in class sock_file not defined in policy.
[    3.107276] SELinux:  Permission watch_with_perm in class sock_file not defined in policy.
[    3.111155] SELinux:  Permission watch_reads in class sock_file not defined in policy.
[    3.114767] SELinux:  Permission map in class fifo_file not defined in policy.
[    3.117993] SELinux:  Permission watch in class fifo_file not defined in policy.
[    3.121352] SELinux:  Permission watch_mount in class fifo_file not defined in policy.
[    3.124906] SELinux:  Permission watch_sb in class fifo_file not defined in policy.
[    3.128296] SELinux:  Permission watch_with_perm in class fifo_file not defined in policy.
[    3.132046] SELinux:  Permission watch_reads in class fifo_file not defined in policy.
[    3.135644] SELinux:  Permission map in class socket not defined in policy.
[    3.138853] SELinux:  Permission map in class tcp_socket not defined in policy.
[    3.142171] SELinux:  Permission map in class udp_socket not defined in policy.
[    3.145433] SELinux:  Permission map in class rawip_socket not defined in policy.
[    3.148815] SELinux:  Permission map in class netlink_socket not defined in policy.
[    3.152243] SELinux:  Permission map in class packet_socket not defined in policy.
[    3.155650] SELinux:  Permission map in class key_socket not defined in policy.
[    3.158945] SELinux:  Permission map in class unix_stream_socket not defined in policy.
[    3.162509] SELinux:  Permission map in class unix_dgram_socket not defined in policy.
[    3.166107] SELinux:  Permission map in class netlink_route_socket not defined in policy.
[    3.169805] SELinux:  Permission map in class netlink_tcpdiag_socket not defined in policy.
[    3.173575] SELinux:  Permission map in class netlink_nflog_socket not defined in policy.
[    3.177359] SELinux:  Permission map in class netlink_xfrm_socket not defined in policy.
[    3.181013] SELinux:  Permission map in class netlink_selinux_socket not defined in policy.
[    3.184778] SELinux:  Permission map in class netlink_iscsi_socket not defined in policy.
[    3.188469] SELinux:  Permission map in class netlink_audit_socket not defined in policy.
[    3.192078] SELinux:  Permission map in class netlink_fib_lookup_socket not defined in policy.
[    3.195874] SELinux:  Permission map in class netlink_connector_socket not defined in policy.
[    3.199624] SELinux:  Permission map in class netlink_netfilter_socket not defined in policy.
[    3.203422] SELinux:  Permission map in class netlink_dnrt_socket not defined in policy.
[    3.206962] SELinux:  Permission map in class netlink_kobject_uevent_socket not defined in policy.
[    3.210924] SELinux:  Permission map in class netlink_generic_socket not defined in policy.
[    3.214715] SELinux:  Permission map in class netlink_scsitransport_socket not defined in policy.
[    3.218726] SELinux:  Permission map in class netlink_rdma_socket not defined in policy.
[    3.222374] SELinux:  Permission map in class netlink_crypto_socket not defined in policy.
[    3.226060] SELinux:  Permission map in class appletalk_socket not defined in policy.
[    3.229531] SELinux:  Permission map in class dccp_socket not defined in policy.
[    3.232898] SELinux:  Permission perfmon in class capability2 not defined in policy.
[    3.236358] SELinux:  Permission bpf in class capability2 not defined in policy.
[    3.239745] SELinux:  Permission checkpoint_restore in class capability2 not defined in policy.
[    3.243670] SELinux:  Permission map in class tun_socket not defined in policy.
[    3.246871] SELinux:  Permission perfmon in class cap2_userns not defined in policy.
[    3.250336] SELinux:  Permission bpf in class cap2_userns not defined in policy.
[    3.253632] SELinux:  Permission checkpoint_restore in class cap2_userns not defined in policy.
[    3.257541] SELinux:  Class sctp_socket not defined in policy.
[    3.260193] SELinux:  Class icmp_socket not defined in policy.
[    3.262870] SELinux:  Class ax25_socket not defined in policy.
[    3.265516] SELinux:  Class ipx_socket not defined in policy.
[    3.268136] SELinux:  Class netrom_socket not defined in policy.
[    3.270938] SELinux:  Class atmpvc_socket not defined in policy.
[    3.273638] SELinux:  Class x25_socket not defined in policy.
[    3.276244] SELinux:  Class rose_socket not defined in policy.
[    3.278851] SELinux:  Class decnet_socket not defined in policy.
[    3.281553] SELinux:  Class atmsvc_socket not defined in policy.
[    3.284272] SELinux:  Class rds_socket not defined in policy.
[    3.286889] SELinux:  Class irda_socket not defined in policy.
[    3.289480] SELinux:  Class pppox_socket not defined in policy.
[    3.292167] SELinux:  Class llc_socket not defined in policy.
[    3.294730] SELinux:  Class can_socket not defined in policy.
[    3.297310] SELinux:  Class tipc_socket not defined in policy.
[    3.299981] SELinux:  Class bluetooth_socket not defined in policy.
[    3.302820] SELinux:  Class iucv_socket not defined in policy.
[    3.305441] SELinux:  Class rxrpc_socket not defined in policy.
[    3.308108] SELinux:  Class isdn_socket not defined in policy.
[    3.310776] SELinux:  Class phonet_socket not defined in policy.
[    3.313441] SELinux:  Class ieee802154_socket not defined in policy.
[    3.316330] SELinux:  Class caif_socket not defined in policy.
[    3.319013] SELinux:  Class alg_socket not defined in policy.
[    3.321579] SELinux:  Class nfc_socket not defined in policy.
[    3.324181] SELinux:  Class vsock_socket not defined in policy.
[    3.326933] SELinux:  Class kcm_socket not defined in policy.
[    3.329516] SELinux:  Class qipcrtr_socket not defined in policy.
[    3.332239] SELinux:  Class smc_socket not defined in policy.
[    3.334820] SELinux:  Class infiniband_pkey not defined in policy.
[    3.337567] SELinux:  Class infiniband_endport not defined in policy.
[    3.340418] SELinux:  Class bpf not defined in policy.
[    3.342770] SELinux:  Class xdp_socket not defined in policy.
[    3.345347] SELinux:  Class mctp_socket not defined in policy.
[    3.347981] SELinux:  Class perf_event not defined in policy.
[    3.350619] SELinux:  Class lockdown not defined in policy.
[    3.353097] SELinux:  Class anon_inode not defined in policy.
[    3.355714] SELinux: the above unknown classes and permissions will be allowed
[    3.371416] SELinux:  policy capability network_peer_controls=1
[    3.374143] SELinux:  policy capability open_perms=1
[    3.376430] SELinux:  policy capability extended_socket_class=0
[    3.379090] SELinux:  policy capability always_check_network=0
[    3.381676] SELinux:  policy capability cgroup_seclabel=0
[    3.384306] SELinux:  policy capability nnp_nosuid_transition=0
[    3.387143] SELinux:  policy capability genfs_seclabel_symlinks=0
[    3.393910] audit: type=1403 audit(1661446894.283:2): auid=4294967295 ses=4294967295 lsm=selinux res=1
[    3.399574] systemd[1]: Successfully loaded SELinux policy in 519.805ms.
[    3.435236] audit: type=1400 audit(1661446894.325:3): avc:  denied  { associate } for  pid=1 comm="systemd" name="pts" scontext=system_u:object_r:devpts_t:s0 tcontext=system_u:object_r:device_t:s0 tclass=filesystem permissive=1
[    3.448626] systemd[1]: Relabelled /dev and /run in 2.473ms.
[    3.455326] random: systemd: uninitialized urandom read (16 bytes read)
[    3.461211] systemd[1]: systemd 232 running in system mode. (+PAM +AUDIT +SELINUX +IMA +APPARMOR +SMACK +SYSVINIT +UTMP +LIBCRYPTSETUP +GCRYPT +GNUTLS +ACL +XZ +LZ4 +SECCOMP +BLKID +ELFUTILS +KMOD +IDN)
[    3.469403] systemd[1]: Detected virtualization qemu.
[    3.471932] systemd[1]: Detected architecture x86-64.

Welcome to [1mDebian GNU/Linux 9 (stretch)[0m!

[    3.478165] systemd[1]: Set hostname to <syzkaller>.
[    3.489806] random: systemd: uninitialized urandom read (16 bytes read)
[    3.504682] random: systemd: uninitialized urandom read (16 bytes read)
[    3.529537] systemd-getty-g (73) used greatest stack depth: 13928 bytes left
[    3.540149] systemd-sysv-ge (74) used greatest stack depth: 13864 bytes left
[    3.557972] grep (84) used greatest stack depth: 13720 bytes left
[    3.560781] selinux-autorel (75) used greatest stack depth: 13208 bytes left
[    3.634771] systemd[1]: Listening on /dev/initctl Compatibility Named Pipe.
[[0;32m  OK  [0m] Listening on /dev/initctl Compatibility Named Pipe.
[    3.640550] systemd[1]: Created slice System Slice.
[[0;32m  OK  [0m] Created slice System Slice.
[    3.644916] systemd[1]: Mounting /sys/kernel/debug...
         Mounting /sys/kernel/debug...
[    3.649922] systemd[1]: Reached target Slices.
[[0;32m  OK  [0m] Reached target Slices.
[    3.655976] systemd[1]: Mounting /sys/kernel/config...
         Mounting /sys/kernel/config...
[    3.663862] systemd[1]: Mounting POSIX Message Queue File System...
         Mounting POSIX Message Queue File System...
[[0;32m  OK  [0m] Listening on Syslog Socket.
[[0;32m  OK  [0m] Created slice system-getty.slice.
[[0;32m  OK  [0m] Listening on Journal Socket (/dev/log).
[[0;32m  OK  [0m] Listening on Journal Socket.
         Starting Load Kernel Modules...
         Starting Remount Root and Kernel File Systems...
[[0;32m  OK  [0m] Started Forward Password Requests to Wall Directory Watch.
[[0;32m  OK  [0m] Listening on udev Kernel Socket.
[[0;32m  OK  [0m] Created slice system-serial\x2dgetty.slice.[    3.707776] EXT4-fs (sda): warning: mounting fs with errors, running e2fsck is recommended

[    3.712125] audit: type=1400 audit(1661446894.602:4): avc:  denied  { audit_read } for  pid=1 comm="systemd" capability=37  scontext=system_u:system_r:kernel_t:s0 tcontext=system_u:system_r:kernel_t:s0 tclass=capability2 permissive=1
[[0;32m  OK  [0m] Listening on Journal Audit Socket.
         Starting Journal Service...
         Starting Create Static Device Nodes in /dev...
[[0;32m  OK  [0m] Listening on udev Control Socket.
[[0;32m  OK  [0m] Set up automount Arbitrary Executabâ€¦rmats File System Automount Point.
[    3.750781] EXT4-fs (sda): re-mounted. Opts: (null). Quota mode: none.
         Mounting /proc/sys/fs/binfmt_misc...
[[0;32m  OK  [0m] Reached target Swap.
[[0;32m  OK  [0m] Reached target Remote File Systems.
[[0;32m  OK  [0m] Started Dispatch Password Requests to Console Directory Watch.
[[0;32m  OK  [0m] Reached target Paths.
[[0;32m  OK  [0m] Reached target Encrypted Volumes.
[[0;32m  OK  [0m] Reached target Sockets.
[[0;32m  OK  [0m] Mounted POSIX Message Queue File System.
[[0;32m  OK  [0m] Mounted /sys/kernel/debug.
[[0;32m  OK  [0m] Mounted /sys/kernel/config.
[[0;32m  OK  [0m] Mounted /proc/sys/fs/binfmt_misc.
[[0;32m  OK  [0m] Started Load Kernel Modules.
[[0;32m  OK  [0m] Started Remount Root and Kernel File Systems.
[[0;32m  OK  [0m] Started Create Static Device Nodes in /dev.
         Starting udev Kernel Device Manager...
[[0;32m  OK  [0m] Reached target Local File Systems (Pre).
         Starting udev Coldplug all Devices...
         Starting Load/Save Random Seed...
         Starting Apply Kernel Variables...
[[0;32m  OK  [0m] Reached target Local File Systems.
[[0;32m  OK  [0m] Started Load/Save Random Seed.
[[0;32m  OK  [0m] Started Apply Kernel Variables.
         Starting Raise network interfaces...
[[0;32m  OK  [0m] Started Journal Service.
         Starting Flush Journal to Persistent Storage...
[    4.067743] audit: type=1107 audit(1661446894.957:5): pid=1 uid=0 auid=4294967295 ses=4294967295 subj=system_u:system_r:kernel_t:s0 msg='avc:  denied  { stop } for auid=n/a uid=0 gid=0 path="/lib/systemd/system/systemd-journald.service" cmdline="/bin/journalctl --flush" scontext=system_u:system_r:kernel_t:s0 tcontext=system_u:object_r:unlabeled_t:s0 tclass=service
[    4.067743]  exe="/lib/systemd/systemd" sauid=0 hostname=? addr=? terminal=?'
[    4.084626] systemd-journald[96]: Received request to flush runtime journal from PID 1
[[0;32m  OK  [0m] Started udev Kernel Device Manager.
[[0;32m  OK  [0m] Started Flush Journal to Persistent Storage.
         Starting Create Volatile Files and Directories...
[[0;32m  OK  [0m] Started Create Volatile Files and Directories.
         Starting Update UTMP about System Boot/Shutdown...
[    4.200837] random: crng init done
[    4.202443] random: 7 urandom warning(s) missed due to ratelimiting
         Starting Network Time Synchronization...
[[0;32m  OK  [0m] Started Update UTMP about System Boot/Shutdown.
[[0;32m  OK  [0m] Started Network Time Synchronization.
[[0;32m  OK  [0m] Reached target System Time Synchronized.
[[0;32m  OK  [0m] Started udev Coldplug all Devices.
[[0;32m  OK  [0m] Reached target System Initialization.
[[0;32m  OK  [0m] Reached target Basic System.
[[0;32m  OK  [0m] Started Regular background program processing daemon.
[[0;32m  OK  [0m] Started Daily apt download activities.
[[0;32m  OK  [0m] Started Daily apt upgrade and clean activities.
         Starting getty on tty2-tty6 if dbus and logind are not available...
         Starting System Logging Service...
[[0;32m  OK  [0m] Started Daily Cleanup of Temporary Directories.
[[0;32m  OK  [0m] Reached target Timers.
[[0;32m  OK  [0m] Found device /dev/ttyS0.
[    4.536744] audit: type=1107 audit(1661446895.426:6): pid=1 uid=0 auid=4294967295 ses=4294967295 subj=system_u:system_r:kernel_t:s0 msg='avc:  denied  { start } for auid=n/a uid=0 gid=0 path="/lib/systemd/system/getty@.service" cmdline="/bin/systemctl --no-block start getty@tty2.service getty@tty3.service getty@tty4.service getty@tty5.service getty@tty6.service" scontext=system_u:system_r:kernel_t:s0 tcontext=system_u:object_r:unlabeled_t:s0 tclass=service
[    4.536744]  exe="/lib/systemd/systemd" sauid=0 hostname=? addr=? terminal=?'
[[0;32m  OK  [0m] Started System Logging Service.
[    4.590058] EXT4-fs error (device sda): ext4_find_extent:887: inode #15295: comm rs:main Q:Reg: pblk 33025 bad header/extent: invalid magic - magic 0, entries 0, max 0(0), depth 0(0)
[[0;32m  OK  [0m] Started getty on tty2-tty6 if dbus and logind are not available.
[[0;32m  OK  [0m] Listening on Load/Save RF Kill Switch Status /dev/rfkill Watch.[    4.614812] EXT4-fs error (device sda): ext4_ext_remove_space:2954: inode #15295: comm rs:main Q:Reg: pblk 33025 bad header/extent: invalid magic - magic 0, entries 0, max 0(0), depth 0(0)

[    4.626505] audit: type=1107 audit(1661446895.451:7): pid=1 uid=0 auid=4294967295 ses=4294967295 subj=system_u:system_r:kernel_t:s0 msg='avc:  denied  { status } for auid=n/a uid=0 gid=0 path="/lib/systemd/system/getty@.service" cmdline="/bin/systemctl --no-block start getty@tty2.service getty@tty3.service getty@tty4.service getty@tty5.service getty@tty6.service" scontext=system_u:system_r:kernel_t:s0 tcontext=system_u:object_r:unlabeled_t:s0 tclass=service
[    4.626505]  exe="/lib/systemd/systemd" sauid=0 hostname=? addr=? terminal=?'
[    4.651915] EXT4-fs error (device sda): ext4_find_extent:887: inode #15295: comm rs:main Q:Reg: pblk 33025 bad header/extent: invalid magic - magic 0, entries 0, max 0(0), depth 0(0)
[    4.659843] EXT4-fs error (device sda): ext4_ext_remove_space:2954: inode #15295: comm rs:main Q:Reg: pblk 33025 bad header/extent: invalid magic - magic 0, entries 0, max 0(0), depth 0(0)
[    4.673754] EXT4-fs error (device sda): ext4_find_extent:887: inode #15295: comm rs:main Q:Reg: pblk 33025 bad header/extent: invalid magic - magic 0, entries 0, max 0(0), depth 0(0)
[    4.682179] EXT4-fs error (device sda): ext4_ext_remove_space:2954: inode #15295: comm rs:main Q:Reg: pblk 33025 bad header/extent: invalid magic - magic 0, entries 0, max 0(0), depth 0(0)
[    4.695072] EXT4-fs error (device sda): ext4_find_extent:887: inode #15295: comm rs:main Q:Reg: pblk 33025 bad header/extent: invalid magic - magic 0, entries 0, max 0(0), depth 0(0)
[    4.703260] EXT4-fs error (device sda): ext4_ext_remove_space:2954: inode #15295: comm rs:main Q:Reg: pblk 33025 bad header/extent: invalid magic - magic 0, entries 0, max 0(0), depth 0(0)
[    4.715250] EXT4-fs error (device sda): ext4_find_extent:887: inode #15295: comm rs:main Q:Reg: pblk 33025 bad header/extent: invalid magic - magic 0, entries 0, max 0(0), depth 0(0)
[    4.725629] EXT4-fs error (device sda): ext4_ext_remove_space:2954: inode #15295: comm rs:main Q:Reg: pblk 33025 bad header/extent: invalid magic - magic 0, entries 0, max 0(0), depth 0(0)
[    4.749237] e1000: eth0 NIC Link is Up 1000 Mbps Full Duplex, Flow Control: RX
[    4.755616] ip (192) used greatest stack depth: 12664 bytes left
[    4.758687] IPv6: ADDRCONF(NETDEV_CHANGE): eth0: link becomes ready
[[0;32m  OK  [0m] Started Raise network interfaces.
[[0;32m  OK  [0m] Reached target Network.
         Starting Permit User Sessions...
         Starting OpenBSD Secure Shell server...
[[0;32m  OK  [0m] Started Permit User Sessions.
[[0;32m  OK  [0m] Started Getty on tty2.
[[0;32m  OK  [0m] Started Getty on tty5.
[[0;32m  OK  [0m] Started Getty on tty6.
[[0;32m  OK  [0m] Started Getty on tty3.
[[0;32m  OK  [0m] Started Getty on tty4.
[[0;32m  OK  [0m] Started Getty on tty1.
[[0;32m  OK  [0m] Started Serial Getty on ttyS0.
[[0;32m  OK  [0m] Reached target Login Prompts.
[[0;32m  OK  [0m] Started OpenBSD Secure Shell server.
[[0;32m  OK  [0m] Reached target Multi-User System.
[[0;32m  OK  [0m] Reached target Graphical Interface.
         Starting Update UTMP about System Runlevel Changes...
[[0;32m  OK  [0m] Started Update UTMP about System Runlevel Changes.

Debian GNU/Linux 9 syzkaller ttyS0

syzkaller login: root
Unable to get valid context for root
Last login: Tue Aug 23 22:26:49 UTC 2022 on ttyS0
Linux syzkaller 5.14.0-rc7-mm1+ #40 SMP Tue Aug 23 18:41:21 UTC 2022 x86_64

The programs included with the Debian GNU/Linux system are free software;
the exact distribution terms for each program are described in the
individual files in /usr/share/doc/*/copyright.

Debian GNU/Linux comes with ABSOLUTELY NO WARRANTY, to the extent
permitted by applicable law.
root@syzkaller:~# gcc - o    o example.c       example.c 
[01m[Kexample.c:[m[K In function '[01m[Kmain[m[K':
[01m[Kexample.c:18:50:[m[K [01;35m[Kwarning: [m[Kimplicit declaration of function '[01m[Kexit[m[K' [[01;35m[K-Wimplicit-function-declaration[m[K]
   if (ioperm(BASEPORT, 3, 1)) {perror("ioperm"); [01;35m[Kexit[m[K(1);}
                                                  [01;35m[K^~~~[m[K
[01m[Kexample.c:18:50:[m[K [01;35m[Kwarning: [m[Kincompatible implicit declaration of built-in function '[01m[Kexit[m[K'
[01m[Kexample.c:18:50:[m[K [01;36m[Knote: [m[Kinclude '[01m[K<stdlib.h>[m[K' or provide a declaration of '[01m[Kexit[m[K'
[01m[Kexample.c:30:50:[m[K [01;35m[Kwarning: [m[Kincompatible implicit declaration of built-in function '[01m[Kexit[m[K'
   if (ioperm(BASEPORT, 3, 0)) {perror("ioperm"); [01;35m[Kexit[m[K(1);}
                                                  [01;35m[K^~~~[m[K
[01m[Kexample.c:30:50:[m[K [01;36m[Knote: [m[Kinclude '[01m[K<stdlib.h>[m[K' or provide a declaration of '[01m[Kexit[m[K'
[01m[Kexample.c:32:3:[m[K [01;35m[Kwarning: [m[Kincompatible implicit declaration of built-in function '[01m[Kexit[m[K'
   [01;35m[Kexit[m[K(0);
   [01;35m[K^~~~[m[K
[01m[Kexample.c:32:3:[m[K [01;36m[Knote: [m[Kinclude '[01m[K<stdlib.h>[m[K' or provide a declaration of '[01m[Kexit[m[K'
.root@syzkaller:~# ./example 
[Debug] we are setting the load_snapshot event! 
[Attaching after Thread 0x7ffff7efafc0 (LWP 4287) fork to child process 4387]
[New inferior 2 (process 4387)]
[Detaching after fork from parent process 4287]
[Inferior 1 (process 4287) detached]
[Thread debugging using libthread_db enabled]
Using host libthread_db library "/lib/x86_64-linux-gnu/libthread_db.so.1".
---> qemu thread create called <------This is the name of the name of the thread: call_rcu
[New Thread 0x7fffd04e9700 (LWP 4388)]
[New Thread 0x5f06a001f700 (LWP 4389)]
[New Thread 0x5f06a0040700 (LWP 4390)]
[DEBUG] [PARENT] cpu->kvm_fd -> 18
[DEBUG] [PARENT] s->fd -> 15
[DEBUG] [PARENT]  s->vmfd -> 16
[DEBUG] load snapshot is called!
[DEBUG] [CHILD] cpu->kvm_fd -> 18
[DEBUG] [CHILD] s->fd -> 15
[DEBUG] [CHILD]  s->vmfd -> 16


----------------------[Measurements in seconds]----------------------
[DEBUG] [TIME] start_universal : 1661446905.109805 
[DEBUG] [TIME] stop_universal : 1661446914.823066 
[DEBUG] [TIME] start_forkall_master : 1661446914.636929 
[DEBUG] [TIME] end_forkall_master : 1661446914.822939 
[DEBUG] [TIME] cpu_thread_forked : 1661446914.822687 
[DEBUG] [TIME] end_cpu_restore : 1661446914.826686 
-------------------------------------------------------------------------


----------------------[Measurements in seconds]----------------------
[DEBUG] [TIME] stop_universal - start_universal : 9.713262 
[DEBUG] [TIME] end_forkall_master - start_forkall_master : 0.186010 
[DEBUG] [TIME] end_cpu_restore - cpu_thread_forked : 0.003999 
-------------------------------------------------------------------------


----------------------[Measurements in milli seconds]----------------------
[DEBUG] [TIME] stop_universal - start_universal : 9713.261843 
[DEBUG] [TIME] end_forkall_master - start_forkall_master : 186.010122 
[DEBUG] [TIME] end_cpu_restore - cpu_thread_forked : 3.999472 
----------------------------------------------------------------------------


----------------------[Measurements in micro seconds]----------------------
[DEBUG] [TIME] stop_universal - start_universal : 9713261.842728 
[DEBUG] [TIME] end_forkall_master - start_forkall_master : 186010.122299 
[DEBUG] [TIME] end_cpu_restore - cpu_thread_forked : 3999.471664 
----------------------------------------------------------------------------


----------------------[Measurements in nano seconds]----------------------
[DEBUG] [TIME] stop_universal - start_universal : 9713261842.727661 
[DEBUG] [TIME] end_forkall_master - start_forkall_master : 186010122.299194 
[DEBUG] [TIME] end_cpu_restore - cpu_thread_forked : 3999471.664429 
----------------------------------------------------------------------------


[Debug] we are setting the load_snapshot event! 
[Debug] handle_load_snapshot is called! 
[Debug] Load_snapshot event;
[Switching to Thread 0x7ffff7efafc0 (LWP 4387)]
Warning: 'set logging off', an alias for the command 'set logging enabled', is deprecated.
Use 'set logging enabled off'.

 ============ Start Log ============
#0  load_snapshot_memory (name=0x555555f807e6 "newtest", errp=0x0) at ../migration/savevm.c:2955
#1  0x0000555555ae5a62 in handle_load_snapshot (opaque=0x555556dee130) at ../softmmu/vl.c:3540
#2  0x0000555555e4efe9 in aio_dispatch_handler (ctx=0x555556bb0170, node=0x55555753ef80) at ../util/aio-posix.c:329
#3  0x0000555555e4f1a2 in aio_dispatch_handlers (ctx=0x555556bb0170) at ../util/aio-posix.c:372
#4  0x0000555555e4f1f8 in aio_dispatch (ctx=0x555556bb0170) at ../util/aio-posix.c:382
#5  0x0000555555e3dcfd in aio_ctx_dispatch (source=0x555556bb0170, callback=0x0, user_data=0x0) at ../util/async.c:306
#6  0x00007ffff43c47f7 in g_main_context_dispatch () from /lib/x86_64-linux-gnu/libglib-2.0.so.0
#7  0x0000555555e2df5b in glib_pollfds_poll () at ../util/main-loop.c:226
#8  0x0000555555e2dfd5 in os_host_main_loop_wait (timeout=0x0) at ../util/main-loop.c:251
#9  0x0000555555e2e0e4 in main_loop_wait (nonblocking=0x0) at ../util/main-loop.c:543
#10 0x0000555555ae0c6d in qemu_main_loop () at ../softmmu/vl.c:1763
#11 0x00005555556c14c8 in main (argc=0x16, argv=0x7fffffffe0c8, envp=0x7fffffffe180) at ../softmmu/main.c:73
#12 0x00007fffdeef82e1 in __libc_start_main (main=0x5555556c1420 <main>, argc=0x16, argv=0x7fffffffe0c8, init=<optimized out>, fini=<optimized out>, rtld_fini=<optimized out>, stack_end=0x7fffffffe0b8) at ../csu/libc-start.c:291
#13 0x00005555556c131a in _start ()
 ============ End Log ============
Breakpoint 2 at 0x68c0db: kvm_vm_ioctl. (2 locations)
Breakpoint 3 at 0x685547: accel/kvm/kvm-all.c:522. (2 locations)
load_snapshot is called 
Finding the snapshot...
Finding VM State ... 
pre aio progress... 
aio progress...
progress...
qemu_fopen_bdrv function is called

Thread 2.1 "qemu-system-x86" hit Breakpoint 2, kvm_vm_ioctl (s=0x555556de78c0, type=0xc008ae67) at ../accel/kvm/kvm-all.c:4101
4101	{
#0  kvm_vm_ioctl (s=0x555556de78c0, type=0xc008ae67) at ../accel/kvm/kvm-all.c:4101
#1  0x0000555555a87971 in kvm_set_irq (s=0x555556de78c0, irq=0x4, level=0x0) at ../accel/kvm/kvm-all.c:1557
#2  0x00005555559eabc6 in kvm_pic_set_irq (opaque=0x0, irq=0x4, level=0x0) at ../hw/i386/kvm/i8259.c:119
#3  0x0000555555c047d6 in qemu_set_irq (irq=0x55555735da10, level=0x0) at ../hw/core/irq.c:45
#4  0x00005555559bf57a in gsi_handler (opaque=0x555556f3bf40, n=0x4, level=0x0) at ../hw/i386/x86.c:593
#5  0x0000555555c047d6 in qemu_set_irq (irq=0x555556f3c4a0, level=0x0) at ../hw/core/irq.c:45
#6  0x000055555571c192 in qemu_irq_lower (irq=0x555556f3c4a0) at /root/kvm-samples/qemu-5.2.0/include/hw/irq.h:17
#7  0x000055555571e0d0 in serial_reset (opaque=0x555557719c10) at ../hw/char/serial.c:890
#8  0x0000555555c0288f in qemu_devices_reset () at ../hw/core/reset.c:69
#9  0x00005555559d39df in pc_machine_reset (machine=0x555556d9f110) at ../hw/i386/pc.c:1615
#10 0x0000555555ae0513 in qemu_system_reset (reason=SHUTDOWN_CAUSE_NONE) at ../softmmu/vl.c:1490
#11 0x0000555555954fb4 in load_snapshot_memory (name=0x555555f807e6 "newtest", errp=0x0) at ../migration/savevm.c:3031
#12 0x0000555555ae5a62 in handle_load_snapshot (opaque=0x555556dee130) at ../softmmu/vl.c:3540
#13 0x0000555555e4efe9 in aio_dispatch_handler (ctx=0x555556bb0170, node=0x55555753ef80) at ../util/aio-posix.c:329
#14 0x0000555555e4f1a2 in aio_dispatch_handlers (ctx=0x555556bb0170) at ../util/aio-posix.c:372
#15 0x0000555555e4f1f8 in aio_dispatch (ctx=0x555556bb0170) at ../util/aio-posix.c:382
#16 0x0000555555e3dcfd in aio_ctx_dispatch (source=0x555556bb0170, callback=0x0, user_data=0x0) at ../util/async.c:306
#17 0x00007ffff43c47f7 in g_main_context_dispatch () from /lib/x86_64-linux-gnu/libglib-2.0.so.0
#18 0x0000555555e2df5b in glib_pollfds_poll () at ../util/main-loop.c:226
#19 0x0000555555e2dfd5 in os_host_main_loop_wait (timeout=0x0) at ../util/main-loop.c:251
#20 0x0000555555e2e0e4 in main_loop_wait (nonblocking=0x0) at ../util/main-loop.c:543
#21 0x0000555555ae0c6d in qemu_main_loop () at ../softmmu/vl.c:1763
#22 0x00005555556c14c8 in main (argc=0x16, argv=0x7fffffffe0c8, envp=0x7fffffffe180) at ../softmmu/main.c:73
#23 0x00007fffdeef82e1 in __libc_start_main (main=0x5555556c1420 <main>, argc=0x16, argv=0x7fffffffe0c8, init=<optimized out>, fini=<optimized out>, rtld_fini=<optimized out>, stack_end=0x7fffffffe0b8) at ../csu/libc-start.c:291
#24 0x00005555556c131a in _start ()
Breakpoint 4 at 0x68b227: kvm_cpu_exec. (2 locations)

Thread 2.1 "qemu-system-x86" hit Breakpoint 2, kvm_vm_ioctl (s=0x555556de78c0, type=0xc008ae67) at ../accel/kvm/kvm-all.c:4101
4101	{
#0  kvm_vm_ioctl (s=0x555556de78c0, type=0xc008ae67) at ../accel/kvm/kvm-all.c:4101
#1  0x0000555555a87971 in kvm_set_irq (s=0x555556de78c0, irq=0x4, level=0x0) at ../accel/kvm/kvm-all.c:1557
#2  0x00005555559c1529 in kvm_ioapic_set_irq (opaque=0x55555735ec00, irq=0x4, level=0x0) at ../hw/i386/kvm/ioapic.c:119
#3  0x0000555555c047d6 in qemu_set_irq (irq=0x55555735fdd0, level=0x0) at ../hw/core/irq.c:45
#4  0x00005555559bf599 in gsi_handler (opaque=0x555556f3bf40, n=0x4, level=0x0) at ../hw/i386/x86.c:595
#5  0x0000555555c047d6 in qemu_set_irq (irq=0x555556f3c4a0, level=0x0) at ../hw/core/irq.c:45
#6  0x000055555571c192 in qemu_irq_lower (irq=0x555556f3c4a0) at /root/kvm-samples/qemu-5.2.0/include/hw/irq.h:17
#7  0x000055555571e0d0 in serial_reset (opaque=0x555557719c10) at ../hw/char/serial.c:890
#8  0x0000555555c0288f in qemu_devices_reset () at ../hw/core/reset.c:69
#9  0x00005555559d39df in pc_machine_reset (machine=0x555556d9f110) at ../hw/i386/pc.c:1615
#10 0x0000555555ae0513 in qemu_system_reset (reason=SHUTDOWN_CAUSE_NONE) at ../softmmu/vl.c:1490
#11 0x0000555555954fb4 in load_snapshot_memory (name=0x555555f807e6 "newtest", errp=0x0) at ../migration/savevm.c:3031
#12 0x0000555555ae5a62 in handle_load_snapshot (opaque=0x555556dee130) at ../softmmu/vl.c:3540
#13 0x0000555555e4efe9 in aio_dispatch_handler (ctx=0x555556bb0170, node=0x55555753ef80) at ../util/aio-posix.c:329
#14 0x0000555555e4f1a2 in aio_dispatch_handlers (ctx=0x555556bb0170) at ../util/aio-posix.c:372
#15 0x0000555555e4f1f8 in aio_dispatch (ctx=0x555556bb0170) at ../util/aio-posix.c:382
#16 0x0000555555e3dcfd in aio_ctx_dispatch (source=0x555556bb0170, callback=0x0, user_data=0x0) at ../util/async.c:306
#17 0x00007ffff43c47f7 in g_main_context_dispatch () from /lib/x86_64-linux-gnu/libglib-2.0.so.0
#18 0x0000555555e2df5b in glib_pollfds_poll () at ../util/main-loop.c:226
#19 0x0000555555e2dfd5 in os_host_main_loop_wait (timeout=0x0) at ../util/main-loop.c:251
#20 0x0000555555e2e0e4 in main_loop_wait (nonblocking=0x0) at ../util/main-loop.c:543
#21 0x0000555555ae0c6d in qemu_main_loop () at ../softmmu/vl.c:1763
#22 0x00005555556c14c8 in main (argc=0x16, argv=0x7fffffffe0c8, envp=0x7fffffffe180) at ../softmmu/main.c:73
#23 0x00007fffdeef82e1 in __libc_start_main (main=0x5555556c1420 <main>, argc=0x16, argv=0x7fffffffe0c8, init=<optimized out>, fini=<optimized out>, rtld_fini=<optimized out>, stack_end=0x7fffffffe0b8) at ../csu/libc-start.c:291
#24 0x00005555556c131a in _start ()

Thread 2.1 "qemu-system-x86" hit Breakpoint 2, kvm_vm_ioctl (s=0x555556de78c0, type=0xc008ae67) at ../accel/kvm/kvm-all.c:4101
4101	{
#0  kvm_vm_ioctl (s=0x555556de78c0, type=0xc008ae67) at ../accel/kvm/kvm-all.c:4101
#1  0x0000555555a87971 in kvm_set_irq (s=0x555556de78c0, irq=0x1, level=0x0) at ../accel/kvm/kvm-all.c:1557
#2  0x00005555559eabc6 in kvm_pic_set_irq (opaque=0x0, irq=0x1, level=0x0) at ../hw/i386/kvm/i8259.c:119
#3  0x0000555555c047d6 in qemu_set_irq (irq=0x55555734de20, level=0x0) at ../hw/core/irq.c:45
#4  0x00005555559bf57a in gsi_handler (opaque=0x555556f3bf40, n=0x1, level=0x0) at ../hw/i386/x86.c:593
#5  0x0000555555c047d6 in qemu_set_irq (irq=0x555556f3c230, level=0x0) at ../hw/core/irq.c:45
#6  0x00005555558f3a49 in kbd_update_irq (s=0x5555577a7a88) at ../hw/input/pckbd.c:177
#7  0x00005555558f3ab4 in kbd_update_kbd_irq (opaque=0x5555577a7a88, level=0x0) at ../hw/input/pckbd.c:189
#8  0x00005555556ea472 in ps2_common_reset (s=0x5555577dc9b0) at ../hw/input/ps2.c:915
#9  0x00005555556ea5cf in ps2_kbd_reset (opaque=0x5555577dc9b0) at ../hw/input/ps2.c:952
#10 0x0000555555c0288f in qemu_devices_reset () at ../hw/core/reset.c:69
#11 0x00005555559d39df in pc_machine_reset (machine=0x555556d9f110) at ../hw/i386/pc.c:1615
#12 0x0000555555ae0513 in qemu_system_reset (reason=SHUTDOWN_CAUSE_NONE) at ../softmmu/vl.c:1490
#13 0x0000555555954fb4 in load_snapshot_memory (name=0x555555f807e6 "newtest", errp=0x0) at ../migration/savevm.c:3031
#14 0x0000555555ae5a62 in handle_load_snapshot (opaque=0x555556dee130) at ../softmmu/vl.c:3540
#15 0x0000555555e4efe9 in aio_dispatch_handler (ctx=0x555556bb0170, node=0x55555753ef80) at ../util/aio-posix.c:329
#16 0x0000555555e4f1a2 in aio_dispatch_handlers (ctx=0x555556bb0170) at ../util/aio-posix.c:372
#17 0x0000555555e4f1f8 in aio_dispatch (ctx=0x555556bb0170) at ../util/aio-posix.c:382
#18 0x0000555555e3dcfd in aio_ctx_dispatch (source=0x555556bb0170, callback=0x0, user_data=0x0) at ../util/async.c:306
#19 0x00007ffff43c47f7 in g_main_context_dispatch () from /lib/x86_64-linux-gnu/libglib-2.0.so.0
#20 0x0000555555e2df5b in glib_pollfds_poll () at ../util/main-loop.c:226
#21 0x0000555555e2dfd5 in os_host_main_loop_wait (timeout=0x0) at ../util/main-loop.c:251
#22 0x0000555555e2e0e4 in main_loop_wait (nonblocking=0x0) at ../util/main-loop.c:543
#23 0x0000555555ae0c6d in qemu_main_loop () at ../softmmu/vl.c:1763
#24 0x00005555556c14c8 in main (argc=0x16, argv=0x7fffffffe0c8, envp=0x7fffffffe180) at ../softmmu/main.c:73
#25 0x00007fffdeef82e1 in __libc_start_main (main=0x5555556c1420 <main>, argc=0x16, argv=0x7fffffffe0c8, init=<optimized out>, fini=<optimized out>, rtld_fini=<optimized out>, stack_end=0x7fffffffe0b8) at ../csu/libc-start.c:291
#26 0x00005555556c131a in _start ()

Thread 2.1 "qemu-system-x86" hit Breakpoint 2, kvm_vm_ioctl (s=0x555556de78c0, type=0xc008ae67) at ../accel/kvm/kvm-all.c:4101
4101	{
#0  kvm_vm_ioctl (s=0x555556de78c0, type=0xc008ae67) at ../accel/kvm/kvm-all.c:4101
#1  0x0000555555a87971 in kvm_set_irq (s=0x555556de78c0, irq=0x1, level=0x0) at ../accel/kvm/kvm-all.c:1557
#2  0x00005555559c1529 in kvm_ioapic_set_irq (opaque=0x55555735ec00, irq=0x1, level=0x0) at ../hw/i386/kvm/ioapic.c:119
#3  0x0000555555c047d6 in qemu_set_irq (irq=0x55555735fb60, level=0x0) at ../hw/core/irq.c:45
#4  0x00005555559bf599 in gsi_handler (opaque=0x555556f3bf40, n=0x1, level=0x0) at ../hw/i386/x86.c:595
#5  0x0000555555c047d6 in qemu_set_irq (irq=0x555556f3c230, level=0x0) at ../hw/core/irq.c:45
#6  0x00005555558f3a49 in kbd_update_irq (s=0x5555577a7a88) at ../hw/input/pckbd.c:177
#7  0x00005555558f3ab4 in kbd_update_kbd_irq (opaque=0x5555577a7a88, level=0x0) at ../hw/input/pckbd.c:189
#8  0x00005555556ea472 in ps2_common_reset (s=0x5555577dc9b0) at ../hw/input/ps2.c:915
#9  0x00005555556ea5cf in ps2_kbd_reset (opaque=0x5555577dc9b0) at ../hw/input/ps2.c:952
#10 0x0000555555c0288f in qemu_devices_reset () at ../hw/core/reset.c:69
#11 0x00005555559d39df in pc_machine_reset (machine=0x555556d9f110) at ../hw/i386/pc.c:1615
#12 0x0000555555ae0513 in qemu_system_reset (reason=SHUTDOWN_CAUSE_NONE) at ../softmmu/vl.c:1490
#13 0x0000555555954fb4 in load_snapshot_memory (name=0x555555f807e6 "newtest", errp=0x0) at ../migration/savevm.c:3031
#14 0x0000555555ae5a62 in handle_load_snapshot (opaque=0x555556dee130) at ../softmmu/vl.c:3540
#15 0x0000555555e4efe9 in aio_dispatch_handler (ctx=0x555556bb0170, node=0x55555753ef80) at ../util/aio-posix.c:329
#16 0x0000555555e4f1a2 in aio_dispatch_handlers (ctx=0x555556bb0170) at ../util/aio-posix.c:372
#17 0x0000555555e4f1f8 in aio_dispatch (ctx=0x555556bb0170) at ../util/aio-posix.c:382
#18 0x0000555555e3dcfd in aio_ctx_dispatch (source=0x555556bb0170, callback=0x0, user_data=0x0) at ../util/async.c:306
#19 0x00007ffff43c47f7 in g_main_context_dispatch () from /lib/x86_64-linux-gnu/libglib-2.0.so.0
#20 0x0000555555e2df5b in glib_pollfds_poll () at ../util/main-loop.c:226
#21 0x0000555555e2dfd5 in os_host_main_loop_wait (timeout=0x0) at ../util/main-loop.c:251
#22 0x0000555555e2e0e4 in main_loop_wait (nonblocking=0x0) at ../util/main-loop.c:543
#23 0x0000555555ae0c6d in qemu_main_loop () at ../softmmu/vl.c:1763
#24 0x00005555556c14c8 in main (argc=0x16, argv=0x7fffffffe0c8, envp=0x7fffffffe180) at ../softmmu/main.c:73
#25 0x00007fffdeef82e1 in __libc_start_main (main=0x5555556c1420 <main>, argc=0x16, argv=0x7fffffffe0c8, init=<optimized out>, fini=<optimized out>, rtld_fini=<optimized out>, stack_end=0x7fffffffe0b8) at ../csu/libc-start.c:291
#26 0x00005555556c131a in _start ()

Thread 2.1 "qemu-system-x86" hit Breakpoint 2, kvm_vm_ioctl (s=0x555556de78c0, type=0xc008ae67) at ../accel/kvm/kvm-all.c:4101
4101	{
#0  kvm_vm_ioctl (s=0x555556de78c0, type=0xc008ae67) at ../accel/kvm/kvm-all.c:4101
#1  0x0000555555a87971 in kvm_set_irq (s=0x555556de78c0, irq=0xc, level=0x0) at ../accel/kvm/kvm-all.c:1557
#2  0x00005555559eabc6 in kvm_pic_set_irq (opaque=0x0, irq=0xc, level=0x0) at ../hw/i386/kvm/i8259.c:119
#3  0x0000555555c047d6 in qemu_set_irq (irq=0x55555735e090, level=0x0) at ../hw/core/irq.c:45
#4  0x00005555559bf57a in gsi_handler (opaque=0x555556f3bf40, n=0xc, level=0x0) at ../hw/i386/x86.c:593
#5  0x0000555555c047d6 in qemu_set_irq (irq=0x555556f439c0, level=0x0) at ../hw/core/irq.c:45
#6  0x00005555558f3a5e in kbd_update_irq (s=0x5555577a7a88) at ../hw/input/pckbd.c:178
#7  0x00005555558f3ab4 in kbd_update_kbd_irq (opaque=0x5555577a7a88, level=0x0) at ../hw/input/pckbd.c:189
#8  0x00005555556ea472 in ps2_common_reset (s=0x5555577dc9b0) at ../hw/input/ps2.c:915
#9  0x00005555556ea5cf in ps2_kbd_reset (opaque=0x5555577dc9b0) at ../hw/input/ps2.c:952
#10 0x0000555555c0288f in qemu_devices_reset () at ../hw/core/reset.c:69
#11 0x00005555559d39df in pc_machine_reset (machine=0x555556d9f110) at ../hw/i386/pc.c:1615
#12 0x0000555555ae0513 in qemu_system_reset (reason=SHUTDOWN_CAUSE_NONE) at ../softmmu/vl.c:1490
#13 0x0000555555954fb4 in load_snapshot_memory (name=0x555555f807e6 "newtest", errp=0x0) at ../migration/savevm.c:3031
#14 0x0000555555ae5a62 in handle_load_snapshot (opaque=0x555556dee130) at ../softmmu/vl.c:3540
#15 0x0000555555e4efe9 in aio_dispatch_handler (ctx=0x555556bb0170, node=0x55555753ef80) at ../util/aio-posix.c:329
#16 0x0000555555e4f1a2 in aio_dispatch_handlers (ctx=0x555556bb0170) at ../util/aio-posix.c:372
#17 0x0000555555e4f1f8 in aio_dispatch (ctx=0x555556bb0170) at ../util/aio-posix.c:382
#18 0x0000555555e3dcfd in aio_ctx_dispatch (source=0x555556bb0170, callback=0x0, user_data=0x0) at ../util/async.c:306
#19 0x00007ffff43c47f7 in g_main_context_dispatch () from /lib/x86_64-linux-gnu/libglib-2.0.so.0
#20 0x0000555555e2df5b in glib_pollfds_poll () at ../util/main-loop.c:226
#21 0x0000555555e2dfd5 in os_host_main_loop_wait (timeout=0x0) at ../util/main-loop.c:251
#22 0x0000555555e2e0e4 in main_loop_wait (nonblocking=0x0) at ../util/main-loop.c:543
#23 0x0000555555ae0c6d in qemu_main_loop () at ../softmmu/vl.c:1763
#24 0x00005555556c14c8 in main (argc=0x16, argv=0x7fffffffe0c8, envp=0x7fffffffe180) at ../softmmu/main.c:73
#25 0x00007fffdeef82e1 in __libc_start_main (main=0x5555556c1420 <main>, argc=0x16, argv=0x7fffffffe0c8, init=<optimized out>, fini=<optimized out>, rtld_fini=<optimized out>, stack_end=0x7fffffffe0b8) at ../csu/libc-start.c:291
#26 0x00005555556c131a in _start ()

Thread 2.1 "qemu-system-x86" hit Breakpoint 2, kvm_vm_ioctl (s=0x555556de78c0, type=0xc008ae67) at ../accel/kvm/kvm-all.c:4101
4101	{
#0  kvm_vm_ioctl (s=0x555556de78c0, type=0xc008ae67) at ../accel/kvm/kvm-all.c:4101
#1  0x0000555555a87971 in kvm_set_irq (s=0x555556de78c0, irq=0xc, level=0x0) at ../accel/kvm/kvm-all.c:1557
#2  0x00005555559c1529 in kvm_ioapic_set_irq (opaque=0x55555735ec00, irq=0xc, level=0x0) at ../hw/i386/kvm/ioapic.c:119
#3  0x0000555555c047d6 in qemu_set_irq (irq=0x555557360450, level=0x0) at ../hw/core/irq.c:45
#4  0x00005555559bf599 in gsi_handler (opaque=0x555556f3bf40, n=0xc, level=0x0) at ../hw/i386/x86.c:595
#5  0x0000555555c047d6 in qemu_set_irq (irq=0x555556f439c0, level=0x0) at ../hw/core/irq.c:45
#6  0x00005555558f3a5e in kbd_update_irq (s=0x5555577a7a88) at ../hw/input/pckbd.c:178
#7  0x00005555558f3ab4 in kbd_update_kbd_irq (opaque=0x5555577a7a88, level=0x0) at ../hw/input/pckbd.c:189
#8  0x00005555556ea472 in ps2_common_reset (s=0x5555577dc9b0) at ../hw/input/ps2.c:915
#9  0x00005555556ea5cf in ps2_kbd_reset (opaque=0x5555577dc9b0) at ../hw/input/ps2.c:952
#10 0x0000555555c0288f in qemu_devices_reset () at ../hw/core/reset.c:69
#11 0x00005555559d39df in pc_machine_reset (machine=0x555556d9f110) at ../hw/i386/pc.c:1615
#12 0x0000555555ae0513 in qemu_system_reset (reason=SHUTDOWN_CAUSE_NONE) at ../softmmu/vl.c:1490
#13 0x0000555555954fb4 in load_snapshot_memory (name=0x555555f807e6 "newtest", errp=0x0) at ../migration/savevm.c:3031
#14 0x0000555555ae5a62 in handle_load_snapshot (opaque=0x555556dee130) at ../softmmu/vl.c:3540
#15 0x0000555555e4efe9 in aio_dispatch_handler (ctx=0x555556bb0170, node=0x55555753ef80) at ../util/aio-posix.c:329
#16 0x0000555555e4f1a2 in aio_dispatch_handlers (ctx=0x555556bb0170) at ../util/aio-posix.c:372
#17 0x0000555555e4f1f8 in aio_dispatch (ctx=0x555556bb0170) at ../util/aio-posix.c:382
#18 0x0000555555e3dcfd in aio_ctx_dispatch (source=0x555556bb0170, callback=0x0, user_data=0x0) at ../util/async.c:306
#19 0x00007ffff43c47f7 in g_main_context_dispatch () from /lib/x86_64-linux-gnu/libglib-2.0.so.0
#20 0x0000555555e2df5b in glib_pollfds_poll () at ../util/main-loop.c:226
#21 0x0000555555e2dfd5 in os_host_main_loop_wait (timeout=0x0) at ../util/main-loop.c:251
#22 0x0000555555e2e0e4 in main_loop_wait (nonblocking=0x0) at ../util/main-loop.c:543
#23 0x0000555555ae0c6d in qemu_main_loop () at ../softmmu/vl.c:1763
#24 0x00005555556c14c8 in main (argc=0x16, argv=0x7fffffffe0c8, envp=0x7fffffffe180) at ../softmmu/main.c:73
#25 0x00007fffdeef82e1 in __libc_start_main (main=0x5555556c1420 <main>, argc=0x16, argv=0x7fffffffe0c8, init=<optimized out>, fini=<optimized out>, rtld_fini=<optimized out>, stack_end=0x7fffffffe0b8) at ../csu/libc-start.c:291
#26 0x00005555556c131a in _start ()

Thread 2.1 "qemu-system-x86" hit Breakpoint 2, kvm_vm_ioctl (s=0x555556de78c0, type=0xc008ae67) at ../accel/kvm/kvm-all.c:4101
4101	{
#0  kvm_vm_ioctl (s=0x555556de78c0, type=0xc008ae67) at ../accel/kvm/kvm-all.c:4101
#1  0x0000555555a87971 in kvm_set_irq (s=0x555556de78c0, irq=0x1, level=0x0) at ../accel/kvm/kvm-all.c:1557
#2  0x00005555559eabc6 in kvm_pic_set_irq (opaque=0x0, irq=0x1, level=0x0) at ../hw/i386/kvm/i8259.c:119
#3  0x0000555555c047d6 in qemu_set_irq (irq=0x55555734de20, level=0x0) at ../hw/core/irq.c:45
#4  0x00005555559bf57a in gsi_handler (opaque=0x555556f3bf40, n=0x1, level=0x0) at ../hw/i386/x86.c:593
#5  0x0000555555c047d6 in qemu_set_irq (irq=0x555556f3c230, level=0x0) at ../hw/core/irq.c:45
#6  0x00005555558f3a49 in kbd_update_irq (s=0x5555577a7a88) at ../hw/input/pckbd.c:177
#7  0x00005555558f3b0a in kbd_update_aux_irq (opaque=0x5555577a7a88, level=0x0) at ../hw/input/pckbd.c:200
#8  0x00005555556ea472 in ps2_common_reset (s=0x5555577eea30) at ../hw/input/ps2.c:915
#9  0x00005555556ea636 in ps2_mouse_reset (opaque=0x5555577eea30) at ../hw/input/ps2.c:964
#10 0x0000555555c0288f in qemu_devices_reset () at ../hw/core/reset.c:69
#11 0x00005555559d39df in pc_machine_reset (machine=0x555556d9f110) at ../hw/i386/pc.c:1615
#12 0x0000555555ae0513 in qemu_system_reset (reason=SHUTDOWN_CAUSE_NONE) at ../softmmu/vl.c:1490
#13 0x0000555555954fb4 in load_snapshot_memory (name=0x555555f807e6 "newtest", errp=0x0) at ../migration/savevm.c:3031
#14 0x0000555555ae5a62 in handle_load_snapshot (opaque=0x555556dee130) at ../softmmu/vl.c:3540
#15 0x0000555555e4efe9 in aio_dispatch_handler (ctx=0x555556bb0170, node=0x55555753ef80) at ../util/aio-posix.c:329
#16 0x0000555555e4f1a2 in aio_dispatch_handlers (ctx=0x555556bb0170) at ../util/aio-posix.c:372
#17 0x0000555555e4f1f8 in aio_dispatch (ctx=0x555556bb0170) at ../util/aio-posix.c:382
#18 0x0000555555e3dcfd in aio_ctx_dispatch (source=0x555556bb0170, callback=0x0, user_data=0x0) at ../util/async.c:306
#19 0x00007ffff43c47f7 in g_main_context_dispatch () from /lib/x86_64-linux-gnu/libglib-2.0.so.0
#20 0x0000555555e2df5b in glib_pollfds_poll () at ../util/main-loop.c:226
#21 0x0000555555e2dfd5 in os_host_main_loop_wait (timeout=0x0) at ../util/main-loop.c:251
#22 0x0000555555e2e0e4 in main_loop_wait (nonblocking=0x0) at ../util/main-loop.c:543
#23 0x0000555555ae0c6d in qemu_main_loop () at ../softmmu/vl.c:1763
#24 0x00005555556c14c8 in main (argc=0x16, argv=0x7fffffffe0c8, envp=0x7fffffffe180) at ../softmmu/main.c:73
#25 0x00007fffdeef82e1 in __libc_start_main (main=0x5555556c1420 <main>, argc=0x16, argv=0x7fffffffe0c8, init=<optimized out>, fini=<optimized out>, rtld_fini=<optimized out>, stack_end=0x7fffffffe0b8) at ../csu/libc-start.c:291
#26 0x00005555556c131a in _start ()

Thread 2.1 "qemu-system-x86" hit Breakpoint 2, kvm_vm_ioctl (s=0x555556de78c0, type=0xc008ae67) at ../accel/kvm/kvm-all.c:4101
4101	{
#0  kvm_vm_ioctl (s=0x555556de78c0, type=0xc008ae67) at ../accel/kvm/kvm-all.c:4101
#1  0x0000555555a87971 in kvm_set_irq (s=0x555556de78c0, irq=0x1, level=0x0) at ../accel/kvm/kvm-all.c:1557
#2  0x00005555559c1529 in kvm_ioapic_set_irq (opaque=0x55555735ec00, irq=0x1, level=0x0) at ../hw/i386/kvm/ioapic.c:119
#3  0x0000555555c047d6 in qemu_set_irq (irq=0x55555735fb60, level=0x0) at ../hw/core/irq.c:45
#4  0x00005555559bf599 in gsi_handler (opaque=0x555556f3bf40, n=0x1, level=0x0) at ../hw/i386/x86.c:595
#5  0x0000555555c047d6 in qemu_set_irq (irq=0x555556f3c230, level=0x0) at ../hw/core/irq.c:45
#6  0x00005555558f3a49 in kbd_update_irq (s=0x5555577a7a88) at ../hw/input/pckbd.c:177
#7  0x00005555558f3b0a in kbd_update_aux_irq (opaque=0x5555577a7a88, level=0x0) at ../hw/input/pckbd.c:200
#8  0x00005555556ea472 in ps2_common_reset (s=0x5555577eea30) at ../hw/input/ps2.c:915
#9  0x00005555556ea636 in ps2_mouse_reset (opaque=0x5555577eea30) at ../hw/input/ps2.c:964
#10 0x0000555555c0288f in qemu_devices_reset () at ../hw/core/reset.c:69
#11 0x00005555559d39df in pc_machine_reset (machine=0x555556d9f110) at ../hw/i386/pc.c:1615
#12 0x0000555555ae0513 in qemu_system_reset (reason=SHUTDOWN_CAUSE_NONE) at ../softmmu/vl.c:1490
#13 0x0000555555954fb4 in load_snapshot_memory (name=0x555555f807e6 "newtest", errp=0x0) at ../migration/savevm.c:3031
#14 0x0000555555ae5a62 in handle_load_snapshot (opaque=0x555556dee130) at ../softmmu/vl.c:3540
#15 0x0000555555e4efe9 in aio_dispatch_handler (ctx=0x555556bb0170, node=0x55555753ef80) at ../util/aio-posix.c:329
#16 0x0000555555e4f1a2 in aio_dispatch_handlers (ctx=0x555556bb0170) at ../util/aio-posix.c:372
#17 0x0000555555e4f1f8 in aio_dispatch (ctx=0x555556bb0170) at ../util/aio-posix.c:382
#18 0x0000555555e3dcfd in aio_ctx_dispatch (source=0x555556bb0170, callback=0x0, user_data=0x0) at ../util/async.c:306
#19 0x00007ffff43c47f7 in g_main_context_dispatch () from /lib/x86_64-linux-gnu/libglib-2.0.so.0
#20 0x0000555555e2df5b in glib_pollfds_poll () at ../util/main-loop.c:226
#21 0x0000555555e2dfd5 in os_host_main_loop_wait (timeout=0x0) at ../util/main-loop.c:251
#22 0x0000555555e2e0e4 in main_loop_wait (nonblocking=0x0) at ../util/main-loop.c:543
#23 0x0000555555ae0c6d in qemu_main_loop () at ../softmmu/vl.c:1763
#24 0x00005555556c14c8 in main (argc=0x16, argv=0x7fffffffe0c8, envp=0x7fffffffe180) at ../softmmu/main.c:73
#25 0x00007fffdeef82e1 in __libc_start_main (main=0x5555556c1420 <main>, argc=0x16, argv=0x7fffffffe0c8, init=<optimized out>, fini=<optimized out>, rtld_fini=<optimized out>, stack_end=0x7fffffffe0b8) at ../csu/libc-start.c:291
#26 0x00005555556c131a in _start ()

Thread 2.1 "qemu-system-x86" hit Breakpoint 2, kvm_vm_ioctl (s=0x555556de78c0, type=0xc008ae67) at ../accel/kvm/kvm-all.c:4101
4101	{
#0  kvm_vm_ioctl (s=0x555556de78c0, type=0xc008ae67) at ../accel/kvm/kvm-all.c:4101
#1  0x0000555555a87971 in kvm_set_irq (s=0x555556de78c0, irq=0xc, level=0x0) at ../accel/kvm/kvm-all.c:1557
#2  0x00005555559eabc6 in kvm_pic_set_irq (opaque=0x0, irq=0xc, level=0x0) at ../hw/i386/kvm/i8259.c:119
#3  0x0000555555c047d6 in qemu_set_irq (irq=0x55555735e090, level=0x0) at ../hw/core/irq.c:45
#4  0x00005555559bf57a in gsi_handler (opaque=0x555556f3bf40, n=0xc, level=0x0) at ../hw/i386/x86.c:593
#5  0x0000555555c047d6 in qemu_set_irq (irq=0x555556f439c0, level=0x0) at ../hw/core/irq.c:45
#6  0x00005555558f3a5e in kbd_update_irq (s=0x5555577a7a88) at ../hw/input/pckbd.c:178
#7  0x00005555558f3b0a in kbd_update_aux_irq (opaque=0x5555577a7a88, level=0x0) at ../hw/input/pckbd.c:200
#8  0x00005555556ea472 in ps2_common_reset (s=0x5555577eea30) at ../hw/input/ps2.c:915
#9  0x00005555556ea636 in ps2_mouse_reset (opaque=0x5555577eea30) at ../hw/input/ps2.c:964
#10 0x0000555555c0288f in qemu_devices_reset () at ../hw/core/reset.c:69
#11 0x00005555559d39df in pc_machine_reset (machine=0x555556d9f110) at ../hw/i386/pc.c:1615
#12 0x0000555555ae0513 in qemu_system_reset (reason=SHUTDOWN_CAUSE_NONE) at ../softmmu/vl.c:1490
#13 0x0000555555954fb4 in load_snapshot_memory (name=0x555555f807e6 "newtest", errp=0x0) at ../migration/savevm.c:3031
#14 0x0000555555ae5a62 in handle_load_snapshot (opaque=0x555556dee130) at ../softmmu/vl.c:3540
#15 0x0000555555e4efe9 in aio_dispatch_handler (ctx=0x555556bb0170, node=0x55555753ef80) at ../util/aio-posix.c:329
#16 0x0000555555e4f1a2 in aio_dispatch_handlers (ctx=0x555556bb0170) at ../util/aio-posix.c:372
#17 0x0000555555e4f1f8 in aio_dispatch (ctx=0x555556bb0170) at ../util/aio-posix.c:382
#18 0x0000555555e3dcfd in aio_ctx_dispatch (source=0x555556bb0170, callback=0x0, user_data=0x0) at ../util/async.c:306
#19 0x00007ffff43c47f7 in g_main_context_dispatch () from /lib/x86_64-linux-gnu/libglib-2.0.so.0
#20 0x0000555555e2df5b in glib_pollfds_poll () at ../util/main-loop.c:226
#21 0x0000555555e2dfd5 in os_host_main_loop_wait (timeout=0x0) at ../util/main-loop.c:251
#22 0x0000555555e2e0e4 in main_loop_wait (nonblocking=0x0) at ../util/main-loop.c:543
#23 0x0000555555ae0c6d in qemu_main_loop () at ../softmmu/vl.c:1763
#24 0x00005555556c14c8 in main (argc=0x16, argv=0x7fffffffe0c8, envp=0x7fffffffe180) at ../softmmu/main.c:73
#25 0x00007fffdeef82e1 in __libc_start_main (main=0x5555556c1420 <main>, argc=0x16, argv=0x7fffffffe0c8, init=<optimized out>, fini=<optimized out>, rtld_fini=<optimized out>, stack_end=0x7fffffffe0b8) at ../csu/libc-start.c:291
#26 0x00005555556c131a in _start ()

Thread 2.1 "qemu-system-x86" hit Breakpoint 2, kvm_vm_ioctl (s=0x555556de78c0, type=0xc008ae67) at ../accel/kvm/kvm-all.c:4101
4101	{
#0  kvm_vm_ioctl (s=0x555556de78c0, type=0xc008ae67) at ../accel/kvm/kvm-all.c:4101
#1  0x0000555555a87971 in kvm_set_irq (s=0x555556de78c0, irq=0xc, level=0x0) at ../accel/kvm/kvm-all.c:1557
#2  0x00005555559c1529 in kvm_ioapic_set_irq (opaque=0x55555735ec00, irq=0xc, level=0x0) at ../hw/i386/kvm/ioapic.c:119
#3  0x0000555555c047d6 in qemu_set_irq (irq=0x555557360450, level=0x0) at ../hw/core/irq.c:45
#4  0x00005555559bf599 in gsi_handler (opaque=0x555556f3bf40, n=0xc, level=0x0) at ../hw/i386/x86.c:595
#5  0x0000555555c047d6 in qemu_set_irq (irq=0x555556f439c0, level=0x0) at ../hw/core/irq.c:45
#6  0x00005555558f3a5e in kbd_update_irq (s=0x5555577a7a88) at ../hw/input/pckbd.c:178
#7  0x00005555558f3b0a in kbd_update_aux_irq (opaque=0x5555577a7a88, level=0x0) at ../hw/input/pckbd.c:200
#8  0x00005555556ea472 in ps2_common_reset (s=0x5555577eea30) at ../hw/input/ps2.c:915
#9  0x00005555556ea636 in ps2_mouse_reset (opaque=0x5555577eea30) at ../hw/input/ps2.c:964
#10 0x0000555555c0288f in qemu_devices_reset () at ../hw/core/reset.c:69
#11 0x00005555559d39df in pc_machine_reset (machine=0x555556d9f110) at ../hw/i386/pc.c:1615
#12 0x0000555555ae0513 in qemu_system_reset (reason=SHUTDOWN_CAUSE_NONE) at ../softmmu/vl.c:1490
#13 0x0000555555954fb4 in load_snapshot_memory (name=0x555555f807e6 "newtest", errp=0x0) at ../migration/savevm.c:3031
#14 0x0000555555ae5a62 in handle_load_snapshot (opaque=0x555556dee130) at ../softmmu/vl.c:3540
#15 0x0000555555e4efe9 in aio_dispatch_handler (ctx=0x555556bb0170, node=0x55555753ef80) at ../util/aio-posix.c:329
#16 0x0000555555e4f1a2 in aio_dispatch_handlers (ctx=0x555556bb0170) at ../util/aio-posix.c:372
#17 0x0000555555e4f1f8 in aio_dispatch (ctx=0x555556bb0170) at ../util/aio-posix.c:382
#18 0x0000555555e3dcfd in aio_ctx_dispatch (source=0x555556bb0170, callback=0x0, user_data=0x0) at ../util/async.c:306
#19 0x00007ffff43c47f7 in g_main_context_dispatch () from /lib/x86_64-linux-gnu/libglib-2.0.so.0
#20 0x0000555555e2df5b in glib_pollfds_poll () at ../util/main-loop.c:226
#21 0x0000555555e2dfd5 in os_host_main_loop_wait (timeout=0x0) at ../util/main-loop.c:251
#22 0x0000555555e2e0e4 in main_loop_wait (nonblocking=0x0) at ../util/main-loop.c:543
#23 0x0000555555ae0c6d in qemu_main_loop () at ../softmmu/vl.c:1763
#24 0x00005555556c14c8 in main (argc=0x16, argv=0x7fffffffe0c8, envp=0x7fffffffe180) at ../softmmu/main.c:73
#25 0x00007fffdeef82e1 in __libc_start_main (main=0x5555556c1420 <main>, argc=0x16, argv=0x7fffffffe0c8, init=<optimized out>, fini=<optimized out>, rtld_fini=<optimized out>, stack_end=0x7fffffffe0b8) at ../csu/libc-start.c:291
#26 0x00005555556c131a in _start ()

Thread 2.1 "qemu-system-x86" hit Breakpoint 2, kvm_vm_ioctl (s=0x555556de78c0, type=0xc008ae67) at ../accel/kvm/kvm-all.c:4101
4101	{
#0  kvm_vm_ioctl (s=0x555556de78c0, type=0xc008ae67) at ../accel/kvm/kvm-all.c:4101
#1  0x0000555555a87971 in kvm_set_irq (s=0x555556de78c0, irq=0x0, level=0x0) at ../accel/kvm/kvm-all.c:1557
#2  0x00005555559eabc6 in kvm_pic_set_irq (opaque=0x0, irq=0x0, level=0x0) at ../hw/i386/kvm/i8259.c:119
#3  0x0000555555c047d6 in qemu_set_irq (irq=0x55555734dd50, level=0x0) at ../hw/core/irq.c:45
#4  0x00005555559bf57a in gsi_handler (opaque=0x555556f3bf40, n=0x0, level=0x0) at ../hw/i386/x86.c:593
#5  0x0000555555c047d6 in qemu_set_irq (irq=0x555556f3c160, level=0x0) at ../hw/core/irq.c:45
#6  0x00005555557127c0 in qemu_irq_lower (irq=0x555556f3c160) at /root/kvm-samples/qemu-5.2.0/include/hw/irq.h:17
#7  0x0000555555712ba9 in update_irq (timer=0x5555575505d8, set=0x0) at ../hw/timer/hpet.c:208
#8  0x0000555555713172 in hpet_del_timer (t=0x5555575505d8) at ../hw/timer/hpet.c:417
#9  0x0000555555713b7e in hpet_reset (d=0x5555575500a0) at ../hw/timer/hpet.c:680
#10 0x0000555555c023d8 in device_transitional_reset (obj=0x5555575500a0) at ../hw/core/qdev.c:1153
#11 0x0000555555c0433f in resettable_phase_hold (obj=0x5555575500a0, opaque=0x0, type=RESET_TYPE_COLD) at ../hw/core/resettable.c:182
#12 0x0000555555bfc3d2 in bus_reset_child_foreach (obj=0x555556da7760, cb=0x555555c04211 <resettable_phase_hold>, opaque=0x0, type=RESET_TYPE_COLD) at ../hw/core/bus.c:97
#13 0x0000555555c04046 in resettable_child_foreach (rc=0x555556ceb290, obj=0x555556da7760, cb=0x555555c04211 <resettable_phase_hold>, opaque=0x0, type=RESET_TYPE_COLD) at ../hw/core/resettable.c:96
#14 0x0000555555c042c5 in resettable_phase_hold (obj=0x555556da7760, opaque=0x0, type=RESET_TYPE_COLD) at ../hw/core/resettable.c:173
#15 0x0000555555c03efb in resettable_assert_reset (obj=0x555556da7760, type=RESET_TYPE_COLD) at ../hw/core/resettable.c:60
#16 0x0000555555c03e3f in resettable_reset (obj=0x555556da7760, type=RESET_TYPE_COLD) at ../hw/core/resettable.c:45
#17 0x0000555555c0467b in resettable_cold_reset_fn (opaque=0x555556da7760) at ../hw/core/resettable.c:269
#18 0x0000555555c0288f in qemu_devices_reset () at ../hw/core/reset.c:69
#19 0x00005555559d39df in pc_machine_reset (machine=0x555556d9f110) at ../hw/i386/pc.c:1615
#20 0x0000555555ae0513 in qemu_system_reset (reason=SHUTDOWN_CAUSE_NONE) at ../softmmu/vl.c:1490
#21 0x0000555555954fb4 in load_snapshot_memory (name=0x555555f807e6 "newtest", errp=0x0) at ../migration/savevm.c:3031
#22 0x0000555555ae5a62 in handle_load_snapshot (opaque=0x555556dee130) at ../softmmu/vl.c:3540
#23 0x0000555555e4efe9 in aio_dispatch_handler (ctx=0x555556bb0170, node=0x55555753ef80) at ../util/aio-posix.c:329
#24 0x0000555555e4f1a2 in aio_dispatch_handlers (ctx=0x555556bb0170) at ../util/aio-posix.c:372
#25 0x0000555555e4f1f8 in aio_dispatch (ctx=0x555556bb0170) at ../util/aio-posix.c:382
#26 0x0000555555e3dcfd in aio_ctx_dispatch (source=0x555556bb0170, callback=0x0, user_data=0x0) at ../util/async.c:306
#27 0x00007ffff43c47f7 in g_main_context_dispatch () from /lib/x86_64-linux-gnu/libglib-2.0.so.0
#28 0x0000555555e2df5b in glib_pollfds_poll () at ../util/main-loop.c:226
#29 0x0000555555e2dfd5 in os_host_main_loop_wait (timeout=0x0) at ../util/main-loop.c:251
#30 0x0000555555e2e0e4 in main_loop_wait (nonblocking=0x0) at ../util/main-loop.c:543
#31 0x0000555555ae0c6d in qemu_main_loop () at ../softmmu/vl.c:1763
#32 0x00005555556c14c8 in main (argc=0x16, argv=0x7fffffffe0c8, envp=0x7fffffffe180) at ../softmmu/main.c:73
#33 0x00007fffdeef82e1 in __libc_start_main (main=0x5555556c1420 <main>, argc=0x16, argv=0x7fffffffe0c8, init=<optimized out>, fini=<optimized out>, rtld_fini=<optimized out>, stack_end=0x7fffffffe0b8) at ../csu/libc-start.c:291
#34 0x00005555556c131a in _start ()

Thread 2.1 "qemu-system-x86" hit Breakpoint 2, kvm_vm_ioctl (s=0x555556de78c0, type=0xc008ae67) at ../accel/kvm/kvm-all.c:4101
4101	{
#0  kvm_vm_ioctl (s=0x555556de78c0, type=0xc008ae67) at ../accel/kvm/kvm-all.c:4101
#1  0x0000555555a87971 in kvm_set_irq (s=0x555556de78c0, irq=0x0, level=0x0) at ../accel/kvm/kvm-all.c:1557
#2  0x00005555559c1529 in kvm_ioapic_set_irq (opaque=0x55555735ec00, irq=0x0, level=0x0) at ../hw/i386/kvm/ioapic.c:119
#3  0x0000555555c047d6 in qemu_set_irq (irq=0x55555735fa90, level=0x0) at ../hw/core/irq.c:45
#4  0x00005555559bf599 in gsi_handler (opaque=0x555556f3bf40, n=0x0, level=0x0) at ../hw/i386/x86.c:595
#5  0x0000555555c047d6 in qemu_set_irq (irq=0x555556f3c160, level=0x0) at ../hw/core/irq.c:45
#6  0x00005555557127c0 in qemu_irq_lower (irq=0x555556f3c160) at /root/kvm-samples/qemu-5.2.0/include/hw/irq.h:17
#7  0x0000555555712ba9 in update_irq (timer=0x5555575505d8, set=0x0) at ../hw/timer/hpet.c:208
#8  0x0000555555713172 in hpet_del_timer (t=0x5555575505d8) at ../hw/timer/hpet.c:417
#9  0x0000555555713b7e in hpet_reset (d=0x5555575500a0) at ../hw/timer/hpet.c:680
#10 0x0000555555c023d8 in device_transitional_reset (obj=0x5555575500a0) at ../hw/core/qdev.c:1153
#11 0x0000555555c0433f in resettable_phase_hold (obj=0x5555575500a0, opaque=0x0, type=RESET_TYPE_COLD) at ../hw/core/resettable.c:182
#12 0x0000555555bfc3d2 in bus_reset_child_foreach (obj=0x555556da7760, cb=0x555555c04211 <resettable_phase_hold>, opaque=0x0, type=RESET_TYPE_COLD) at ../hw/core/bus.c:97
#13 0x0000555555c04046 in resettable_child_foreach (rc=0x555556ceb290, obj=0x555556da7760, cb=0x555555c04211 <resettable_phase_hold>, opaque=0x0, type=RESET_TYPE_COLD) at ../hw/core/resettable.c:96
#14 0x0000555555c042c5 in resettable_phase_hold (obj=0x555556da7760, opaque=0x0, type=RESET_TYPE_COLD) at ../hw/core/resettable.c:173
#15 0x0000555555c03efb in resettable_assert_reset (obj=0x555556da7760, type=RESET_TYPE_COLD) at ../hw/core/resettable.c:60
#16 0x0000555555c03e3f in resettable_reset (obj=0x555556da7760, type=RESET_TYPE_COLD) at ../hw/core/resettable.c:45
#17 0x0000555555c0467b in resettable_cold_reset_fn (opaque=0x555556da7760) at ../hw/core/resettable.c:269
#18 0x0000555555c0288f in qemu_devices_reset () at ../hw/core/reset.c:69
#19 0x00005555559d39df in pc_machine_reset (machine=0x555556d9f110) at ../hw/i386/pc.c:1615
#20 0x0000555555ae0513 in qemu_system_reset (reason=SHUTDOWN_CAUSE_NONE) at ../softmmu/vl.c:1490
#21 0x0000555555954fb4 in load_snapshot_memory (name=0x555555f807e6 "newtest", errp=0x0) at ../migration/savevm.c:3031
#22 0x0000555555ae5a62 in handle_load_snapshot (opaque=0x555556dee130) at ../softmmu/vl.c:3540
#23 0x0000555555e4efe9 in aio_dispatch_handler (ctx=0x555556bb0170, node=0x55555753ef80) at ../util/aio-posix.c:329
#24 0x0000555555e4f1a2 in aio_dispatch_handlers (ctx=0x555556bb0170) at ../util/aio-posix.c:372
#25 0x0000555555e4f1f8 in aio_dispatch (ctx=0x555556bb0170) at ../util/aio-posix.c:382
#26 0x0000555555e3dcfd in aio_ctx_dispatch (source=0x555556bb0170, callback=0x0, user_data=0x0) at ../util/async.c:306
#27 0x00007ffff43c47f7 in g_main_context_dispatch () from /lib/x86_64-linux-gnu/libglib-2.0.so.0
#28 0x0000555555e2df5b in glib_pollfds_poll () at ../util/main-loop.c:226
#29 0x0000555555e2dfd5 in os_host_main_loop_wait (timeout=0x0) at ../util/main-loop.c:251
#30 0x0000555555e2e0e4 in main_loop_wait (nonblocking=0x0) at ../util/main-loop.c:543
#31 0x0000555555ae0c6d in qemu_main_loop () at ../softmmu/vl.c:1763
#32 0x00005555556c14c8 in main (argc=0x16, argv=0x7fffffffe0c8, envp=0x7fffffffe180) at ../softmmu/main.c:73
#33 0x00007fffdeef82e1 in __libc_start_main (main=0x5555556c1420 <main>, argc=0x16, argv=0x7fffffffe0c8, init=<optimized out>, fini=<optimized out>, rtld_fini=<optimized out>, stack_end=0x7fffffffe0b8) at ../csu/libc-start.c:291
#34 0x00005555556c131a in _start ()

Thread 2.1 "qemu-system-x86" hit Breakpoint 2, kvm_vm_ioctl (s=0x555556de78c0, type=0xc008ae67) at ../accel/kvm/kvm-all.c:4101
4101	{
#0  kvm_vm_ioctl (s=0x555556de78c0, type=0xc008ae67) at ../accel/kvm/kvm-all.c:4101
#1  0x0000555555a87971 in kvm_set_irq (s=0x555556de78c0, irq=0x8, level=0x0) at ../accel/kvm/kvm-all.c:1557
#2  0x00005555559eabc6 in kvm_pic_set_irq (opaque=0x0, irq=0x8, level=0x0) at ../hw/i386/kvm/i8259.c:119
#3  0x0000555555c047d6 in qemu_set_irq (irq=0x55555735dd50, level=0x0) at ../hw/core/irq.c:45
#4  0x00005555559bf57a in gsi_handler (opaque=0x555556f3bf40, n=0x8, level=0x0) at ../hw/i386/x86.c:593
#5  0x0000555555c047d6 in qemu_set_irq (irq=0x555556f42ed0, level=0x0) at ../hw/core/irq.c:45
#6  0x00005555557127c0 in qemu_irq_lower (irq=0x555556f42ed0) at /root/kvm-samples/qemu-5.2.0/include/hw/irq.h:17
#7  0x0000555555712ba9 in update_irq (timer=0x555557550618, set=0x0) at ../hw/timer/hpet.c:208
#8  0x0000555555713172 in hpet_del_timer (t=0x555557550618) at ../hw/timer/hpet.c:417
#9  0x0000555555713b7e in hpet_reset (d=0x5555575500a0) at ../hw/timer/hpet.c:680
#10 0x0000555555c023d8 in device_transitional_reset (obj=0x5555575500a0) at ../hw/core/qdev.c:1153
#11 0x0000555555c0433f in resettable_phase_hold (obj=0x5555575500a0, opaque=0x0, type=RESET_TYPE_COLD) at ../hw/core/resettable.c:182
#12 0x0000555555bfc3d2 in bus_reset_child_foreach (obj=0x555556da7760, cb=0x555555c04211 <resettable_phase_hold>, opaque=0x0, type=RESET_TYPE_COLD) at ../hw/core/bus.c:97
#13 0x0000555555c04046 in resettable_child_foreach (rc=0x555556ceb290, obj=0x555556da7760, cb=0x555555c04211 <resettable_phase_hold>, opaque=0x0, type=RESET_TYPE_COLD) at ../hw/core/resettable.c:96
#14 0x0000555555c042c5 in resettable_phase_hold (obj=0x555556da7760, opaque=0x0, type=RESET_TYPE_COLD) at ../hw/core/resettable.c:173
#15 0x0000555555c03efb in resettable_assert_reset (obj=0x555556da7760, type=RESET_TYPE_COLD) at ../hw/core/resettable.c:60
#16 0x0000555555c03e3f in resettable_reset (obj=0x555556da7760, type=RESET_TYPE_COLD) at ../hw/core/resettable.c:45
#17 0x0000555555c0467b in resettable_cold_reset_fn (opaque=0x555556da7760) at ../hw/core/resettable.c:269
#18 0x0000555555c0288f in qemu_devices_reset () at ../hw/core/reset.c:69
#19 0x00005555559d39df in pc_machine_reset (machine=0x555556d9f110) at ../hw/i386/pc.c:1615
#20 0x0000555555ae0513 in qemu_system_reset (reason=SHUTDOWN_CAUSE_NONE) at ../softmmu/vl.c:1490
#21 0x0000555555954fb4 in load_snapshot_memory (name=0x555555f807e6 "newtest", errp=0x0) at ../migration/savevm.c:3031
#22 0x0000555555ae5a62 in handle_load_snapshot (opaque=0x555556dee130) at ../softmmu/vl.c:3540
#23 0x0000555555e4efe9 in aio_dispatch_handler (ctx=0x555556bb0170, node=0x55555753ef80) at ../util/aio-posix.c:329
#24 0x0000555555e4f1a2 in aio_dispatch_handlers (ctx=0x555556bb0170) at ../util/aio-posix.c:372
#25 0x0000555555e4f1f8 in aio_dispatch (ctx=0x555556bb0170) at ../util/aio-posix.c:382
#26 0x0000555555e3dcfd in aio_ctx_dispatch (source=0x555556bb0170, callback=0x0, user_data=0x0) at ../util/async.c:306
#27 0x00007ffff43c47f7 in g_main_context_dispatch () from /lib/x86_64-linux-gnu/libglib-2.0.so.0
#28 0x0000555555e2df5b in glib_pollfds_poll () at ../util/main-loop.c:226
#29 0x0000555555e2dfd5 in os_host_main_loop_wait (timeout=0x0) at ../util/main-loop.c:251
#30 0x0000555555e2e0e4 in main_loop_wait (nonblocking=0x0) at ../util/main-loop.c:543
#31 0x0000555555ae0c6d in qemu_main_loop () at ../softmmu/vl.c:1763
#32 0x00005555556c14c8 in main (argc=0x16, argv=0x7fffffffe0c8, envp=0x7fffffffe180) at ../softmmu/main.c:73
#33 0x00007fffdeef82e1 in __libc_start_main (main=0x5555556c1420 <main>, argc=0x16, argv=0x7fffffffe0c8, init=<optimized out>, fini=<optimized out>, rtld_fini=<optimized out>, stack_end=0x7fffffffe0b8) at ../csu/libc-start.c:291
#34 0x00005555556c131a in _start ()

Thread 2.1 "qemu-system-x86" hit Breakpoint 2, kvm_vm_ioctl (s=0x555556de78c0, type=0xc008ae67) at ../accel/kvm/kvm-all.c:4101
4101	{
#0  kvm_vm_ioctl (s=0x555556de78c0, type=0xc008ae67) at ../accel/kvm/kvm-all.c:4101
#1  0x0000555555a87971 in kvm_set_irq (s=0x555556de78c0, irq=0x8, level=0x0) at ../accel/kvm/kvm-all.c:1557
#2  0x00005555559c1529 in kvm_ioapic_set_irq (opaque=0x55555735ec00, irq=0x8, level=0x0) at ../hw/i386/kvm/ioapic.c:119
#3  0x0000555555c047d6 in qemu_set_irq (irq=0x555557360110, level=0x0) at ../hw/core/irq.c:45
#4  0x00005555559bf599 in gsi_handler (opaque=0x555556f3bf40, n=0x8, level=0x0) at ../hw/i386/x86.c:595
#5  0x0000555555c047d6 in qemu_set_irq (irq=0x555556f42ed0, level=0x0) at ../hw/core/irq.c:45
#6  0x00005555557127c0 in qemu_irq_lower (irq=0x555556f42ed0) at /root/kvm-samples/qemu-5.2.0/include/hw/irq.h:17
#7  0x0000555555712ba9 in update_irq (timer=0x555557550618, set=0x0) at ../hw/timer/hpet.c:208
#8  0x0000555555713172 in hpet_del_timer (t=0x555557550618) at ../hw/timer/hpet.c:417
#9  0x0000555555713b7e in hpet_reset (d=0x5555575500a0) at ../hw/timer/hpet.c:680
#10 0x0000555555c023d8 in device_transitional_reset (obj=0x5555575500a0) at ../hw/core/qdev.c:1153
#11 0x0000555555c0433f in resettable_phase_hold (obj=0x5555575500a0, opaque=0x0, type=RESET_TYPE_COLD) at ../hw/core/resettable.c:182
#12 0x0000555555bfc3d2 in bus_reset_child_foreach (obj=0x555556da7760, cb=0x555555c04211 <resettable_phase_hold>, opaque=0x0, type=RESET_TYPE_COLD) at ../hw/core/bus.c:97
#13 0x0000555555c04046 in resettable_child_foreach (rc=0x555556ceb290, obj=0x555556da7760, cb=0x555555c04211 <resettable_phase_hold>, opaque=0x0, type=RESET_TYPE_COLD) at ../hw/core/resettable.c:96
#14 0x0000555555c042c5 in resettable_phase_hold (obj=0x555556da7760, opaque=0x0, type=RESET_TYPE_COLD) at ../hw/core/resettable.c:173
#15 0x0000555555c03efb in resettable_assert_reset (obj=0x555556da7760, type=RESET_TYPE_COLD) at ../hw/core/resettable.c:60
#16 0x0000555555c03e3f in resettable_reset (obj=0x555556da7760, type=RESET_TYPE_COLD) at ../hw/core/resettable.c:45
#17 0x0000555555c0467b in resettable_cold_reset_fn (opaque=0x555556da7760) at ../hw/core/resettable.c:269
#18 0x0000555555c0288f in qemu_devices_reset () at ../hw/core/reset.c:69
#19 0x00005555559d39df in pc_machine_reset (machine=0x555556d9f110) at ../hw/i386/pc.c:1615
#20 0x0000555555ae0513 in qemu_system_reset (reason=SHUTDOWN_CAUSE_NONE) at ../softmmu/vl.c:1490
#21 0x0000555555954fb4 in load_snapshot_memory (name=0x555555f807e6 "newtest", errp=0x0) at ../migration/savevm.c:3031
#22 0x0000555555ae5a62 in handle_load_snapshot (opaque=0x555556dee130) at ../softmmu/vl.c:3540
#23 0x0000555555e4efe9 in aio_dispatch_handler (ctx=0x555556bb0170, node=0x55555753ef80) at ../util/aio-posix.c:329
#24 0x0000555555e4f1a2 in aio_dispatch_handlers (ctx=0x555556bb0170) at ../util/aio-posix.c:372
#25 0x0000555555e4f1f8 in aio_dispatch (ctx=0x555556bb0170) at ../util/aio-posix.c:382
#26 0x0000555555e3dcfd in aio_ctx_dispatch (source=0x555556bb0170, callback=0x0, user_data=0x0) at ../util/async.c:306
#27 0x00007ffff43c47f7 in g_main_context_dispatch () from /lib/x86_64-linux-gnu/libglib-2.0.so.0
#28 0x0000555555e2df5b in glib_pollfds_poll () at ../util/main-loop.c:226
#29 0x0000555555e2dfd5 in os_host_main_loop_wait (timeout=0x0) at ../util/main-loop.c:251
#30 0x0000555555e2e0e4 in main_loop_wait (nonblocking=0x0) at ../util/main-loop.c:543
#31 0x0000555555ae0c6d in qemu_main_loop () at ../softmmu/vl.c:1763
