c[?7l[2J[0mSeaBIOS (version rel-1.14.0-0-g155821a1990b-prebuilt.qemu.org)


iPXE (http://ipxe.org) 00:03.0 CA00 PCI2.10 PnP PMM+3FF8F030+3FEEF030 CA00
Press Ctrl-B to configure iPXE (PCI 00:03.0)...                                                                               


Booting from ROM...
c[?7l[2JWrong EFI loader signature.
early console in extract_kernel
input_data: 0x0000000002a1440d
input_len: 0x00000000009d35e2
output: 0x0000000001000000
output_len: 0x00000000023a39f8
kernel_total_size: 0x0000000002228000
needed_size: 0x0000000002400000
trampoline_32bit: 0x000000000009d000

Decompressing Linux... Parsing ELF... done.
Booting the kernel.
[    0.000000] Linux version 5.14.0-rc7-mm1+ (root@syzkaller) (gcc (Debian 6.3.0-18+deb9u1) 6.3.0 20170516, GNU ld (GNU Binutils for Debian) 2.28) #1 SMP Sun Dec 12 23:56:01 UTC 2021
[    0.000000] Command line: console=ttyS0 root=/dev/sda earlyprintk=serial net.ifnames=0
[    0.000000] x86/fpu: Supporting XSAVE feature 0x001: 'x87 floating point registers'
[    0.000000] x86/fpu: Supporting XSAVE feature 0x002: 'SSE registers'
[    0.000000] x86/fpu: Supporting XSAVE feature 0x004: 'AVX registers'
[    0.000000] x86/fpu: Supporting XSAVE feature 0x008: 'MPX bounds registers'
[    0.000000] x86/fpu: Supporting XSAVE feature 0x010: 'MPX CSR'
[    0.000000] x86/fpu: xstate_offset[2]:  576, xstate_sizes[2]:  256
[    0.000000] x86/fpu: xstate_offset[3]:  832, xstate_sizes[3]:   64
[    0.000000] x86/fpu: xstate_offset[4]:  896, xstate_sizes[4]:   64
[    0.000000] x86/fpu: Enabled xstate features 0x1f, context size is 960 bytes, using 'compacted' format.
[    0.000000] signal: max sigframe size: 2032
[    0.000000] BIOS-provided physical RAM map:
[    0.000000] BIOS-e820: [mem 0x0000000000000000-0x000000000009fbff] usable
[    0.000000] BIOS-e820: [mem 0x000000000009fc00-0x000000000009ffff] reserved
[    0.000000] BIOS-e820: [mem 0x00000000000f0000-0x00000000000fffff] reserved
[    0.000000] BIOS-e820: [mem 0x0000000000100000-0x000000003ffdffff] usable
[    0.000000] BIOS-e820: [mem 0x000000003ffe0000-0x000000003fffffff] reserved
[    0.000000] BIOS-e820: [mem 0x00000000feffc000-0x00000000feffffff] reserved
[    0.000000] BIOS-e820: [mem 0x00000000fffc0000-0x00000000ffffffff] reserved
[    0.000000] printk: bootconsole [earlyser0] enabled
[    0.000000] NX (Execute Disable) protection: active
[    0.000000] SMBIOS 2.8 present.
[    0.000000] DMI: QEMU Standard PC (i440FX + PIIX, 1996), BIOS rel-1.14.0-0-g155821a1990b-prebuilt.qemu.org 04/01/2014
[    0.000000] Hypervisor detected: KVM
[    0.000000] kvm-clock: Using msrs 4b564d01 and 4b564d00
[    0.000000] kvm-clock: cpu 0, msr 2fc0001, primary cpu clock
[    0.000032] kvm-clock: using sched offset of 878168102 cycles
[    0.003139] clocksource: kvm-clock: mask: 0xffffffffffffffff max_cycles: 0x1cd42e4dffb, max_idle_ns: 881590591483 ns
[    0.011959] tsc: Detected 2999.998 MHz processor
[    0.015786] last_pfn = 0x3ffe0 max_arch_pfn = 0x400000000
[    0.019117] x86/PAT: Configuration [0-7]: WB  WC  UC- UC  WB  WP  UC- WT  
[    0.028385] found SMP MP-table at [mem 0x000f5ab0-0x000f5abf]
[    0.032235] Using GB pages for direct mapping
[    0.036024] ACPI: Early table checksum verification disabled
[    0.039513] ACPI: RSDP 0x00000000000F58D0 000014 (v00 BOCHS )
[    0.042894] ACPI: RSDT 0x000000003FFE1550 000034 (v01 BOCHS  BXPCRSDT 00000001 BXPC 00000001)
[    0.047525] ACPI: FACP 0x000000003FFE1404 000074 (v01 BOCHS  BXPCFACP 00000001 BXPC 00000001)
[    0.052156] ACPI: DSDT 0x000000003FFE0040 0013C4 (v01 BOCHS  BXPCDSDT 00000001 BXPC 00000001)
[    0.056815] ACPI: FACS 0x000000003FFE0000 000040
[    0.059281] ACPI: APIC 0x000000003FFE1478 000078 (v01 BOCHS  BXPCAPIC 00000001 BXPC 00000001)
[    0.063843] ACPI: HPET 0x000000003FFE14F0 000038 (v01 BOCHS  BXPCHPET 00000001 BXPC 00000001)
[    0.068447] ACPI: WAET 0x000000003FFE1528 000028 (v01 BOCHS  BXPCWAET 00000001 BXPC 00000001)
[    0.073075] ACPI: Reserving FACP table memory at [mem 0x3ffe1404-0x3ffe1477]
[    0.076941] ACPI: Reserving DSDT table memory at [mem 0x3ffe0040-0x3ffe1403]
[    0.080766] ACPI: Reserving FACS table memory at [mem 0x3ffe0000-0x3ffe003f]
[    0.084640] ACPI: Reserving APIC table memory at [mem 0x3ffe1478-0x3ffe14ef]
[    0.088447] ACPI: Reserving HPET table memory at [mem 0x3ffe14f0-0x3ffe1527]
[    0.092286] ACPI: Reserving WAET table memory at [mem 0x3ffe1528-0x3ffe154f]
[    0.098200] No NUMA configuration found
[    0.100329] Faking a node at [mem 0x0000000000000000-0x000000003ffdffff]
[    0.104011] NODE_DATA(0) allocated [mem 0x3ffdc000-0x3ffdffff]
[    0.107553] Zone ranges:
[    0.109039]   DMA      [mem 0x0000000000001000-0x0000000000ffffff]
[    0.112512]   DMA32    [mem 0x0000000001000000-0x000000003ffdffff]
[    0.115890]   Normal   empty
[    0.117459] Movable zone start for each node
[    0.119743] Early memory node ranges
[    0.121689]   node   0: [mem 0x0000000000001000-0x000000000009efff]
[    0.125049]   node   0: [mem 0x0000000000100000-0x000000003ffdffff]
[    0.128413] Initmem setup node 0 [mem 0x0000000000001000-0x000000003ffdffff]
[    0.132391] On node 0, zone DMA: 1 pages in unavailable ranges
[    0.133411] On node 0, zone DMA: 97 pages in unavailable ranges
[    0.261212] On node 0, zone DMA32: 32 pages in unavailable ranges
[    0.266464] ACPI: PM-Timer IO Port: 0x608
[    0.272087] ACPI: LAPIC_NMI (acpi_id[0xff] dfl dfl lint[0x1])
[    0.275471] IOAPIC[0]: apic_id 0, version 17, address 0xfec00000, GSI 0-23
[    0.279289] ACPI: INT_SRC_OVR (bus 0 bus_irq 0 global_irq 2 dfl dfl)
[    0.282722] ACPI: INT_SRC_OVR (bus 0 bus_irq 5 global_irq 5 high level)
[    0.286349] ACPI: INT_SRC_OVR (bus 0 bus_irq 9 global_irq 9 high level)
[    0.290035] ACPI: INT_SRC_OVR (bus 0 bus_irq 10 global_irq 10 high level)
[    0.293768] ACPI: INT_SRC_OVR (bus 0 bus_irq 11 global_irq 11 high level)
[    0.297452] ACPI: Using ACPI (MADT) for SMP configuration information
[    0.300948] ACPI: HPET id: 0x8086a201 base: 0xfed00000
[    0.303722] TSC deadline timer available
[    0.305918] smpboot: Allowing 1 CPUs, 0 hotplug CPUs
[    0.309122] kvm-guest: KVM setup pv remote TLB flush
[    0.312224] kvm-guest: setup PV sched yield
[    0.315903] [mem 0x40000000-0xfeffbfff] available for PCI devices
[    0.321032] Booting paravirtualized kernel on KVM
[    0.325056] clocksource: refined-jiffies: mask: 0xffffffff max_cycles: 0xffffffff, max_idle_ns: 1910969940391419 ns
[    0.345847] setup_percpu: NR_CPUS:64 nr_cpumask_bits:64 nr_cpu_ids:1 nr_node_ids:1
[    0.367292] percpu: Embedded 48 pages/cpu s158488 r8192 d29928 u2097152
[    0.371440] kvm-guest: setup async PF for cpu 0
[    0.374036] kvm-guest: stealtime: cpu 0, msr 3ec171c0
[    0.376973] Built 1 zonelists, mobility grouping on.  Total pages: 257760
[    0.380748] Policy zone: DMA32
[    0.382415] Kernel command line: console=ttyS0 root=/dev/sda earlyprintk=serial net.ifnames=0
[    0.395092] Dentry cache hash table entries: 131072 (order: 8, 1048576 bytes, linear)
[    0.404046] Inode-cache hash table entries: 65536 (order: 7, 524288 bytes, linear)
[    0.408522] mem auto-init: stack:off, heap alloc:off, heap free:off
[    0.414958] Memory: 994140K/1048056K available (16402K kernel code, 2893K rwdata, 3856K rodata, 1824K init, 2420K bss, 53660K reserved, 0K cma-reserved)
[    0.421492] SLUB: HWalign=64, Order=0-3, MinObjects=0, CPUs=1, Nodes=1
[    0.424715] ftrace: allocating 51280 entries in 201 pages
[    0.523518] ftrace: allocated 201 pages with 4 groups
[    0.528798] rcu: Hierarchical RCU implementation.
[    0.530986] rcu: 	RCU event tracing is enabled.
[    0.533091] rcu: 	RCU restricting CPUs from NR_CPUS=64 to nr_cpu_ids=1.
[    0.536080] 	Rude variant of Tasks RCU enabled.
[    0.538238] rcu: RCU calculated value of scheduler-enlistment delay is 100 jiffies.
[    0.541754] rcu: Adjusting geometry for rcu_fanout_leaf=16, nr_cpu_ids=1
[    0.567501] NR_IRQS: 4352, nr_irqs: 256, preallocated irqs: 16
[    0.570896] random: get_random_bytes called from start_kernel+0x4dd/0x6b5 with crng_init=0
[    0.594248] Console: colour VGA+ 80x25
[    0.599865] printk: console [ttyS0] enabled
[    0.599865] printk: console [ttyS0] enabled
[    0.603747] printk: bootconsole [earlyser0] disabled
[    0.603747] printk: bootconsole [earlyser0] disabled
[    0.608340] ACPI: Core revision 20210730
[    0.610993] clocksource: hpet: mask: 0xffffffff max_cycles: 0xffffffff, max_idle_ns: 19112604467 ns
[    0.615677] APIC: Switch to symmetric I/O mode setup
[    0.618879] x2apic enabled
[    0.620961] Switched APIC routing to physical x2apic.
[    0.623372] kvm-guest: setup PV IPIs
[    0.628455] ..TIMER: vector=0x30 apic1=0 pin1=2 apic2=-1 pin2=-1
[    0.631421] clocksource: tsc-early: mask: 0xffffffffffffffff max_cycles: 0x2b3e43c8763, max_idle_ns: 440795360101 ns
[    0.636325] Calibrating delay loop (skipped) preset value.. 5999.99 BogoMIPS (lpj=2999998)
[    0.637322] pid_max: default: 32768 minimum: 301
[    0.639348] LSM: Security Framework initializing
[    0.640431] SELinux:  Initializing.
[    0.641536] Mount-cache hash table entries: 2048 (order: 2, 16384 bytes, linear)
[    0.642380] Mountpoint-cache hash table entries: 2048 (order: 2, 16384 bytes, linear)
[    0.647464] x86/cpu: User Mode Instruction Prevention (UMIP) activated
[    0.649520] Last level iTLB entries: 4KB 0, 2MB 0, 4MB 0
[    0.650323] Last level dTLB entries: 4KB 0, 2MB 0, 4MB 0, 1GB 0
[    0.651676] Spectre V1 : Mitigation: usercopy/swapgs barriers and __user pointer sanitization
[    0.652354] Spectre V2 : Mitigation: Enhanced IBRS
[    0.653322] Spectre V2 : Spectre v2 / SpectreRSB mitigation: Filling RSB on context switch
[    0.654355] Spectre V2 : mitigation: Enabling conditional Indirect Branch Prediction Barrier
[    0.655323] Speculative Store Bypass: Mitigation: Speculative Store Bypass disabled via prctl and seccomp
[    0.656346] SRBDS: Mitigation: TSX disabled
[    0.737810] Freeing SMP alternatives memory: 44K
[    0.740806] smpboot: CPU0: Intel(R) Core(TM) i7-9700 CPU @ 3.00GHz (family: 0x6, model: 0x9e, stepping: 0xd)
[    0.742697] Performance Events: Skylake events, Intel PMU driver.
[    0.743365] ... version:                2
[    0.744328] ... bit width:              48
[    0.745327] ... generic registers:      8
[    0.746327] ... value mask:             0000ffffffffffff
[    0.747327] ... max period:             000000007fffffff
[    0.748328] ... fixed-purpose events:   3
[    0.749327] ... event mask:             00000007000000ff
[    0.750886] rcu: Hierarchical SRCU implementation.
[    0.753346] smp: Bringing up secondary CPUs ...
[    0.754328] smp: Brought up 1 node, 1 CPU
[    0.755328] smpboot: Max logical packages: 1
[    0.756327] smpboot: Total of 1 processors activated (5999.99 BogoMIPS)
[    0.773943] devtmpfs: initialized
[    0.778107] clocksource: jiffies: mask: 0xffffffff max_cycles: 0xffffffff, max_idle_ns: 1911260446275000 ns
[    0.778366] futex hash table entries: 256 (order: 2, 16384 bytes, linear)
[    0.779843] pinctrl core: initialized pinctrl subsystem
[    0.780621] 
[    0.781328] *************************************************************
[    0.782329] **     NOTICE NOTICE NOTICE NOTICE NOTICE NOTICE NOTICE    **
[    0.783329] **                                                         **
[    0.784327] **  IOMMU DebugFS SUPPORT HAS BEEN ENABLED IN THIS KERNEL  **
[    0.785327] **                                                         **
[    0.786327] ** This means that this kernel is built to expose internal **
[    0.787327] ** IOMMU data structures, which may compromise security on **
[    0.788327] ** your system.                                            **
[    0.789327] **                                                         **
[    0.790326] ** If you see this message and you are not debugging the   **
[    0.791329] ** kernel, report this immediately to your vendor!         **
[    0.792328] **                                                         **
[    0.793327] **     NOTICE NOTICE NOTICE NOTICE NOTICE NOTICE NOTICE    **
[    0.794327] *************************************************************
[    0.795606] PM: RTC time: 21:26:10, date: 2021-12-13
[    0.797232] NET: Registered PF_NETLINK/PF_ROUTE protocol family
[    0.797695] audit: initializing netlink subsys (disabled)
[    0.799462] thermal_sys: Registered thermal governor 'step_wise'
[    0.799485] thermal_sys: Registered thermal governor 'user_space'
[    0.800333] cpuidle: using governor menu
[    0.802487] audit: type=2000 audit(1639430770.837:1): state=initialized audit_enabled=0 res=1
[    0.803585] ACPI: bus type PCI registered
[    0.804999] PCI: Using configuration type 1 for base access
[    0.809141] Kprobes globally optimized
[    0.809961] HugeTLB registered 2.00 MiB page size, pre-allocated 0 pages
[    0.810865] cryptomgr_test (21) used greatest stack depth: 15368 bytes left
[    0.813118] ACPI: PRMT not present
[    0.813398] ACPI: Added _OSI(Module Device)
[    0.814327] ACPI: Added _OSI(Processor Device)
[    0.815327] ACPI: Added _OSI(3.0 _SCP Extensions)
[    0.816329] ACPI: Added _OSI(Processor Aggregator Device)
[    0.817333] ACPI: Added _OSI(Linux-Dell-Video)
[    0.818348] ACPI: Added _OSI(Linux-Lenovo-NV-HDMI-Audio)
[    0.819331] ACPI: Added _OSI(Linux-HPI-Hybrid-Graphics)
[    0.821421] ACPI: 1 ACPI AML tables successfully acquired and loaded
[    0.823589] ACPI: Interpreter enabled
[    0.824463] ACPI: PM: (supports S0 S3 S5)
[    0.825328] ACPI: Using IOAPIC for interrupt routing
[    0.826385] PCI: Using host bridge windows from ACPI; if necessary, use "pci=nocrs" and report a bug
[    0.827545] ACPI: Enabled 2 GPEs in block 00 to 0F
[    0.833232] ACPI: PCI Root Bridge [PCI0] (domain 0000 [bus 00-ff])
[    0.833371] acpi PNP0A03:00: _OSC: OS supports [ASPM ClockPM Segments MSI HPX-Type3]
[    0.834376] acpi PNP0A03:00: fail to add MMCONFIG information, can't access extended PCI configuration space under this bridge.
[    0.835547] PCI host bridge to bus 0000:00
[    0.836328] pci_bus 0000:00: root bus resource [io  0x0000-0x0cf7 window]
[    0.837328] pci_bus 0000:00: root bus resource [io  0x0d00-0xffff window]
[    0.838327] pci_bus 0000:00: root bus resource [mem 0x000a0000-0x000bffff window]
[    0.839329] pci_bus 0000:00: root bus resource [mem 0x40000000-0xfebfffff window]
[    0.840329] pci_bus 0000:00: root bus resource [mem 0x100000000-0x17fffffff window]
[    0.841327] pci_bus 0000:00: root bus resource [bus 00-ff]
[    0.842571] pci 0000:00:00.0: [8086:1237] type 00 class 0x060000
[    0.845328] pci 0000:00:01.0: [8086:7000] type 00 class 0x060100
[    0.848672] pci 0000:00:01.1: [8086:7010] type 00 class 0x010180
[    0.852727] pci 0000:00:01.1: reg 0x20: [io  0xc040-0xc04f]
[    0.854902] pci 0000:00:01.1: legacy IDE quirk: reg 0x10: [io  0x01f0-0x01f7]
[    0.855329] pci 0000:00:01.1: legacy IDE quirk: reg 0x14: [io  0x03f6]
[    0.856328] pci 0000:00:01.1: legacy IDE quirk: reg 0x18: [io  0x0170-0x0177]
[    0.857327] pci 0000:00:01.1: legacy IDE quirk: reg 0x1c: [io  0x0376]
[    0.858988] pci 0000:00:01.3: [8086:7113] type 00 class 0x068000
[    0.861146] pci 0000:00:01.3: quirk: [io  0x0600-0x063f] claimed by PIIX4 ACPI
[    0.861361] pci 0000:00:01.3: quirk: [io  0x0700-0x070f] claimed by PIIX4 SMB
[    0.863099] pci 0000:00:02.0: [1234:1111] type 00 class 0x030000
[    0.865320] pci 0000:00:02.0: reg 0x10: [mem 0xfd000000-0xfdffffff pref]
[    0.869320] pci 0000:00:02.0: reg 0x18: [mem 0xfebf0000-0xfebf0fff]
[    0.875320] pci 0000:00:02.0: reg 0x30: [mem 0xfebe0000-0xfebeffff pref]
[    0.880518] pci 0000:00:03.0: [8086:100e] type 00 class 0x020000
[    0.882327] pci 0000:00:03.0: reg 0x10: [mem 0xfebc0000-0xfebdffff]
[    0.884328] pci 0000:00:03.0: reg 0x14: [io  0xc000-0xc03f]
[    0.890327] pci 0000:00:03.0: reg 0x30: [mem 0xfeb80000-0xfebbffff pref]
[    0.894636] ACPI: PCI: Interrupt link LNKA configured for IRQ 10
[    0.895545] ACPI: PCI: Interrupt link LNKB configured for IRQ 10
[    0.896511] ACPI: PCI: Interrupt link LNKC configured for IRQ 11
[    0.897531] ACPI: PCI: Interrupt link LNKD configured for IRQ 11
[    0.898434] ACPI: PCI: Interrupt link LNKS configured for IRQ 9
[    0.901278] iommu: Default domain type: Translated 
[    0.901329] iommu: DMA domain TLB invalidation policy: lazy mode 
[    0.903489] pci 0000:00:02.0: vgaarb: setting as boot VGA device
[    0.904320] pci 0000:00:02.0: vgaarb: VGA device added: decodes=io+mem,owns=io+mem,locks=none
[    0.904328] pci 0000:00:02.0: vgaarb: bridge control possible
[    0.905345] vgaarb: loaded
[    0.907568] SCSI subsystem initialized
[    0.910320] ACPI: bus type USB registered
[    0.911649] usbcore: registered new interface driver usbfs
[    0.912407] usbcore: registered new interface driver hub
[    0.913383] usbcore: registered new device driver usb
[    0.914471] pps_core: LinuxPPS API ver. 1 registered
[    0.915327] pps_core: Software ver. 5.3.6 - Copyright 2005-2007 Rodolfo Giometti <giometti@linux.it>
[    0.916330] PTP clock support registered
[    0.918108] Advanced Linux Sound Architecture Driver Initialized.
[    0.919730] NetLabel: Initializing
[    0.920330] NetLabel:  domain hash size = 128
[    0.921327] NetLabel:  protocols = UNLABELED CIPSOv4 CALIPSO
[    0.922464] NetLabel:  unlabeled traffic allowed by default
[    0.923541] PCI: Using ACPI for IRQ routing
[    0.926480] hpet0: at MMIO 0xfed00000, IRQs 2, 8, 0
[    0.927328] hpet0: 3 comparators, 64-bit 100.000000 MHz counter
[    0.931661] clocksource: Switched to clocksource kvm-clock
[    1.041991] VFS: Disk quotas dquot_6.6.0
[    1.100033] VFS: Dquot-cache hash table entries: 512 (order 0, 4096 bytes)
[    1.103740] pnp: PnP ACPI init
[    1.106522] pnp: PnP ACPI: found 6 devices
[    1.117978] clocksource: acpi_pm: mask: 0xffffff max_cycles: 0xffffff, max_idle_ns: 2085701024 ns
[    1.122405] NET: Registered PF_INET protocol family
[    1.126043] IP idents hash table entries: 16384 (order: 5, 131072 bytes, linear)
[    1.131346] tcp_listen_portaddr_hash hash table entries: 512 (order: 1, 8192 bytes, linear)
[    1.135449] TCP established hash table entries: 8192 (order: 4, 65536 bytes, linear)
[    1.139686] TCP bind hash table entries: 8192 (order: 5, 131072 bytes, linear)
[    1.144258] TCP: Hash tables configured (established 8192 bind 8192)
[    1.147934] UDP hash table entries: 512 (order: 2, 16384 bytes, linear)
[    1.151218] UDP-Lite hash table entries: 512 (order: 2, 16384 bytes, linear)
[    1.155200] NET: Registered PF_UNIX/PF_LOCAL protocol family
[    1.159550] RPC: Registered named UNIX socket transport module.
[    1.162342] RPC: Registered udp transport module.
[    1.164495] RPC: Registered tcp transport module.
[    1.166625] RPC: Registered tcp NFSv4.1 backchannel transport module.
[    1.170071] pci_bus 0000:00: resource 4 [io  0x0000-0x0cf7 window]
[    1.172901] pci_bus 0000:00: resource 5 [io  0x0d00-0xffff window]
[    1.175665] pci_bus 0000:00: resource 6 [mem 0x000a0000-0x000bffff window]
[    1.178764] pci_bus 0000:00: resource 7 [mem 0x40000000-0xfebfffff window]
[    1.181821] pci_bus 0000:00: resource 8 [mem 0x100000000-0x17fffffff window]
[    1.185021] pci 0000:00:01.0: PIIX3: Enabling Passive Release
[    1.187672] pci 0000:00:00.0: Limiting direct PCI/PCI transfers
[    1.190461] pci 0000:00:01.0: Activating ISA DMA hang workarounds
[    1.193429] pci 0000:00:02.0: Video device with shadowed ROM at [mem 0x000c0000-0x000dffff]
[    1.197214] PCI: CLS 0 bytes, default 64
[    1.199761] RAPL PMU: API unit is 2^-32 Joules, 0 fixed counters, 10737418240 ms ovfl timer
[    1.207519] clocksource: tsc: mask: 0xffffffffffffffff max_cycles: 0x2b3e43c8763, max_idle_ns: 440795360101 ns
[    1.214275] Initialise system trusted keyrings
[    1.217069] workingset: timestamp_bits=56 max_order=18 bucket_order=0
[    1.225235] NFS: Registering the id_resolver key type
[    1.227659] Key type id_resolver registered
[    1.229575] Key type id_legacy registered
[    1.231634] 9p: Installing v9fs 9p2000 file system support
[    1.241043] Key type asymmetric registered
[    1.243075] Asymmetric key parser 'x509' registered
[    1.245845] Block layer SCSI generic (bsg) driver version 0.4 loaded (major 251)
[    1.249356] io scheduler mq-deadline registered
[    1.251498] io scheduler kyber registered
[    1.254364] input: Power Button as /devices/LNXSYSTM:00/LNXPWRBN:00/input/input0
[    1.258026] ACPI: button: Power Button [PWRF]
[    1.261012] Serial: 8250/16550 driver, 4 ports, IRQ sharing enabled
[    1.264713] 00:04: ttyS0 at I/O 0x3f8 (irq = 4, base_baud = 115200) is a 16550A
[    1.269557] Non-volatile memory driver v1.3
[    1.271669] Linux agpgart interface v0.103
[    1.285775] loop: module loaded
[    1.291514] scsi host0: ata_piix
[    1.293934] scsi host1: ata_piix
[    1.295644] ata1: PATA max MWDMA2 cmd 0x1f0 ctl 0x3f6 bmdma 0xc040 irq 14
[    1.298869] ata2: PATA max MWDMA2 cmd 0x170 ctl 0x376 bmdma 0xc048 irq 15
[    1.304783] libphy: Fixed MDIO Bus: probed
[    1.306974] e100: Intel(R) PRO/100 Network Driver
[    1.309260] e100: Copyright(c) 1999-2006 Intel Corporation
[    1.311783] e1000: Intel(R) PRO/1000 Network Driver
[    1.314130] e1000: Copyright (c) 1999-2006 Intel Corporation.
[    1.325761] ACPI: \_SB_.LNKC: Enabled at IRQ 11
[    1.469443] ata1.00: ATA-7: QEMU HARDDISK, 2.5+, max UDMA/100
[    1.472160] ata1.00: 4194304 sectors, multi 16: LBA48 
[    1.475903] ata2.00: ATAPI: QEMU DVD-ROM, 2.5+, max UDMA/100
[    1.486898] scsi 0:0:0:0: Direct-Access     ATA      QEMU HARDDISK    2.5+ PQ: 0 ANSI: 5
[    1.491055] scsi 0:0:0:0: Attached scsi generic sg0 type 0
[    1.493980] sd 0:0:0:0: [sda] 4194304 512-byte logical blocks: (2.15 GB/2.00 GiB)
[    1.497391] sd 0:0:0:0: [sda] Write Protect is off
[    1.500472] scsi 1:0:0:0: CD-ROM            QEMU     QEMU DVD-ROM     2.5+ PQ: 0 ANSI: 5
[    1.512013] sd 0:0:0:0: [sda] Write cache: enabled, read cache: enabled, doesn't support DPO or FUA
[    1.523811] sd 0:0:0:0: [sda] Attached SCSI disk
[    1.532821] sr 1:0:0:0: [sr0] scsi3-mmc drive: 4x/4x cd/rw xa/form2 tray
[    1.535975] cdrom: Uniform CD-ROM driver Revision: 3.20
[    1.561918] sr 1:0:0:0: Attached scsi generic sg1 type 5
[    1.807596] e1000 0000:00:03.0 eth0: (PCI:33MHz:32-bit) 52:54:00:12:34:56
[    1.810791] e1000 0000:00:03.0 eth0: Intel(R) PRO/1000 Network Connection
[    1.814011] e1000e: Intel(R) PRO/1000 Network Driver
[    1.816508] e1000e: Copyright(c) 1999 - 2015 Intel Corporation.
[    1.819395] sky2: driver version 1.30
[    1.821620] ehci_hcd: USB 2.0 'Enhanced' Host Controller (EHCI) Driver
[    1.824636] ehci-pci: EHCI PCI platform driver
[    1.826801] ohci_hcd: USB 1.1 'Open' Host Controller (OHCI) Driver
[    1.829619] ohci-pci: OHCI PCI platform driver
[    1.831719] uhci_hcd: USB Universal Host Controller Interface driver
[    1.834693] usbcore: registered new interface driver usblp
[    1.837339] usbcore: registered new interface driver usb-storage
[    1.840184] i8042: PNP: PS/2 Controller [PNP0303:KBD,PNP0f13:MOU] at 0x60,0x64 irq 1,12
[    1.846040] serio: i8042 KBD port at 0x60,0x64 irq 1
[    1.848365] serio: i8042 AUX port at 0x60,0x64 irq 12
[    1.852000] input: AT Translated Set 2 keyboard as /devices/platform/i8042/serio0/input/input1
[    1.856220] rtc_cmos 00:05: RTC can wake from S4
[    1.864064] rtc_cmos 00:05: registered as rtc0
[    1.866309] rtc_cmos 00:05: alarms up to one day, y3k, 242 bytes nvram, hpet irqs
[    1.871825] fail to initialize ptp_kvm
[    1.872009] device-mapper: ioctl: 4.45.0-ioctl (2021-03-22) initialised: dm-devel@redhat.com
[    1.877596] intel_pstate: CPU model not supported
[    1.880082] hid: raw HID events driver (C) Jiri Kosina
[    1.882912] usbcore: registered new interface driver usbhid
[    1.885520] usbhid: USB HID core driver
[    1.889358] Initializing XFRM netlink socket
[    1.891872] NET: Registered PF_INET6 protocol family
[    1.896343] Segment Routing with IPv6
[    1.898248] In-situ OAM (IOAM) with IPv6
[    1.900468] sit: IPv6, IPv4 and MPLS over IPv4 tunneling driver
[    1.904034] NET: Registered PF_PACKET protocol family
[    1.906876] 9pnet: Installing 9P2000 support
[    1.908934] Key type dns_resolver registered
[    1.911415] IPI shorthand broadcast: enabled
[    1.913822] registered taskstats version 1
[    1.915873] Loading compiled-in X.509 certificates
[    1.920046] PM:   Magic number: 1:617:449
[    1.922092] printk: console [netcon0] enabled
[    1.924105] netconsole: network logging started
[    1.926785] cfg80211: Loading compiled-in X.509 certificates for regulatory database
[    1.931694] kworker/u2:1 (65) used greatest stack depth: 14600 bytes left
[    1.935877] cfg80211: Loaded X.509 cert 'sforshee: 00b28ddf47aef9cea7'
[    1.939221] platform regulatory.0: Direct firmware load for regulatory.db failed with error -2
[    1.943155] Unstable clock detected, switching default tracing clock to "global"
[    1.943155] If you want to keep using the local clock, then add:
[    1.943155]   "trace_clock=local"
[    1.943155] on the kernel command line
[    1.952155] cfg80211: failed to load regulatory.db
[    1.954686] ALSA device list:
[    1.956189]   No soundcards found.
[    2.496235] random: fast init done
[    2.498630] input: ImExPS/2 Generic Explorer Mouse as /devices/platform/i8042/serio1/input/input3
[    2.502896] md: Waiting for all devices to be available before autodetect
[    2.506103] md: If you don't use raid, use raid=noautodetect
[    2.508703] md: Autodetecting RAID arrays.
[    2.510554] md: autorun ...
[    2.511859] md: ... autorun DONE.
[    2.533146] EXT4-fs (sda): INFO: recovery required on readonly filesystem
[    2.536277] EXT4-fs (sda): write access will be enabled during recovery
[    3.080496] EXT4-fs (sda): recovery complete
[    3.099832] EXT4-fs (sda): mounted filesystem with ordered data mode. Opts: (null). Quota mode: none.
[    3.104425] VFS: Mounted root (ext4 filesystem) readonly on device 8:0.
[    3.113798] devtmpfs: mounted
[    3.126483] Freeing unused kernel image (initmem) memory: 1824K
[    3.129398] Write protecting the kernel read-only data: 22528k
[    3.146098] Freeing unused kernel image (text/rodata gap) memory: 2028K
[    3.151122] Freeing unused kernel image (rodata/data gap) memory: 240K
[    3.154302] Run /sbin/init as init process
[    3.458085] SELinux:  Permission getrlimit in class process not defined in policy.
[    3.461540] SELinux:  Class process2 not defined in policy.
[    3.464209] SELinux:  Permission watch in class filesystem not defined in policy.
[    3.467615] SELinux:  Permission map in class file not defined in policy.
[    3.470620] SELinux:  Permission watch in class file not defined in policy.
[    3.473658] SELinux:  Permission watch_mount in class file not defined in policy.
[    3.476950] SELinux:  Permission watch_sb in class file not defined in policy.
[    3.480171] SELinux:  Permission watch_with_perm in class file not defined in policy.
[    3.483616] SELinux:  Permission watch_reads in class file not defined in policy.
[    3.486962] SELinux:  Permission map in class dir not defined in policy.
[    3.489924] SELinux:  Permission watch in class dir not defined in policy.
[    3.492925] SELinux:  Permission watch_mount in class dir not defined in policy.
[    3.496170] SELinux:  Permission watch_sb in class dir not defined in policy.
[    3.499340] SELinux:  Permission watch_with_perm in class dir not defined in policy.
[    3.502760] SELinux:  Permission watch_reads in class dir not defined in policy.
[    3.505980] SELinux:  Permission map in class lnk_file not defined in policy.
[    3.509110] SELinux:  Permission watch in class lnk_file not defined in policy.
[    3.512319] SELinux:  Permission watch_mount in class lnk_file not defined in policy.
[    3.515761] SELinux:  Permission watch_sb in class lnk_file not defined in policy.
[    3.519118] SELinux:  Permission watch_with_perm in class lnk_file not defined in policy.
[    3.522742] SELinux:  Permission watch_reads in class lnk_file not defined in policy.
[    3.526186] SELinux:  Permission map in class chr_file not defined in policy.
[    3.529339] SELinux:  Permission watch in class chr_file not defined in policy.
[    3.532774] SELinux:  Permission watch_mount in class chr_file not defined in policy.
[    3.536208] SELinux:  Permission watch_sb in class chr_file not defined in policy.
[    3.539547] SELinux:  Permission watch_with_perm in class chr_file not defined in policy.
[    3.543145] SELinux:  Permission watch_reads in class chr_file not defined in policy.
[    3.546613] SELinux:  Permission map in class blk_file not defined in policy.
[    3.549761] SELinux:  Permission watch in class blk_file not defined in policy.
[    3.552944] SELinux:  Permission watch_mount in class blk_file not defined in policy.
[    3.556407] SELinux:  Permission watch_sb in class blk_file not defined in policy.
[    3.559769] SELinux:  Permission watch_with_perm in class blk_file not defined in policy.
[    3.563386] SELinux:  Permission watch_reads in class blk_file not defined in policy.
[    3.566890] SELinux:  Permission map in class sock_file not defined in policy.
[    3.570067] SELinux:  Permission watch in class sock_file not defined in policy.
[    3.573263] SELinux:  Permission watch_mount in class sock_file not defined in policy.
[    3.576694] SELinux:  Permission watch_sb in class sock_file not defined in policy.
[    3.580042] SELinux:  Permission watch_with_perm in class sock_file not defined in policy.
[    3.583613] SELinux:  Permission watch_reads in class sock_file not defined in policy.
[    3.587095] SELinux:  Permission map in class fifo_file not defined in policy.
[    3.590270] SELinux:  Permission watch in class fifo_file not defined in policy.
[    3.593510] SELinux:  Permission watch_mount in class fifo_file not defined in policy.
[    3.596964] SELinux:  Permission watch_sb in class fifo_file not defined in policy.
[    3.600311] SELinux:  Permission watch_with_perm in class fifo_file not defined in policy.
[    3.603893] SELinux:  Permission watch_reads in class fifo_file not defined in policy.
[    3.607370] SELinux:  Permission map in class socket not defined in policy.
[    3.610436] SELinux:  Permission map in class tcp_socket not defined in policy.
[    3.613632] SELinux:  Permission map in class udp_socket not defined in policy.
[    3.616848] SELinux:  Permission map in class rawip_socket not defined in policy.
[    3.620188] SELinux:  Permission map in class netlink_socket not defined in policy.
[    3.623635] SELinux:  Permission map in class packet_socket not defined in policy.
[    3.627013] SELinux:  Permission map in class key_socket not defined in policy.
[    3.630248] SELinux:  Permission map in class unix_stream_socket not defined in policy.
[    3.633769] SELinux:  Permission map in class unix_dgram_socket not defined in policy.
[    3.637312] SELinux:  Permission map in class netlink_route_socket not defined in policy.
[    3.640912] SELinux:  Permission map in class netlink_tcpdiag_socket not defined in policy.
[    3.644578] SELinux:  Permission map in class netlink_nflog_socket not defined in policy.
[    3.648223] SELinux:  Permission map in class netlink_xfrm_socket not defined in policy.
[    3.651830] SELinux:  Permission map in class netlink_selinux_socket not defined in policy.
[    3.655461] SELinux:  Permission map in class netlink_iscsi_socket not defined in policy.
[    3.659033] SELinux:  Permission map in class netlink_audit_socket not defined in policy.
[    3.662770] SELinux:  Permission map in class netlink_fib_lookup_socket not defined in policy.
[    3.666540] SELinux:  Permission map in class netlink_connector_socket not defined in policy.
[    3.670337] SELinux:  Permission map in class netlink_netfilter_socket not defined in policy.
[    3.674094] SELinux:  Permission map in class netlink_dnrt_socket not defined in policy.
[    3.677614] SELinux:  Permission map in class netlink_kobject_uevent_socket not defined in policy.
[    3.681486] SELinux:  Permission map in class netlink_generic_socket not defined in policy.
[    3.685124] SELinux:  Permission map in class netlink_scsitransport_socket not defined in policy.
[    3.689016] SELinux:  Permission map in class netlink_rdma_socket not defined in policy.
[    3.692655] SELinux:  Permission map in class netlink_crypto_socket not defined in policy.
[    3.696455] SELinux:  Permission map in class appletalk_socket not defined in policy.
[    3.699905] SELinux:  Permission map in class dccp_socket not defined in policy.
[    3.703216] SELinux:  Permission perfmon in class capability2 not defined in policy.
[    3.706661] SELinux:  Permission bpf in class capability2 not defined in policy.
[    3.709933] SELinux:  Permission checkpoint_restore in class capability2 not defined in policy.
[    3.713785] SELinux:  Permission map in class tun_socket not defined in policy.
[    3.717013] SELinux:  Permission perfmon in class cap2_userns not defined in policy.
[    3.720488] SELinux:  Permission bpf in class cap2_userns not defined in policy.
[    3.723833] SELinux:  Permission checkpoint_restore in class cap2_userns not defined in policy.
[    3.727708] SELinux:  Class sctp_socket not defined in policy.
[    3.730304] SELinux:  Class icmp_socket not defined in policy.
[    3.732869] SELinux:  Class ax25_socket not defined in policy.
[    3.735567] SELinux:  Class ipx_socket not defined in policy.
[    3.738152] SELinux:  Class netrom_socket not defined in policy.
[    3.740783] SELinux:  Class atmpvc_socket not defined in policy.
[    3.743424] SELinux:  Class x25_socket not defined in policy.
[    3.746017] SELinux:  Class rose_socket not defined in policy.
[    3.748635] SELinux:  Class decnet_socket not defined in policy.
[    3.751317] SELinux:  Class atmsvc_socket not defined in policy.
[    3.754030] SELinux:  Class rds_socket not defined in policy.
[    3.756568] SELinux:  Class irda_socket not defined in policy.
[    3.759201] SELinux:  Class pppox_socket not defined in policy.
[    3.761876] SELinux:  Class llc_socket not defined in policy.
[    3.764412] SELinux:  Class can_socket not defined in policy.
[    3.767017] SELinux:  Class tipc_socket not defined in policy.
[    3.769593] SELinux:  Class bluetooth_socket not defined in policy.
[    3.772379] SELinux:  Class iucv_socket not defined in policy.
[    3.775041] SELinux:  Class rxrpc_socket not defined in policy.
[    3.777638] SELinux:  Class isdn_socket not defined in policy.
[    3.780229] SELinux:  Class phonet_socket not defined in policy.
[    3.782921] SELinux:  Class ieee802154_socket not defined in policy.
[    3.785747] SELinux:  Class caif_socket not defined in policy.
[    3.788451] SELinux:  Class alg_socket not defined in policy.
[    3.791036] SELinux:  Class nfc_socket not defined in policy.
[    3.793567] SELinux:  Class vsock_socket not defined in policy.
[    3.796214] SELinux:  Class kcm_socket not defined in policy.
[    3.798757] SELinux:  Class qipcrtr_socket not defined in policy.
[    3.801429] SELinux:  Class smc_socket not defined in policy.
[    3.803977] SELinux:  Class infiniband_pkey not defined in policy.
[    3.806742] SELinux:  Class infiniband_endport not defined in policy.
[    3.809603] SELinux:  Class bpf not defined in policy.
[    3.811919] SELinux:  Class xdp_socket not defined in policy.
[    3.814516] SELinux:  Class mctp_socket not defined in policy.
[    3.817088] SELinux:  Class perf_event not defined in policy.
[    3.819702] SELinux:  Class lockdown not defined in policy.
[    3.822195] SELinux:  Class anon_inode not defined in policy.
[    3.824725] SELinux: the above unknown classes and permissions will be allowed
[    3.840442] SELinux:  policy capability network_peer_controls=1
[    3.843136] SELinux:  policy capability open_perms=1
[    3.845350] SELinux:  policy capability extended_socket_class=0
[    3.848024] SELinux:  policy capability always_check_network=0
[    3.850655] SELinux:  policy capability cgroup_seclabel=0
[    3.853053] SELinux:  policy capability nnp_nosuid_transition=0
[    3.855717] SELinux:  policy capability genfs_seclabel_symlinks=0
[    3.863833] audit: type=1403 audit(1639430773.902:2): auid=4294967295 ses=4294967295 lsm=selinux res=1
[    3.869251] systemd[1]: Successfully loaded SELinux policy in 527.332ms.
[    3.912503] audit: type=1400 audit(1639430773.951:3): avc:  denied  { associate } for  pid=1 comm="systemd" name="pts" scontext=system_u:object_r:devpts_t:s0 tcontext=system_u:object_r:device_t:s0 tclass=filesystem permissive=1
[    3.925498] systemd[1]: Relabelled /dev and /run in 2.349ms.
[    3.939765] random: systemd: uninitialized urandom read (16 bytes read)
[    3.945889] systemd[1]: systemd 232 running in system mode. (+PAM +AUDIT +SELINUX +IMA +APPARMOR +SMACK +SYSVINIT +UTMP +LIBCRYPTSETUP +GCRYPT +GNUTLS +ACL +XZ +LZ4 +SECCOMP +BLKID +ELFUTILS +KMOD +IDN)
[    3.954378] systemd[1]: Detected virtualization qemu.
[    3.956810] systemd[1]: Detected architecture x86-64.

Welcome to [1mDebian GNU/Linux 9 (stretch)[0m!

[    3.963592] systemd[1]: Set hostname to <syzkaller>.
[    3.983474] random: systemd: uninitialized urandom read (16 bytes read)
[    3.993925] systemd-hiberna (75) used greatest stack depth: 14320 bytes left
[    4.000579] random: systemd: uninitialized urandom read (16 bytes read)
[    4.004084] systemd-system- (73) used greatest stack depth: 14128 bytes left
[    4.050936] systemd-cryptse (76) used greatest stack depth: 13616 bytes left
[    4.059061] grep (84) used greatest stack depth: 13368 bytes left
[    4.179509] systemd[1]: Listening on Journal Socket.
[[0;32m  OK  [0m] Listening on Journal Socket.
[    4.184113] systemd[1]: Started Dispatch Password Requests to Console Directory Watch.
[[0;32m  OK  [0m] Started Dispatch Password Requests to Console Directory Watch.
[    4.190935] audit: type=1400 audit(1639430774.229:4): avc:  denied  { audit_read } for  pid=1 comm="systemd" capability=37  scontext=system_u:system_r:kernel_t:s0 tcontext=system_u:system_r:kernel_t:s0 tclass=capability2 permissive=1
[    4.200416] systemd[1]: Listening on Journal Audit Socket.
[[0;32m  OK  [0m] Listening on Journal Audit Socket.
[    4.205049] systemd[1]: Reached target Remote File Systems.
[[0;32m  OK  [0m] Reached target Remote File Systems.
[    4.209850] systemd[1]: Listening on Journal Socket (/dev/log).
[[0;32m  OK  [0m] Listening on Journal Socket (/dev/log).
[    4.215456] systemd[1]: Set up automount Arbitrary Executable File Formats File System Automount Point.
[[0;32m  OK  [0m] Set up automount Arbitrary Executab‚Ä¶rmats File System Automount Point.
[[0;32m  OK  [0m] Created slice System Slice.
         Starting Load Kernel Modules...
[[0;32m  OK  [0m] Reached target Slices.
[[0;32m  OK  [0m] Created slice system-getty.slice.
         Mounting /sys/kernel/debug...
         Mounting POSIX Message Queue File System...
[[0;32m  OK  [0m] Reached target Swap.
[[0;32m  OK  [0m] Listening on udev Control Socket.
[[0;32m  OK  [0m] Listening on /dev/initctl Compatibility Named Pipe.
[[0;32m  OK  [0m] Listening on udev Kernel Socket.
[[0;32m  OK  [0m] Listening on Syslog Socket.
[[0;32m  OK  [0m] Reached target Sockets.
[[0;32m  OK  [0m] Created slice system-serial\x2dgetty.slice.
         Mounting /sys/kernel/config...
         Mounting /proc/sys/fs/binfmt_misc...
[[0;32m  OK  [0m] Started Forward Password Requests to Wall Directory Watch.
[[0;32m  OK  [0m] Reached target Paths.
[[0;32m  OK  [0m] Reached target Encrypted Volumes.
         Starting Journal Service...
         Starting Create Static Device Nodes in /dev...
         Starting Remount Root and Kernel File Systems...
[[0;32m  OK  [0m] Mounted POSIX Message Queue File System.
[[0;32m  OK  [0m] Mounted /sys/kernel/debug.
[[0;32m  OK  [0m] Mounted /sys/kernel/config.
[[0;32m  OK  [0m] Mounted /proc/sys/fs/binfmt_misc.[    4.349282] EXT4-fs (sda): re-mounted. Opts: (null). Quota mode: none.

[[0;32m  OK  [0m] Started Load Kernel Modules.
[[0;32m  OK  [0m] Started Remount Root and Kernel File Systems.
         Starting Load/Save Random Seed...
         Starting udev Coldplug all Devices...[    4.391006] random: crng init done
[    4.392728] random: 7 urandom warning(s) missed due to ratelimiting

         Starting Apply Kernel Variables...
[[0;32m  OK  [0m] Started Create Static Device Nodes in /dev.
[[0;32m  OK  [0m] Reached target Local File Systems (Pre).
[[0;32m  OK  [0m] Reached target Local File Systems.
         Starting udev Kernel Device Manager...
[[0;32m  OK  [0m] Started Load/Save Random Seed.
[[0;32m  OK  [0m] Started Apply Kernel Variables.
         Starting Raise network interfaces...
[[0;32m  OK  [0m] Started udev Kernel Device Manager.
[[0;32m  OK  [0m] Started Journal Service.
         Starting Flush Journal to Persistent Storage...
[    4.730486] audit: type=1107 audit(1639430774.769:5): pid=1 uid=0 auid=4294967295 ses=4294967295 subj=system_u:system_r:kernel_t:s0 msg='avc:  denied  { stop } for auid=n/a uid=0 gid=0 path="/lib/systemd/system/systemd-journald.service" cmdline="/bin/journalctl --flush" scontext=system_u:system_r:kernel_t:s0 tcontext=system_u:object_r:unlabeled_t:s0 tclass=service
[    4.730486]  exe="/lib/systemd/systemd" sauid=0 hostname=? addr=? terminal=?'
[    4.748723] systemd-journald[95]: Received request to flush runtime journal from PID 1
[[0;32m  OK  [0m] Started Flush Journal to Persistent Storage.
         Starting Create Volatile Files and Directories...
[[0;32m  OK  [0m] Started udev Coldplug all Devices.
[[0;32m  OK  [0m] Found device /dev/ttyS0.
[[0;32m  OK  [0m] Listening on Load/Save RF Kill Switch Status /dev/rfkill Watch.
[[0;32m  OK  [0m] Started Create Volatile Files and Directories.
         Starting Network Time Synchronization...
         Starting Update UTMP about System Boot/Shutdown...
[[0;32m  OK  [0m] Started Update UTMP about System Boot/Shutdown.
[[0;32m  OK  [0m] Started Network Time Synchronization.
[[0;32m  OK  [0m] Reached target System Time Synchronized.
[[0;32m  OK  [0m] Reached target System Initialization.
[[0;32m  OK  [0m] Started Daily Cleanup of Temporary Directories.
[[0;32m  OK  [0m] Reached target Basic System.
         Starting System Logging Service...
         Starting getty on tty2-tty6 if dbus and logind are not available...
[[0;32m  OK  [0m] Started Daily apt download activities.
[[0;32m  OK  [0m] Started Daily apt upgrade and clean activities.
[[0;32m  OK  [0m] Reached target Timers.
[[0;32m  OK  [0m] Started Regular background program processing daemon.
[    5.109040] audit: type=1107 audit(1639430775.147:6): pid=1 uid=0 auid=4294967295 ses=4294967295 subj=system_u:system_r:kernel_t:s0 msg='avc:  denied  { start } for auid=n/a uid=0 gid=0 path="/lib/systemd/system/getty@.service" cmdline="/bin/systemctl --no-block start getty@tty2.service getty@tty3.service getty@tty4.service getty@tty5.service getty@tty6.service" scontext=system_u:system_r:kernel_t:s0 tcontext=system_u:object_r:unlabeled_t:s0 tclass=service
[    5.109040]  exe="/lib/systemd/systemd" sauid=0 hostname=? addr=? terminal=?'
[[0;32m  OK  [0m] Started getty on tty2-tty6 if dbus and logind are not available.
[[0;32m  OK  [0m] Started System Logging Service.
[    5.201859] audit: type=1107 audit(1639430775.171:7): pid=1 uid=0 auid=4294967295 ses=4294967295 subj=system_u:system_r:kernel_t:s0 msg='avc:  denied  { status } for auid=n/a uid=0 gid=0 path="/lib/systemd/system/getty@.service" cmdline="/bin/systemctl --no-block start getty@tty2.service getty@tty3.service getty@tty4.service getty@tty5.service getty@tty6.service" scontext=system_u:system_r:kernel_t:s0 tcontext=system_u:object_r:unlabeled_t:s0 tclass=service
[    5.201859]  exe="/lib/systemd/systemd" sauid=0 hostname=? addr=? terminal=?'
[    5.244460] e1000: eth0 NIC Link is Up 1000 Mbps Full Duplex, Flow Control: RX
[    5.251240] ip (193) used greatest stack depth: 12312 bytes left
[    5.254264] IPv6: ADDRCONF(NETDEV_CHANGE): eth0: link becomes ready
[    6.335717] upstart[216]: segfault at 0 ip 00007fb0380e1f1d sp 00007ffd154dc2c0 error 4 in libc-2.24.so[7fb038067000+195000]
[    6.341085] Code: 89 05 e7 08 32 00 48 89 35 d8 08 32 00 31 c0 c3 0f 1f 00 66 2e 0f 1f 84 00 00 00 00 00 55 53 48 83 ec 08 48 8b 05 d3 df 31 00 <48> 8b 00 48 85 c0 0f 85 3f 01 00 00 48 8b 05 60 de 31 00 48 89 fd
[[0;1;31mFAILED[0m] Failed to start Raise network interfaces.
See 'systemctl status networking.service' for details.
[[0;32m  OK  [0m] Reached target Network.
         Starting Permit User Sessions...
         Starting OpenBSD Secure Shell server...
[[0;32m  OK  [0m] Started Permit User Sessions.
[[0;32m  OK  [0m] Started Getty on tty4.
[[0;32m  OK  [0m] Started Getty on tty6.
[[0;32m  OK  [0m] Started Getty on tty3.
[[0;32m  OK  [0m] Started Getty on tty1.
[[0;32m  OK  [0m] Started Getty on tty2.
[[0;32m  OK  [0m] Started Serial Getty on ttyS0.
[[0;32m  OK  [0m] Started Getty on tty5.
[[0;32m  OK  [0m] Reached target Login Prompts.
[[0;32m  OK  [0m] Started OpenBSD Secure Shell server.
[[0;32m  OK  [0m] Reached target Multi-User System.
[[0;32m  OK  [0m] Reached target Graphical Interface.
         Starting Update UTMP about System Runlevel Changes...
[[0;32m  OK  [0m] Started Update UTMP about System Runlevel Changes.

Debian GNU/Linux 9 syzkaller ttyS0

syzkaller login: root
Unable to get valid context for root
Last login: Mon Dec 13 08:24:34 UTC 2021 from 10.0.2.10 on pts/0
Linux syzkaller 5.14.0-rc7-mm1+ #1 SMP Sun Dec 12 23:56:01 UTC 2021 x86_64

The programs included with the Debian GNU/Linux system are free software;
the exact distribution terms for each program are described in the
individual files in /usr/share/doc/*/copyright.

Debian GNU/Linux comes with ABSOLUTELY NO WARRANTY, to the extent
permitted by applicable law.
[0;31mroot[0;31m@[34;1msyzkaller[0m:[0;33m~[0m[0;31m # [0mls
[0m[01;34mconfigs[0m  [01;34mfork_userspace_hypercall[0m
[0;31mroot[0;31m@[34;1msyzkaller[0m:[0;33m~[0m[0;31m # [0mvim fork_userspace_hypercall/
[?1000h[?1049h[?1h=[2;1H‚ñΩ[6n[2;1H  [1;1H[1;24r[?12;25h[?12l[?25h[27m[23m[m[H[2J[?25l[24;1H"fork_userspace_hypercall/" Illegal file name[>c[1;1H[4m                               [m[7m|[2;32H|[3;32H|[4;32H|[5;32H|[6;32H|[7;32H|[8;32H|[9;32H|[10;32H|[11;32H|[12;32H|[13;32H|[14;32H|[15;32H|[16;32H|[17;32H|[18;32H|[19;32H|[20;32H|[21;32H|[22;32H|[m[2;1H[1m[34m~                              
~                              
~                              
~                              
~                              
~                              
~                              
~                              
~                              
~                              
~                              
~                              
~                              
~                              
~                              
~                              
~                              
~                              
~                              
~                              
~                              [m
[38;5;17m[48;5;190m /root [m[38;5;85m[48;5;234m                        [m[1m[7m [m[1;33H[38;5;130m  0 [m[4m                                            [m[2;33H[1m[34m~                                               [3;33H~                                               [4;33H~                                               [5;33H~                                               [6;33H~                                               [7;33H~                                               [8;33H~                                               [9;33H~                                               [10;33H~                                               [11;33H~                                               [12;33H~                                               [13;33H~                                               [14;33H~                                               [15;33H~                                               [16;33H~                                               [17;33H~                                               [18;33H~                                               [19;33H~                                               [20;33H~                                               [21;33H~                                               [22;33H~                                               [m[23;33H[38;5;239m[48;5;236m fork_userspace_hypercall/       [m[38;5;239m[48;5;234m 100% „èë:0 ‚ÑÖ[23;78H:1 [m[24;1H[K[1;1H[31m" Press ? for help[m             
                               
[34m.. (up a dir)[m                  
[4m[33m/root/[m[4m                         [m
[34m‚ñ∏[m [34mconfigs[m[36m/[m                     
[34m‚ñ∏[m [34mfork_userspace_hypercall[m[36m/[m    [1;33H[34m" =============================================[m[1m[34m>[m[2;33H[34m" Netrw Directory Listing                      [m[1m[34m>[m[3;33H[34m"   /root/fork_userspace_hypercall[m[3;67H[K[4;33H[34m"   Sorted by[m[33m      name[m[4;56H[K[5;33H[34m"   Sort sequence:[m[33m [\/]$[m[34m,[m[33m\<core\%(\.\d\+\)\=\>[m[34m,[m[1m[34m>[m[6;33H[34m"   Quick Help: [m[36m<F1>[m[35m:[mhelp  [36m-[m[35m:[mgo up dir  [36mD[m[35m:[mdelet[1m[34m>[m[7;33H[34m" =============================================[m[1m[34m>[m[8;33H[4m[34m..[m[4m[36m/[m[4m                                             [m[9;33H[34m.[m[36m/[m[9;35H[K[10;33H[34m.git[m[36m/[m[10;38H[K[11;33Hhypercall.c[11;44H[K[12;33H[35mhypercall[m[36m*[m[12;43H[K[23;34H[38;5;239m[48;5;236m[No Name][-] [noperm]    [7C [m[38;5;239m[48;5;234m 66[5C8[4;1H[?12l[?25h[?25l[m[24;70H:[4;1H[24;70H[K[24;1H:[?12l[?25hq[?25l[?12l[?25h[?25l[8;1H[1;1H[34m" ================================[m[1;79H[K[2;1H[34m" Netrw Directory Listing                                [m[8C[36m(netrw v156)[m[2;78H[K[3;1H[34m"   /root/fork_userspace_hypercall[m[3;35H[K[4;1H[34m"   Sorted by[m[33m      name[m[4;24H[K[5;1H[34m"   Sort sequence:[m[33m [\/]$[m[34m,[m[33m\<core\%(\.\d\+\)\=\>[m[34m,[m[33m\.h$[m[34m,[m[1C[33m.c[3C.cpp$[m[34m,[m[33m\~\=\*$[m[34m,[m[33m*[m[34m,[m[1C[33m.o$[m
[34m"   Quick Help: [m[36m<F1>[m[35m:[mhelp  [36m-[m[35m:[mgo up dir  [36mD[m[35m:[mdelete  [36mR[m[35m:[mrename  [36ms[m[35m:[msort-by  [36mx[m[35m:[mspecial[7;1H[34m" ================================[45C=[m[8;1H[4m[34m..[m[4m[36m/[m[4m                                [m
[34m.[m[36m/[m[9;3H[K[10;1H[34m.git[m[36m/[m[10;6H[K[11;1Hhypercall.c[11;12H[K[12;1H[35mhypercall[m[36m*[m[12;11H[K[13;32H[1m[34m   [14;32H   [15;32H   [16;32H   [17;32H   [18;32H   [19;32H   [20;32H   [21;32H   [22;32H   [m[23;2H[38;5;17m[48;5;190mnetrw[m[2C[38;5;85m[48;5;234m[No Name][14C                                       [m[38;5;255m[48;5;238m name [+] [8;1H[?12l[?25h[?25l[m[24;70H:[8;1H[24;1H[K[24;1H:[?12l[?25hq[?25l[?12l[?25h[?25l[?1000l[24;1H[K[24;1H[?1l>[?12l[?25h[?1049l[0;31mroot[0;31m@[34;1msyzkaller[0m:[0;33m~[0m[0;31m # [0mls
[0m[01;34mconfigs[0m  [01;34mfork_userspace_hypercall[0m
[0;31mroot[0;31m@[34;1msyzkaller[0m:[0;33m~[0m[0;31m # [0mclear
[3J[H[2J[0;31mroot[0;31m@[34;1msyzkaller[0m:[0;33m~[0m[0;31m # [0mls
[0m[01;34mconfigs[0m  [01;34mfork_userspace_hypercall[0m
[0;31mroot[0;31m@[34;1msyzkaller[0m:[0;33m~[0m[0;31m # [0mls
[0m[01;34mconfigs[0m  [01;34mfork_userspace_hypercall[0m
[0;31mroot[0;31m@[34;1msyzkaller[0m:[0;33m~[0m[0;31m # [0mls
[0m[01;34mconfigs[0m  [01;34mfork_userspace_hypercall[0m
[0;31mroot[0;31m@[34;1msyzkaller[0m:[0;33m~[0m[0;31m # [0ms
bookmark name required
[0;31mroot[0;31m@[34;1msyzkaller[0m:[0;33m~[0m[0;31m # [0m5[C5
-bash: 55: command not found
[0;31mroot[0;31m@[34;1msyzkaller[0m:[0;33m~[0m[0;31m # [0m
[0;31mroot[0;31m@[34;1msyzkaller[0m:[0;33m~[0m[0;31m # [0m
[0;31mroot[0;31m@[34;1msyzkaller[0m:[0;33m~[0m[0;31m # [0m232
-bash: 32: command not found
[0;31mroot[0;31m@[34;1msyzkaller[0m:[0;33m~[0m[0;31m # [0mls
[0m[01;34mconfigs[0m  [01;34mfork_userspace_hypercall[0m
[0;31mroot[0;31m@[34;1msyzkaller[0m:[0;33m~[0m[0;31m # [0mls
[0m[01;34mconfigs[0m  [01;34mfork_userspace_hypercall[0m
[0;31mroot[0;31m@[34;1msyzkaller[0m:[0;33m~[0m[0;31m # [0m