c[?7l[2J[0mSeaBIOS (version rel-1.14.0-0-g155821a1990b-prebuilt.qemu.org)


iPXE (http://ipxe.org) 00:03.0 CA00 PCI2.10 PnP PMM+1FF8F030+1FEEF030 CA00
Press Ctrl-B to configure iPXE (PCI 00:03.0)...                                                                               


Booting from ROM..c[?7l[2J[0m.Wrong EFI loader signature.
early console in extract_kernel
input_data: 0x0000000002a1440d
input_len: 0x00000000009d35eb
output: 0x0000000001000000
output_len: 0x00000000023a39f8
kernel_total_size: 0x0000000002228000
needed_size: 0x0000000002400000
trampoline_32bit: 0x000000000009d000

Decompressing Linux... Parsing ELF... done.
Booting the kernel.
[    0.000000] Linux version 5.14.0-rc7-mm1+ (root@syzkaller) (gcc (Debian 6.3.0-18+deb9u1) 6.3.0 20170516, GNU ld (GNU Binutils for Debian) 2.28) #1 SMP Tue Dec 7 18:49:28 UTC 2021
[    0.000000] Command line: console=ttyS0 root=/dev/sda earlyprintk=serial net.ifnames=0 kernel-modules
[    0.000000] x86/fpu: Supporting XSAVE feature 0x001: 'x87 floating point registers'
[    0.000000] x86/fpu: Supporting XSAVE feature 0x002: 'SSE registers'
[    0.000000] x86/fpu: Supporting XSAVE feature 0x004: 'AVX registers'
[    0.000000] x86/fpu: Supporting XSAVE feature 0x008: 'MPX bounds registers'
[    0.000000] x86/fpu: Supporting XSAVE feature 0x010: 'MPX CSR'
[    0.000000] x86/fpu: xstate_offset[2]:  576, xstate_sizes[2]:  256
[    0.000000] x86/fpu: xstate_offset[3]:  832, xstate_sizes[3]:   64
[    0.000000] x86/fpu: xstate_offset[4]:  896, xstate_sizes[4]:   64
[    0.000000] x86/fpu: Enabled xstate features 0x1f, context size is 960 bytes, using 'compacted' format.
[    0.000000] signal: max sigframe size: 2032
[    0.000000] BIOS-provided physical RAM map:
[    0.000000] BIOS-e820: [mem 0x0000000000000000-0x000000000009fbff] usable
[    0.000000] BIOS-e820: [mem 0x000000000009fc00-0x000000000009ffff] reserved
[    0.000000] BIOS-e820: [mem 0x00000000000f0000-0x00000000000fffff] reserved
[    0.000000] BIOS-e820: [mem 0x0000000000100000-0x000000001ffdffff] usable
[    0.000000] BIOS-e820: [mem 0x000000001ffe0000-0x000000001fffffff] reserved
[    0.000000] BIOS-e820: [mem 0x00000000feffc000-0x00000000feffffff] reserved
[    0.000000] BIOS-e820: [mem 0x00000000fffc0000-0x00000000ffffffff] reserved
[    0.000000] printk: bootconsole [earlyser0] enabled
[    0.000000] NX (Execute Disable) protection: active
[    0.000000] SMBIOS 2.8 present.
[    0.000000] DMI: QEMU Standard PC (i440FX + PIIX, 1996), BIOS rel-1.14.0-0-g155821a1990b-prebuilt.qemu.org 04/01/2014
[    0.000000] Hypervisor detected: KVM
[    0.000000] kvm-clock: Using msrs 4b564d01 and 4b564d00
[    0.000000] kvm-clock: cpu 0, msr 2fc0001, primary cpu clock
[    0.000034] kvm-clock: using sched offset of 821687923 cycles
[    0.002885] clocksource: kvm-clock: mask: 0xffffffffffffffff max_cycles: 0x1cd42e4dffb, max_idle_ns: 881590591483 ns
[    0.011027] tsc: Detected 2999.998 MHz processor
[    0.014631] last_pfn = 0x1ffe0 max_arch_pfn = 0x400000000
[    0.017706] x86/PAT: Configuration [0-7]: WB  WC  UC- UC  WB  WP  UC- WT  
[    0.026814] found SMP MP-table at [mem 0x000f5ab0-0x000f5abf]
[    0.030343] Using GB pages for direct mapping
[    0.033797] ACPI: Early table checksum verification disabled
[    0.036919] ACPI: RSDP 0x00000000000F58D0 000014 (v00 BOCHS )
[    0.039948] ACPI: RSDT 0x000000001FFE1550 000034 (v01 BOCHS  BXPCRSDT 00000001 BXPC 00000001)
[    0.044230] ACPI: FACP 0x000000001FFE1404 000074 (v01 BOCHS  BXPCFACP 00000001 BXPC 00000001)
[    0.048558] ACPI: DSDT 0x000000001FFE0040 0013C4 (v01 BOCHS  BXPCDSDT 00000001 BXPC 00000001)
[    0.052793] ACPI: FACS 0x000000001FFE0000 000040
[    0.055087] ACPI: APIC 0x000000001FFE1478 000078 (v01 BOCHS  BXPCAPIC 00000001 BXPC 00000001)
[    0.059340] ACPI: HPET 0x000000001FFE14F0 000038 (v01 BOCHS  BXPCHPET 00000001 BXPC 00000001)
[    0.063629] ACPI: WAET 0x000000001FFE1528 000028 (v01 BOCHS  BXPCWAET 00000001 BXPC 00000001)
[    0.067830] ACPI: Reserving FACP table memory at [mem 0x1ffe1404-0x1ffe1477]
[    0.071307] ACPI: Reserving DSDT table memory at [mem 0x1ffe0040-0x1ffe1403]
[    0.074780] ACPI: Reserving FACS table memory at [mem 0x1ffe0000-0x1ffe003f]
[    0.078239] ACPI: Reserving APIC table memory at [mem 0x1ffe1478-0x1ffe14ef]
[    0.081892] ACPI: Reserving HPET table memory at [mem 0x1ffe14f0-0x1ffe1527]
[    0.085364] ACPI: Reserving WAET table memory at [mem 0x1ffe1528-0x1ffe154f]
[    0.090882] No NUMA configuration found
[    0.092774] Faking a node at [mem 0x0000000000000000-0x000000001ffdffff]
[    0.096124] NODE_DATA(0) allocated [mem 0x1ffdc000-0x1ffdffff]
[    0.099343] Zone ranges:
[    0.100750]   DMA      [mem 0x0000000000001000-0x0000000000ffffff]
[    0.103871]   DMA32    [mem 0x0000000001000000-0x000000001ffdffff]
[    0.106910]   Normal   empty
[    0.108332] Movable zone start for each node
[    0.110436] Early memory node ranges
[    0.112231]   node   0: [mem 0x0000000000001000-0x000000000009efff]
[    0.115319]   node   0: [mem 0x0000000000100000-0x000000001ffdffff]
[    0.118484] Initmem setup node 0 [mem 0x0000000000001000-0x000000001ffdffff]
[    0.122117] On node 0, zone DMA: 1 pages in unavailable ranges
[    0.123162] On node 0, zone DMA: 97 pages in unavailable ranges
[    0.187016] On node 0, zone DMA32: 32 pages in unavailable ranges
[    0.191907] ACPI: PM-Timer IO Port: 0x608
[    0.197268] ACPI: LAPIC_NMI (acpi_id[0xff] dfl dfl lint[0x1])
[    0.200307] IOAPIC[0]: apic_id 0, version 17, address 0xfec00000, GSI 0-23
[    0.203894] ACPI: INT_SRC_OVR (bus 0 bus_irq 0 global_irq 2 dfl dfl)
[    0.207006] ACPI: INT_SRC_OVR (bus 0 bus_irq 5 global_irq 5 high level)
[    0.210263] ACPI: INT_SRC_OVR (bus 0 bus_irq 9 global_irq 9 high level)
[    0.213578] ACPI: INT_SRC_OVR (bus 0 bus_irq 10 global_irq 10 high level)
[    0.217031] ACPI: INT_SRC_OVR (bus 0 bus_irq 11 global_irq 11 high level)
[    0.220433] ACPI: Using ACPI (MADT) for SMP configuration information
[    0.223713] ACPI: HPET id: 0x8086a201 base: 0xfed00000
[    0.226254] TSC deadline timer available
[    0.228306] smpboot: Allowing 1 CPUs, 0 hotplug CPUs
[    0.231326] kvm-guest: KVM setup pv remote TLB flush
[    0.233862] kvm-guest: setup PV sched yield
[    0.236259] [mem 0x20000000-0xfeffbfff] available for PCI devices
[    0.239312] Booting paravirtualized kernel on KVM
[    0.241851] clocksource: refined-jiffies: mask: 0xffffffff max_cycles: 0xffffffff, max_idle_ns: 1910969940391419 ns
[    0.261669] setup_percpu: NR_CPUS:64 nr_cpumask_bits:64 nr_cpu_ids:1 nr_node_ids:1
[    0.281512] percpu: Embedded 48 pages/cpu s158488 r8192 d29928 u2097152
[    0.285209] kvm-guest: setup async PF for cpu 0
[    0.287558] kvm-guest: stealtime: cpu 0, msr 1f4171c0
[    0.290184] Built 1 zonelists, mobility grouping on.  Total pages: 128736
[    0.293624] Policy zone: DMA32
[    0.295212] Kernel command line: console=ttyS0 root=/dev/sda earlyprintk=serial net.ifnames=0 kernel-modules
[    0.302335] Unknown command line parameters: kernel-modules
[    0.307563] Dentry cache hash table entries: 65536 (order: 7, 524288 bytes, linear)
[    0.313128] Inode-cache hash table entries: 32768 (order: 6, 262144 bytes, linear)
[    0.317408] mem auto-init: stack:off, heap alloc:off, heap free:off
[    0.322380] Memory: 478812K/523768K available (16402K kernel code, 2893K rwdata, 3856K rodata, 1824K init, 2420K bss, 44700K reserved, 0K cma-reserved)
[    0.328065] SLUB: HWalign=64, Order=0-3, MinObjects=0, CPUs=1, Nodes=1
[    0.330921] ftrace: allocating 51280 entries in 201 pages
[    0.432991] ftrace: allocated 201 pages with 4 groups
[    0.437981] rcu: Hierarchical RCU implementation.
[    0.439964] rcu: 	RCU event tracing is enabled.
[    0.441832] rcu: 	RCU restricting CPUs from NR_CPUS=64 to nr_cpu_ids=1.
[    0.444451] 	Rude variant of Tasks RCU enabled.
[    0.446295] rcu: RCU calculated value of scheduler-enlistment delay is 100 jiffies.
[    0.449332] rcu: Adjusting geometry for rcu_fanout_leaf=16, nr_cpu_ids=1
[    0.474689] NR_IRQS: 4352, nr_irqs: 256, preallocated irqs: 16
[    0.477865] random: get_random_bytes called from start_kernel+0x4dd/0x6b5 with crng_init=0
[    0.499394] Console: colour VGA+ 80x25
[    0.504428] printk: console [ttyS0] enabled
[    0.504428] printk: console [ttyS0] enabled
[    0.508106] printk: bootconsole [earlyser0] disabled
[    0.508106] printk: bootconsole [earlyser0] disabled
[    0.512234] ACPI: Core revision 20210730
[    0.514550] clocksource: hpet: mask: 0xffffffff max_cycles: 0xffffffff, max_idle_ns: 19112604467 ns
[    0.518765] APIC: Switch to symmetric I/O mode setup
[    0.521637] x2apic enabled
[    0.523621] Switched APIC routing to physical x2apic.
[    0.525723] kvm-guest: setup PV IPIs
[    0.530590] ..TIMER: vector=0x30 apic1=0 pin1=2 apic2=-1 pin2=-1
[    0.533104] clocksource: tsc-early: mask: 0xffffffffffffffff max_cycles: 0x2b3e43c8763, max_idle_ns: 440795360101 ns
[    0.537365] Calibrating delay loop (skipped) preset value.. 5999.99 BogoMIPS (lpj=2999998)
[    0.538362] pid_max: default: 32768 minimum: 301
[    0.539396] LSM: Security Framework initializing
[    0.540482] SELinux:  Initializing.
[    0.541580] Mount-cache hash table entries: 1024 (order: 1, 8192 bytes, linear)
[    0.542394] Mountpoint-cache hash table entries: 1024 (order: 1, 8192 bytes, linear)
[    0.547362] x86/cpu: User Mode Instruction Prevention (UMIP) activated
[    0.549802] Last level iTLB entries: 4KB 0, 2MB 0, 4MB 0
[    0.550362] Last level dTLB entries: 4KB 0, 2MB 0, 4MB 0, 1GB 0
[    0.551746] Spectre V1 : Mitigation: usercopy/swapgs barriers and __user pointer sanitization
[    0.552388] Spectre V2 : Mitigation: Enhanced IBRS
[    0.554361] Spectre V2 : Spectre v2 / SpectreRSB mitigation: Filling RSB on context switch
[    0.555400] Spectre V2 : mitigation: Enabling conditional Indirect Branch Prediction Barrier
[    0.556363] Speculative Store Bypass: Mitigation: Speculative Store Bypass disabled via prctl and seccomp
[    0.557388] SRBDS: Mitigation: TSX disabled
[    0.638306] Freeing SMP alternatives memory: 44K
[    0.641030] smpboot: CPU0: Intel(R) Core(TM) i7-9700 CPU @ 3.00GHz (family: 0x6, model: 0x9e, stepping: 0xd)
[    0.642732] Performance Events: Skylake events, Intel PMU driver.
[    0.643405] ... version:                2
[    0.644367] ... bit width:              48
[    0.645366] ... generic registers:      8
[    0.646367] ... value mask:             0000ffffffffffff
[    0.647368] ... max period:             000000007fffffff
[    0.648367] ... fixed-purpose events:   3
[    0.649366] ... event mask:             00000007000000ff
[    0.650930] rcu: Hierarchical SRCU implementation.
[    0.653515] smp: Bringing up secondary CPUs ...
[    0.654371] smp: Brought up 1 node, 1 CPU
[    0.655368] smpboot: Max logical packages: 1
[    0.656367] smpboot: Total of 1 processors activated (5999.99 BogoMIPS)
[    0.667067] devtmpfs: initialized
[    0.671267] clocksource: jiffies: mask: 0xffffffff max_cycles: 0xffffffff, max_idle_ns: 1911260446275000 ns
[    0.671393] futex hash table entries: 256 (order: 2, 16384 bytes, linear)
[    0.672882] pinctrl core: initialized pinctrl subsystem
[    0.673674] 
[    0.674291] *************************************************************
[    0.674370] **     NOTICE NOTICE NOTICE NOTICE NOTICE NOTICE NOTICE    **
[    0.675368] **                                                         **
[    0.676367] **  IOMMU DebugFS SUPPORT HAS BEEN ENABLED IN THIS KERNEL  **
[    0.677367] **                                                         **
[    0.678368] ** This means that this kernel is built to expose internal **
[    0.679367] ** IOMMU data structures, which may compromise security on **
[    0.680367] ** your system.                                            **
[    0.681367] **                                                         **
[    0.682367] ** If you see this message and you are not debugging the   **
[    0.683367] ** kernel, report this immediately to your vendor!         **
[    0.684367] **                                                         **
[    0.685367] **     NOTICE NOTICE NOTICE NOTICE NOTICE NOTICE NOTICE    **
[    0.686367] *************************************************************
[    0.687625] PM: RTC time: 00:47:37, date: 2021-12-09
[    0.689235] NET: Registered PF_NETLINK/PF_ROUTE protocol family
[    0.689673] audit: initializing netlink subsys (disabled)
[    0.691526] thermal_sys: Registered thermal governor 'step_wise'
[    0.691549] thermal_sys: Registered thermal governor 'user_space'
[    0.692373] cpuidle: using governor menu
[    0.694509] audit: type=2000 audit(1639010857.691:1): state=initialized audit_enabled=0 res=1
[    0.695617] ACPI: bus type PCI registered
[    0.697029] PCI: Using configuration type 1 for base access
[    0.701338] Kprobes globally optimized
[    0.702088] HugeTLB registered 2.00 MiB page size, pre-allocated 0 pages
[    0.702823] cryptomgr_test (21) used greatest stack depth: 15664 bytes left
[    0.705144] ACPI: PRMT not present
[    0.705434] ACPI: Added _OSI(Module Device)
[    0.706367] ACPI: Added _OSI(Processor Device)
[    0.707368] ACPI: Added _OSI(3.0 _SCP Extensions)
[    0.708368] ACPI: Added _OSI(Processor Aggregator Device)
[    0.709372] ACPI: Added _OSI(Linux-Dell-Video)
[    0.710385] ACPI: Added _OSI(Linux-Lenovo-NV-HDMI-Audio)
[    0.711371] ACPI: Added _OSI(Linux-HPI-Hybrid-Graphics)
[    0.713452] ACPI: 1 ACPI AML tables successfully acquired and loaded
[    0.715580] ACPI: Interpreter enabled
[    0.716496] ACPI: PM: (supports S0 S3 S5)
[    0.717368] ACPI: Using IOAPIC for interrupt routing
[    0.718424] PCI: Using host bridge windows from ACPI; if necessary, use "pci=nocrs" and report a bug
[    0.719588] ACPI: Enabled 2 GPEs in block 00 to 0F
[    0.725038] ACPI: PCI Root Bridge [PCI0] (domain 0000 [bus 00-ff])
[    0.725400] acpi PNP0A03:00: _OSC: OS supports [ASPM ClockPM Segments MSI HPX-Type3]
[    0.726404] acpi PNP0A03:00: fail to add MMCONFIG information, can't access extended PCI configuration space under this bridge.
[    0.727579] PCI host bridge to bus 0000:00
[    0.728368] pci_bus 0000:00: root bus resource [io  0x0000-0x0cf7 window]
[    0.729370] pci_bus 0000:00: root bus resource [io  0x0d00-0xffff window]
[    0.730368] pci_bus 0000:00: root bus resource [mem 0x000a0000-0x000bffff window]
[    0.731367] pci_bus 0000:00: root bus resource [mem 0x20000000-0xfebfffff window]
[    0.732367] pci_bus 0000:00: root bus resource [mem 0x100000000-0x17fffffff window]
[    0.733368] pci_bus 0000:00: root bus resource [bus 00-ff]
[    0.734585] pci 0000:00:00.0: [8086:1237] type 00 class 0x060000
[    0.737160] pci 0000:00:01.0: [8086:7000] type 00 class 0x060100
[    0.739395] pci 0000:00:01.1: [8086:7010] type 00 class 0x010180
[    0.743706] pci 0000:00:01.1: reg 0x20: [io  0xc040-0xc04f]
[    0.745700] pci 0000:00:01.1: legacy IDE quirk: reg 0x10: [io  0x01f0-0x01f7]
[    0.746368] pci 0000:00:01.1: legacy IDE quirk: reg 0x14: [io  0x03f6]
[    0.747367] pci 0000:00:01.1: legacy IDE quirk: reg 0x18: [io  0x0170-0x0177]
[    0.748367] pci 0000:00:01.1: legacy IDE quirk: reg 0x1c: [io  0x0376]
[    0.749916] pci 0000:00:01.3: [8086:7113] type 00 class 0x068000
[    0.751990] pci 0000:00:01.3: quirk: [io  0x0600-0x063f] claimed by PIIX4 ACPI
[    0.752396] pci 0000:00:01.3: quirk: [io  0x0700-0x070f] claimed by PIIX4 SMB
[    0.754039] pci 0000:00:02.0: [1234:1111] type 00 class 0x030000
[    0.756360] pci 0000:00:02.0: reg 0x10: [mem 0xfd000000-0xfdffffff pref]
[    0.760384] pci 0000:00:02.0: reg 0x18: [mem 0xfebf0000-0xfebf0fff]
[    0.766360] pci 0000:00:02.0: reg 0x30: [mem 0xfebe0000-0xfebeffff pref]
[    0.771447] pci 0000:00:03.0: [8086:100e] type 00 class 0x020000
[    0.773367] pci 0000:00:03.0: reg 0x10: [mem 0xfebc0000-0xfebdffff]
[    0.775367] pci 0000:00:03.0: reg 0x14: [io  0xc000-0xc03f]
[    0.781367] pci 0000:00:03.0: reg 0x30: [mem 0xfeb80000-0xfebbffff pref]
[    0.785544] ACPI: PCI: Interrupt link LNKA configured for IRQ 10
[    0.786572] ACPI: PCI: Interrupt link LNKB configured for IRQ 10
[    0.787527] ACPI: PCI: Interrupt link LNKC configured for IRQ 11
[    0.788552] ACPI: PCI: Interrupt link LNKD configured for IRQ 11
[    0.789487] ACPI: PCI: Interrupt link LNKS configured for IRQ 9
[    0.792384] iommu: Default domain type: Translated 
[    0.793369] iommu: DMA domain TLB invalidation policy: lazy mode 
[    0.795533] pci 0000:00:02.0: vgaarb: setting as boot VGA device
[    0.796360] pci 0000:00:02.0: vgaarb: VGA device added: decodes=io+mem,owns=io+mem,locks=none
[    0.796368] pci 0000:00:02.0: vgaarb: bridge control possible
[    0.797367] vgaarb: loaded
[    0.799692] SCSI subsystem initialized
[    0.802528] ACPI: bus type USB registered
[    0.803679] usbcore: registered new interface driver usbfs
[    0.804437] usbcore: registered new interface driver hub
[    0.805437] usbcore: registered new device driver usb
[    0.806530] pps_core: LinuxPPS API ver. 1 registered
[    0.807368] pps_core: Software ver. 5.3.6 - Copyright 2005-2007 Rodolfo Giometti <giometti@linux.it>
[    0.808372] PTP clock support registered
[    0.810220] Advanced Linux Sound Architecture Driver Initialized.
[    0.811917] NetLabel: Initializing
[    0.812368] NetLabel:  domain hash size = 128
[    0.813367] NetLabel:  protocols = UNLABELED CIPSOv4 CALIPSO
[    0.814495] NetLabel:  unlabeled traffic allowed by default
[    0.815593] PCI: Using ACPI for IRQ routing
[    0.818540] hpet0: at MMIO 0xfed00000, IRQs 2, 8, 0
[    0.819370] hpet0: 3 comparators, 64-bit 100.000000 MHz counter
[    0.823733] clocksource: Switched to clocksource kvm-clock
[    0.928877] VFS: Disk quotas dquot_6.6.0
[    0.986970] VFS: Dquot-cache hash table entries: 512 (order 0, 4096 bytes)
[    0.990246] pnp: PnP ACPI init
[    0.992766] pnp: PnP ACPI: found 6 devices
[    1.003884] clocksource: acpi_pm: mask: 0xffffff max_cycles: 0xffffff, max_idle_ns: 2085701024 ns
[    1.007850] NET: Registered PF_INET protocol family
[    1.010595] IP idents hash table entries: 8192 (order: 4, 65536 bytes, linear)
[    1.015195] tcp_listen_portaddr_hash hash table entries: 256 (order: 0, 4096 bytes, linear)
[    1.018922] TCP established hash table entries: 4096 (order: 3, 32768 bytes, linear)
[    1.022248] TCP bind hash table entries: 4096 (order: 4, 65536 bytes, linear)
[    1.025710] TCP: Hash tables configured (established 4096 bind 4096)
[    1.029017] UDP hash table entries: 256 (order: 1, 8192 bytes, linear)
[    1.031675] UDP-Lite hash table entries: 256 (order: 1, 8192 bytes, linear)
[    1.034964] NET: Registered PF_UNIX/PF_LOCAL protocol family
[    1.039072] RPC: Registered named UNIX socket transport module.
[    1.041490] RPC: Registered udp transport module.
[    1.043375] RPC: Registered tcp transport module.
[    1.045277] RPC: Registered tcp NFSv4.1 backchannel transport module.
[    1.048323] pci_bus 0000:00: resource 4 [io  0x0000-0x0cf7 window]
[    1.050883] pci_bus 0000:00: resource 5 [io  0x0d00-0xffff window]
[    1.053273] pci_bus 0000:00: resource 6 [mem 0x000a0000-0x000bffff window]
[    1.056072] pci_bus 0000:00: resource 7 [mem 0x20000000-0xfebfffff window]
[    1.058866] pci_bus 0000:00: resource 8 [mem 0x100000000-0x17fffffff window]
[    1.061693] pci 0000:00:01.0: PIIX3: Enabling Passive Release
[    1.064043] pci 0000:00:00.0: Limiting direct PCI/PCI transfers
[    1.066554] pci 0000:00:01.0: Activating ISA DMA hang workarounds
[    1.069156] pci 0000:00:02.0: Video device with shadowed ROM at [mem 0x000c0000-0x000dffff]
[    1.072600] PCI: CLS 0 bytes, default 64
[    1.075061] RAPL PMU: API unit is 2^-32 Joules, 0 fixed counters, 10737418240 ms ovfl timer
[    1.082634] clocksource: tsc: mask: 0xffffffffffffffff max_cycles: 0x2b3e43c8763, max_idle_ns: 440795360101 ns
[    1.088711] Initialise system trusted keyrings
[    1.091288] workingset: timestamp_bits=56 max_order=17 bucket_order=0
[    1.101001] NFS: Registering the id_resolver key type
[    1.103054] Key type id_resolver registered
[    1.104764] Key type id_legacy registered
[    1.106808] 9p: Installing v9fs 9p2000 file system support
[    1.116002] Key type asymmetric registered
[    1.117667] Asymmetric key parser 'x509' registered
[    1.120103] Block layer SCSI generic (bsg) driver version 0.4 loaded (major 251)
[    1.123048] io scheduler mq-deadline registered
[    1.124886] io scheduler kyber registered
[    1.127354] input: Power Button as /devices/LNXSYSTM:00/LNXPWRBN:00/input/input0
[    1.130472] ACPI: button: Power Button [PWRF]
[    1.133081] Serial: 8250/16550 driver, 4 ports, IRQ sharing enabled
[    1.136406] 00:04: ttyS0 at I/O 0x3f8 (irq = 4, base_baud = 115200) is a 16550A
[    1.140512] Non-volatile memory driver v1.3
[    1.142334] Linux agpgart interface v0.103
[    1.155002] loop: module loaded
[    1.160522] scsi host0: ata_piix
[    1.162596] scsi host1: ata_piix
[    1.164056] ata1: PATA max MWDMA2 cmd 0x1f0 ctl 0x3f6 bmdma 0xc040 irq 14
[    1.166821] ata2: PATA max MWDMA2 cmd 0x170 ctl 0x376 bmdma 0xc048 irq 15
[    1.172120] libphy: Fixed MDIO Bus: probed
[    1.174059] e100: Intel(R) PRO/100 Network Driver
[    1.176114] e100: Copyright(c) 1999-2006 Intel Corporation
[    1.178268] e1000: Intel(R) PRO/1000 Network Driver
[    1.180229] e1000: Copyright (c) 1999-2006 Intel Corporation.
[    1.191251] ACPI: \_SB_.LNKC: Enabled at IRQ 11
[    1.327751] ata1.00: ATA-7: QEMU HARDDISK, 2.5+, max UDMA/100
[    1.330173] ata1.00: 4194304 sectors, multi 16: LBA48 
[    1.334403] ata2.00: ATAPI: QEMU DVD-ROM, 2.5+, max UDMA/100
[    1.339557] scsi 0:0:0:0: Direct-Access     ATA      QEMU HARDDISK    2.5+ PQ: 0 ANSI: 5
[    1.348618] scsi 0:0:0:0: Attached scsi generic sg0 type 0
[    1.351471] sd 0:0:0:0: [sda] 4194304 512-byte logical blocks: (2.15 GB/2.00 GiB)
[    1.354554] sd 0:0:0:0: [sda] Write Protect is off
[    1.357276] scsi 1:0:0:0: CD-ROM            QEMU     QEMU DVD-ROM     2.5+ PQ: 0 ANSI: 5
[    1.362865] sd 0:0:0:0: [sda] Write cache: enabled, read cache: enabled, doesn't support DPO or FUA
[    1.379522] sd 0:0:0:0: [sda] Attached SCSI disk
[    1.382682] sr 1:0:0:0: [sr0] scsi3-mmc drive: 4x/4x cd/rw xa/form2 tray
[    1.385502] cdrom: Uniform CD-ROM driver Revision: 3.20
[    1.415819] sr 1:0:0:0: Attached scsi generic sg1 type 5
[    1.652643] e1000 0000:00:03.0 eth0: (PCI:33MHz:32-bit) 52:54:00:12:34:56
[    1.655419] e1000 0000:00:03.0 eth0: Intel(R) PRO/1000 Network Connection
[    1.658314] e1000e: Intel(R) PRO/1000 Network Driver
[    1.660404] e1000e: Copyright(c) 1999 - 2015 Intel Corporation.
[    1.662909] sky2: driver version 1.30
[    1.664741] ehci_hcd: USB 2.0 'Enhanced' Host Controller (EHCI) Driver
[    1.667376] ehci-pci: EHCI PCI platform driver
[    1.669246] ohci_hcd: USB 1.1 'Open' Host Controller (OHCI) Driver
[    1.671764] ohci-pci: OHCI PCI platform driver
[    1.673554] uhci_hcd: USB Universal Host Controller Interface driver
[    1.676306] usbcore: registered new interface driver usblp
[    1.678548] usbcore: registered new interface driver usb-storage
[    1.681080] i8042: PNP: PS/2 Controller [PNP0303:KBD,PNP0f13:MOU] at 0x60,0x64 irq 1,12
[    1.686358] serio: i8042 KBD port at 0x60,0x64 irq 1
[    1.688396] serio: i8042 AUX port at 0x60,0x64 irq 12
[    1.691769] input: AT Translated Set 2 keyboard as /devices/platform/i8042/serio0/input/input1
[    1.695426] rtc_cmos 00:05: RTC can wake from S4
[    1.703088] rtc_cmos 00:05: registered as rtc0
[    1.705153] rtc_cmos 00:05: alarms up to one day, y3k, 242 bytes nvram, hpet irqs
[    1.709675] fail to initialize ptp_kvm
[    1.709912] device-mapper: ioctl: 4.45.0-ioctl (2021-03-22) initialised: dm-devel@redhat.com
[    1.714932] intel_pstate: CPU model not supported
[    1.717145] hid: raw HID events driver (C) Jiri Kosina
[    1.719962] usbcore: registered new interface driver usbhid
[    1.722281] usbhid: USB HID core driver
[    1.725598] Initializing XFRM netlink socket
[    1.727797] NET: Registered PF_INET6 protocol family
[    1.731680] Segment Routing with IPv6
[    1.733357] In-situ OAM (IOAM) with IPv6
[    1.735410] sit: IPv6, IPv4 and MPLS over IPv4 tunneling driver
[    1.738400] NET: Registered PF_PACKET protocol family
[    1.740713] 9pnet: Installing 9P2000 support
[    1.742688] Key type dns_resolver registered
[    1.744930] IPI shorthand broadcast: enabled
[    1.747008] registered taskstats version 1
[    1.748628] Loading compiled-in X.509 certificates
[    1.752244] PM:   Magic number: 1:944:758
[    1.754019] printk: console [netcon0] enabled
[    1.755901] netconsole: network logging started
[    1.758009] cfg80211: Loading compiled-in X.509 certificates for regulatory database
[    1.762666] kworker/u2:1 (65) used greatest stack depth: 14600 bytes left
[    1.766237] cfg80211: Loaded X.509 cert 'sforshee: 00b28ddf47aef9cea7'
[    1.769156] platform regulatory.0: Direct firmware load for regulatory.db failed with error -2
[    1.772769] Unstable clock detected, switching default tracing clock to "global"
[    1.772769] If you want to keep using the local clock, then add:
[    1.772769]   "trace_clock=local"
[    1.772769] on the kernel command line
[    1.780778] cfg80211: failed to load regulatory.db
[    1.783112] ALSA device list:
[    1.784346]   No soundcards found.
[    2.331864] random: fast init done
[    2.333958] input: ImExPS/2 Generic Explorer Mouse as /devices/platform/i8042/serio1/input/input3
[    2.337768] md: Waiting for all devices to be available before autodetect
[    2.340641] md: If you don't use raid, use raid=noautodetect
[    2.343018] md: Autodetecting RAID arrays.
[    2.344639] md: autorun ...
[    2.345772] md: ... autorun DONE.
[    2.353299] EXT4-fs (sda): mounted filesystem with ordered data mode. Opts: (null). Quota mode: none.
[    2.357272] VFS: Mounted root (ext4 filesystem) readonly on device 8:0.
[    2.361441] devtmpfs: mounted
[    2.373624] Freeing unused kernel image (initmem) memory: 1824K
[    2.376090] Write protecting the kernel read-only data: 22528k
[    2.393455] Freeing unused kernel image (text/rodata gap) memory: 2028K
[    2.398159] Freeing unused kernel image (rodata/data gap) memory: 240K
[    2.400904] Run /sbin/init as init process
[    2.571880] ext4lazyinit (71) used greatest stack depth: 14416 bytes left
[    2.603175] SELinux:  Permission getrlimit in class process not defined in policy.
[    2.606222] SELinux:  Class process2 not defined in policy.
[    2.608684] SELinux:  Permission watch in class filesystem not defined in policy.
[    2.611712] SELinux:  Permission map in class file not defined in policy.
[    2.614389] SELinux:  Permission watch in class file not defined in policy.
[    2.617087] SELinux:  Permission watch_mount in class file not defined in policy.
[    2.620048] SELinux:  Permission watch_sb in class file not defined in policy.
[    2.622916] SELinux:  Permission watch_with_perm in class file not defined in policy.
[    2.625921] SELinux:  Permission watch_reads in class file not defined in policy.
[    2.628831] SELinux:  Permission map in class dir not defined in policy.
[    2.631549] SELinux:  Permission watch in class dir not defined in policy.
[    2.634216] SELinux:  Permission watch_mount in class dir not defined in policy.
[    2.637072] SELinux:  Permission watch_sb in class dir not defined in policy.
[    2.639957] SELinux:  Permission watch_with_perm in class dir not defined in policy.
[    2.642966] SELinux:  Permission watch_reads in class dir not defined in policy.
[    2.645810] SELinux:  Permission map in class lnk_file not defined in policy.
[    2.648668] SELinux:  Permission watch in class lnk_file not defined in policy.
[    2.651596] SELinux:  Permission watch_mount in class lnk_file not defined in policy.
[    2.654683] SELinux:  Permission watch_sb in class lnk_file not defined in policy.
[    2.657604] SELinux:  Permission watch_with_perm in class lnk_file not defined in policy.
[    2.660864] SELinux:  Permission watch_reads in class lnk_file not defined in policy.
[    2.663892] SELinux:  Permission map in class chr_file not defined in policy.
[    2.666704] SELinux:  Permission watch in class chr_file not defined in policy.
[    2.669525] SELinux:  Permission watch_mount in class chr_file not defined in policy.
[    2.672620] SELinux:  Permission watch_sb in class chr_file not defined in policy.
[    2.675588] SELinux:  Permission watch_with_perm in class chr_file not defined in policy.
[    2.678758] SELinux:  Permission watch_reads in class chr_file not defined in policy.
[    2.681904] SELinux:  Permission map in class blk_file not defined in policy.
[    2.684712] SELinux:  Permission watch in class blk_file not defined in policy.
[    2.687571] SELinux:  Permission watch_mount in class blk_file not defined in policy.
[    2.690646] SELinux:  Permission watch_sb in class blk_file not defined in policy.
[    2.693647] SELinux:  Permission watch_with_perm in class blk_file not defined in policy.
[    2.696813] SELinux:  Permission watch_reads in class blk_file not defined in policy.
[    2.699955] SELinux:  Permission map in class sock_file not defined in policy.
[    2.702846] SELinux:  Permission watch in class sock_file not defined in policy.
[    2.705734] SELinux:  Permission watch_mount in class sock_file not defined in policy.
[    2.708843] SELinux:  Permission watch_sb in class sock_file not defined in policy.
[    2.711913] SELinux:  Permission watch_with_perm in class sock_file not defined in policy.
[    2.715128] SELinux:  Permission watch_reads in class sock_file not defined in policy.
[    2.718221] SELinux:  Permission map in class fifo_file not defined in policy.
[    2.721130] SELinux:  Permission watch in class fifo_file not defined in policy.
[    2.724027] SELinux:  Permission watch_mount in class fifo_file not defined in policy.
[    2.727114] SELinux:  Permission watch_sb in class fifo_file not defined in policy.
[    2.730130] SELinux:  Permission watch_with_perm in class fifo_file not defined in policy.
[    2.733397] SELinux:  Permission watch_reads in class fifo_file not defined in policy.
[    2.736476] SELinux:  Permission map in class socket not defined in policy.
[    2.739232] SELinux:  Permission map in class tcp_socket not defined in policy.
[    2.742144] SELinux:  Permission map in class udp_socket not defined in policy.
[    2.744959] SELinux:  Permission map in class rawip_socket not defined in policy.
[    2.747868] SELinux:  Permission map in class netlink_socket not defined in policy.
[    2.750995] SELinux:  Permission map in class packet_socket not defined in policy.
[    2.753984] SELinux:  Permission map in class key_socket not defined in policy.
[    2.756925] SELinux:  Permission map in class unix_stream_socket not defined in policy.
[    2.760113] SELinux:  Permission map in class unix_dgram_socket not defined in policy.
[    2.763313] SELinux:  Permission map in class netlink_route_socket not defined in policy.
[    2.766492] SELinux:  Permission map in class netlink_tcpdiag_socket not defined in policy.
[    2.769694] SELinux:  Permission map in class netlink_nflog_socket not defined in policy.
[    2.772984] SELinux:  Permission map in class netlink_xfrm_socket not defined in policy.
[    2.776153] SELinux:  Permission map in class netlink_selinux_socket not defined in policy.
[    2.779436] SELinux:  Permission map in class netlink_iscsi_socket not defined in policy.
[    2.782644] SELinux:  Permission map in class netlink_audit_socket not defined in policy.
[    2.785782] SELinux:  Permission map in class netlink_fib_lookup_socket not defined in policy.
[    2.789129] SELinux:  Permission map in class netlink_connector_socket not defined in policy.
[    2.792573] SELinux:  Permission map in class netlink_netfilter_socket not defined in policy.
[    2.795898] SELinux:  Permission map in class netlink_dnrt_socket not defined in policy.
[    2.799063] SELinux:  Permission map in class netlink_kobject_uevent_socket not defined in policy.
[    2.802648] SELinux:  Permission map in class netlink_generic_socket not defined in policy.
[    2.805894] SELinux:  Permission map in class netlink_scsitransport_socket not defined in policy.
[    2.809356] SELinux:  Permission map in class netlink_rdma_socket not defined in policy.
[    2.812637] SELinux:  Permission map in class netlink_crypto_socket not defined in policy.
[    2.815891] SELinux:  Permission map in class appletalk_socket not defined in policy.
[    2.818946] SELinux:  Permission map in class dccp_socket not defined in policy.
[    2.821919] SELinux:  Permission perfmon in class capability2 not defined in policy.
[    2.824958] SELinux:  Permission bpf in class capability2 not defined in policy.
[    2.827864] SELinux:  Permission checkpoint_restore in class capability2 not defined in policy.
[    2.831335] SELinux:  Permission map in class tun_socket not defined in policy.
[    2.834173] SELinux:  Permission perfmon in class cap2_userns not defined in policy.
[    2.837159] SELinux:  Permission bpf in class cap2_userns not defined in policy.
[    2.840116] SELinux:  Permission checkpoint_restore in class cap2_userns not defined in policy.
[    2.843486] SELinux:  Class sctp_socket not defined in policy.
[    2.845743] SELinux:  Class icmp_socket not defined in policy.
[    2.848014] SELinux:  Class ax25_socket not defined in policy.
[    2.850291] SELinux:  Class ipx_socket not defined in policy.
[    2.852614] SELinux:  Class netrom_socket not defined in policy.
[    2.854983] SELinux:  Class atmpvc_socket not defined in policy.
[    2.857291] SELinux:  Class x25_socket not defined in policy.
[    2.859658] SELinux:  Class rose_socket not defined in policy.
[    2.861958] SELinux:  Class decnet_socket not defined in policy.
[    2.864342] SELinux:  Class atmsvc_socket not defined in policy.
[    2.866691] SELinux:  Class rds_socket not defined in policy.
[    2.868955] SELinux:  Class irda_socket not defined in policy.
[    2.871339] SELinux:  Class pppox_socket not defined in policy.
[    2.873621] SELinux:  Class llc_socket not defined in policy.
[    2.875934] SELinux:  Class can_socket not defined in policy.
[    2.878223] SELinux:  Class tipc_socket not defined in policy.
[    2.880563] SELinux:  Class bluetooth_socket not defined in policy.
[    2.883027] SELinux:  Class iucv_socket not defined in policy.
[    2.885313] SELinux:  Class rxrpc_socket not defined in policy.
[    2.887599] SELinux:  Class isdn_socket not defined in policy.
[    2.889846] SELinux:  Class phonet_socket not defined in policy.
[    2.892316] SELinux:  Class ieee802154_socket not defined in policy.
[    2.894827] SELinux:  Class caif_socket not defined in policy.
[    2.897138] SELinux:  Class alg_socket not defined in policy.
[    2.899465] SELinux:  Class nfc_socket not defined in policy.
[    2.901762] SELinux:  Class vsock_socket not defined in policy.
[    2.904098] SELinux:  Class kcm_socket not defined in policy.
[    2.906443] SELinux:  Class qipcrtr_socket not defined in policy.
[    2.908826] SELinux:  Class smc_socket not defined in policy.
[    2.911181] SELinux:  Class infiniband_pkey not defined in policy.
[    2.913599] SELinux:  Class infiniband_endport not defined in policy.
[    2.916143] SELinux:  Class bpf not defined in policy.
[    2.918162] SELinux:  Class xdp_socket not defined in policy.
[    2.920442] SELinux:  Class mctp_socket not defined in policy.
[    2.922787] SELinux:  Class perf_event not defined in policy.
[    2.924994] SELinux:  Class lockdown not defined in policy.
[    2.927163] SELinux:  Class anon_inode not defined in policy.
[    2.929383] SELinux: the above unknown classes and permissions will be allowed
[    2.946525] SELinux:  policy capability network_peer_controls=1
[    2.948876] SELinux:  policy capability open_perms=1
[    2.950926] SELinux:  policy capability extended_socket_class=0
[    2.953274] SELinux:  policy capability always_check_network=0
[    2.955566] SELinux:  policy capability cgroup_seclabel=0
[    2.957687] SELinux:  policy capability nnp_nosuid_transition=0
[    2.959983] SELinux:  policy capability genfs_seclabel_symlinks=0
[    2.967864] audit: type=1403 audit(1639010859.968:2): auid=4294967295 ses=4294967295 lsm=selinux res=1
[    2.972802] systemd[1]: Successfully loaded SELinux policy in 476.702ms.
[    3.010830] audit: type=1400 audit(1639010860.011:3): avc:  denied  { associate } for  pid=1 comm="systemd" name="pts" scontext=system_u:object_r:devpts_t:s0 tcontext=system_u:object_r:device_t:s0 tclass=filesystem permissive=1
[    3.022607] systemd[1]: Relabelled /dev and /run in 2.437ms.
[    3.028210] random: systemd: uninitialized urandom read (16 bytes read)
[    3.033119] systemd[1]: systemd 232 running in system mode. (+PAM +AUDIT +SELINUX +IMA +APPARMOR +SMACK +SYSVINIT +UTMP +LIBCRYPTSETUP +GCRYPT +GNUTLS +ACL +XZ +LZ4 +SECCOMP +BLKID +ELFUTILS +KMOD +IDN)
[    3.040454] systemd[1]: Detected virtualization qemu.
[    3.042587] systemd[1]: Detected architecture x86-64.

Welcome to [1mDebian GNU/Linux 9 (stretch)[0m!

[    3.048525] systemd[1]: Set hostname to <syzkaller>.
[    3.058801] random: systemd: uninitialized urandom read (16 bytes read)
[    3.070193] random: systemd: uninitialized urandom read (16 bytes read)
[    3.074133] systemd-hiberna (75) used greatest stack depth: 14144 bytes left
[    3.089797] systemd-fstab-g (74) used greatest stack depth: 13776 bytes left
[    3.112587] systemd-sysv-ge (79) used greatest stack depth: 13704 bytes left
[    3.119718] grep (84) used greatest stack depth: 13368 bytes left
[    3.186711] systemd[1]: Listening on udev Control Socket.
[[0;32m  OK  [0m] Listening on udev Control Socket.
[    3.191090] systemd[1]: Listening on udev Kernel Socket.
[[0;32m  OK  [0m] Listening on udev Kernel Socket.
[    3.195253] audit: type=1400 audit(1639010860.195:4): avc:  denied  { audit_read } for  pid=1 comm="systemd" capability=37  scontext=system_u:system_r:kernel_t:s0 tcontext=system_u:system_r:kernel_t:s0 tclass=capability2 permissive=1
[    3.203249] systemd[1]: Listening on Journal Audit Socket.
[[0;32m  OK  [0m] Listening on Journal Audit Socket.
[    3.207741] systemd[1]: Started Dispatch Password Requests to Console Directory Watch.
[[0;32m  OK  [0m] Started Dispatch Password Requests to Console Directory Watch.
[    3.213560] systemd[1]: Listening on /dev/initctl Compatibility Named Pipe.
[[0;32m  OK  [0m] Listening on /dev/initctl Compatibility Named Pipe.
[    3.219037] systemd[1]: Set up automount Arbitrary Executable File Formats File System Automount Point.
[[0;32m  OK  [0m] Set up automount Arbitrary Executabâ€¦rmats File System Automount Point.
[[0;32m  OK  [0m] Reached target Swap.
[[0;32m  OK  [0m] Reached target Remote File Systems.
[[0;32m  OK  [0m] Started Forward Password Requests to Wall Directory Watch.
[[0;32m  OK  [0m] Reached target Encrypted Volumes.
[[0;32m  OK  [0m] Reached target Paths.
[[0;32m  OK  [0m] Created slice System Slice.
         Mounting /proc/sys/fs/binfmt_misc...
[[0;32m  OK  [0m] Created slice system-serial\x2dgetty.slice.
[[0;32m  OK  [0m] Reached target Slices.
[[0;32m  OK  [0m] Created slice system-getty.slice.
         Mounting POSIX Message Queue File System...
[[0;32m  OK  [0m] Listening on Journal Socket.
         Starting Remount Root and Kernel File Systems...
         Starting Load Kernel Modules...
         Mounting /sys/kernel/debug...
         Starting Create Static Device Nodes in /dev...
[[0;32m  OK  [0m] Listening on Syslog Socket.
[[0;32m  OK  [0m] Listening on Journal Socket (/dev/log).
[[0;32m  OK  [0m] Reached target Sockets.
[    3.308473] EXT4-fs (sda): re-mounted. Opts: (null). Quota mode: none.
         Starting Journal Service...
         Mounting /sys/kernel/config...
[[0;32m  OK  [0m] Mounted POSIX Message Queue File System.
[[0;32m  OK  [0m] Mounted /sys/kernel/debug.
[[0;32m  OK  [0m] Mounted /proc/sys/fs/binfmt_misc.
[[0;32m  OK  [0m] Mounted /sys/kernel/config.
[[0;32m  OK  [0m] Started Remount Root and Kernel File Systems.
[[0;32m  OK  [0m] Started Load Kernel Modules.
[[0;32m  OK  [0m] Started Create Static Device Nodes in /dev.
         Starting udev Kernel Device Manager...
         Starting Apply Kernel Variables...
[[0;32m  OK  [0m] Reached target Local File Systems (Pre).
         Starting udev Coldplug all Devices...
         Starting Load/Save Random Seed...
[[0;32m  OK  [0m] Reached target Local File Systems.
[[0;32m  OK  [0m] Started Journal Service.
[[0;32m  OK  [0m] Started Apply Kernel Variables.
[[0;32m  OK  [0m] Started Load/Save Random Seed.
         Starting Raise network interfaces...
         Starting Flush Journal to Persistent Storage...
[    3.529724] audit: type=1107 audit(1639010860.530:5): pid=1 uid=0 auid=4294967295 ses=4294967295 subj=system_u:system_r:kernel_t:s0 msg='avc:  denied  { stop } for auid=n/a uid=0 gid=0 path="/lib/systemd/system/systemd-journald.service" cmdline="/bin/journalctl --flush" scontext=system_u:system_r:kernel_t:s0 tcontext=system_u:object_r:unlabeled_t:s0 tclass=service
[    3.529724]  exe="/lib/systemd/systemd" sauid=0 hostname=? addr=? terminal=?'
[    3.545125] systemd-journald[98]: Received request to flush runtime journal from PID 1
[    3.554797] journalctl (110) used greatest stack depth: 13128 bytes left
[[0;32m  OK  [0m] Started Flush Journal to Persistent Storage.
         Starting Create Volatile Files and Directories...
[[0;32m  OK  [0m] Started udev Kernel Device Manager.
[[0;32m  OK  [0m] Started Create Volatile Files and Directories.
         Starting Network Time Synchronization...
         Starting Update UTMP about System Boot/Shutdown...
[[0;32m  OK  [0m] Started Update UTMP about System Boot/Shutdown.
[[0;32m  OK  [0m] Started Network Time Synchronization.
[[0;32m  OK  [0m] Reached target System Time Synchronized.
[[0;32m  OK  [0m] Started udev Coldplug all Devices.
[[0;32m  OK  [0m] Reached target System Initialization.
[[0;32m  OK  [0m] Reached target Basic System.
         Starting getty on tty2-tty6 if dbus and logind are not available...
[[0;32m  OK  [0m] Started Daily apt download activities.[    3.848778] random: crng init done
[    3.849554] random: 7 urandom warning(s) missed due to ratelimiting

[[0;32m  OK  [0m] Started Regular background program processing daemon.
[[0;32m  OK  [0m] Started Daily Cleanup of Temporary Directories.
         Starting System Logging Service...
[[0;32m  OK  [0m] Started Daily apt upgrade and clean activities.
[[0;32m  OK  [0m] Reached target Timers.
[[0;32m  OK  [0m] Found device /dev/ttyS0.
[    4.010039] audit: type=1107 audit(1639010861.010:6): pid=1 uid=0 auid=4294967295 ses=4294967295 subj=system_u:system_r:kernel_t:s0 msg='avc:  denied  { start } for auid=n/a uid=0 gid=0 path="/lib/systemd/system/getty@.service" cmdline="/bin/systemctl --no-block start getty@tty2.service getty@tty3.service getty@tty4.service getty@tty5.service getty@tty6.service" scontext=system_u:system_r:kernel_t:s0 tcontext=system_u:object_r:unlabeled_t:s0 tclass=service
[    4.010039]  exe="/lib/systemd/systemd" sauid=0 hostname=? addr=? terminal=?'
[[0;32m  OK  [0m] Started System Logging Service.
[[0;32m  OK  [0m] Started getty on tty2-tty6 if dbus and logind are not available.
[[0;32m  OK  [0m] Listening on Load/Save RF Kill Switch Status /dev/rfkill Watch.
[    4.071991] audit: type=1107 audit(1639010861.036:7): pid=1 uid=0 auid=4294967295 ses=4294967295 subj=system_u:system_r:kernel_t:s0 msg='avc:  denied  { status } for auid=n/a uid=0 gid=0 path="/lib/systemd/system/getty@.service" cmdline="/bin/systemctl --no-block start getty@tty2.service getty@tty3.service getty@tty4.service getty@tty5.service getty@tty6.service" scontext=system_u:system_r:kernel_t:s0 tcontext=system_u:object_r:unlabeled_t:s0 tclass=service
[    4.071991]  exe="/lib/systemd/systemd" sauid=0 hostname=? addr=? terminal=?'
[    4.132766] e1000: eth0 NIC Link is Up 1000 Mbps Full Duplex, Flow Control: RX
[    4.138625] IPv6: ADDRCONF(NETDEV_CHANGE): eth0: link becomes ready
[    4.141325] ip (192) used greatest stack depth: 12312 bytes left
[[0;32m  OK  [0m] Started Raise network interfaces.
[[0;32m  OK  [0m] Reached target Network.
         Starting Permit User Sessions...
         Starting OpenBSD Secure Shell server...
[[0;32m  OK  [0m] Started Permit User Sessions.
[[0;32m  OK  [0m] Started Getty on tty5.
[[0;32m  OK  [0m] Started Getty on tty2.
[[0;32m  OK  [0m] Started Getty on tty6.
[[0;32m  OK  [0m] Started Getty on tty3.
[[0;32m  OK  [0m] Started Serial Getty on ttyS0.
[[0;32m  OK  [0m] Started Getty on tty1.
[[0;32m  OK  [0m] Started Getty on tty4.
[[0;32m  OK  [0m] Reached target Login Prompts.
[[0;32m  OK  [0m] Started OpenBSD Secure Shell server.
[[0;32m  OK  [0m] Reached target Multi-User System.
[[0;32m  OK  [0m] Reached target Graphical Interface.
         Starting Update UTMP about System Runlevel Changes...
[[0;32m  OK  [0m] Started Update UTMP about System Runlevel Changes.

Debian GNU/Linux 9 syzkaller ttyS0

syzkaller login: root
Unable to get valid context for root
Last login: Thu Dec  9 00:41:49 UTC 2021 from 10.0.2.10 on pts/1
Linux syzkaller 5.14.0-rc7-mm1+ #1 SMP Tue Dec 7 18:49:28 UTC 2021 x86_64

The programs included with the Debian GNU/Linux system are free software;
the exact distribution terms for each program are described in the
individual files in /usr/share/doc/*/copyright.

Debian GNU/Linux comes with ABSOLUTELY NO WARRANTY, to the extent
permitted by applicable law.
[0;31mroot[0;31m@[34;1msyzkaller[0m:[0;33m~[0m[0;31m # [0mcd kmv[K[K[K[K[K[K./simple
Finally touched this part ---  **** --- 
hello [0;31mroot[0;31m@[34;1msyzkaller[0m:[0;33m~[0m[0;31m # [0m